Archive member included because of file (symbol)

c:/stm32toolchain/gnu-arm/4.8-2014q3/bin/../lib/gcc/arm-none-eabi/4.8.4/../../../../arm-none-eabi/lib/armv7e-m/fpu\libm.a(lib_a-s_atan.o)
                              ./src/Devices/ADXL335.o (atan)
c:/stm32toolchain/gnu-arm/4.8-2014q3/bin/../lib/gcc/arm-none-eabi/4.8.4/../../../../arm-none-eabi/lib/armv7e-m/fpu\libm.a(lib_a-s_fabs.o)
                              c:/stm32toolchain/gnu-arm/4.8-2014q3/bin/../lib/gcc/arm-none-eabi/4.8.4/../../../../arm-none-eabi/lib/armv7e-m/fpu\libm.a(lib_a-s_atan.o) (fabs)
c:/stm32toolchain/gnu-arm/4.8-2014q3/bin/../lib/gcc/arm-none-eabi/4.8.4/armv7e-m/fpu\libgcc.a(_arm_addsubdf3.o)
                              ./src/Devices/ADXL335.o (__aeabi_dsub)
c:/stm32toolchain/gnu-arm/4.8-2014q3/bin/../lib/gcc/arm-none-eabi/4.8.4/armv7e-m/fpu\libgcc.a(_arm_muldivdf3.o)
                              ./src/Devices/ADXL335.o (__aeabi_dmul)
c:/stm32toolchain/gnu-arm/4.8-2014q3/bin/../lib/gcc/arm-none-eabi/4.8.4/armv7e-m/fpu\libgcc.a(_arm_cmpdf2.o)
                              c:/stm32toolchain/gnu-arm/4.8-2014q3/bin/../lib/gcc/arm-none-eabi/4.8.4/../../../../arm-none-eabi/lib/armv7e-m/fpu\libm.a(lib_a-s_atan.o) (__aeabi_dcmpgt)
c:/stm32toolchain/gnu-arm/4.8-2014q3/bin/../lib/gcc/arm-none-eabi/4.8.4/armv7e-m/fpu\libgcc.a(_arm_fixunsdfsi.o)
                              ./src/Devices/tmp006.o (__aeabi_d2uiz)
c:/stm32toolchain/gnu-arm/4.8-2014q3/bin/../lib/gcc/arm-none-eabi/4.8.4/armv7e-m/fpu\libgcc.a(unwind-arm.o)
                              ./system/src/newlib/_cxx.o (__aeabi_unwind_cpp_pr1)
c:/stm32toolchain/gnu-arm/4.8-2014q3/bin/../lib/gcc/arm-none-eabi/4.8.4/armv7e-m/fpu\libgcc.a(libunwind.o)
                              c:/stm32toolchain/gnu-arm/4.8-2014q3/bin/../lib/gcc/arm-none-eabi/4.8.4/armv7e-m/fpu\libgcc.a(unwind-arm.o) (restore_core_regs)
c:/stm32toolchain/gnu-arm/4.8-2014q3/bin/../lib/gcc/arm-none-eabi/4.8.4/armv7e-m/fpu\libgcc.a(pr-support.o)
                              c:/stm32toolchain/gnu-arm/4.8-2014q3/bin/../lib/gcc/arm-none-eabi/4.8.4/armv7e-m/fpu\libgcc.a(unwind-arm.o) (__gnu_unwind_execute)
c:/stm32toolchain/gnu-arm/4.8-2014q3/bin/../lib/gcc/arm-none-eabi/4.8.4/../../../../arm-none-eabi/lib/armv7e-m/fpu\libg_s.a(lib_a-errno.o)
                              ./system/src/newlib/_sbrk.o (__errno)
c:/stm32toolchain/gnu-arm/4.8-2014q3/bin/../lib/gcc/arm-none-eabi/4.8.4/../../../../arm-none-eabi/lib/armv7e-m/fpu\libg_s.a(lib_a-impure.o)
                              c:/stm32toolchain/gnu-arm/4.8-2014q3/bin/../lib/gcc/arm-none-eabi/4.8.4/../../../../arm-none-eabi/lib/armv7e-m/fpu\libg_s.a(lib_a-errno.o) (_impure_ptr)
c:/stm32toolchain/gnu-arm/4.8-2014q3/bin/../lib/gcc/arm-none-eabi/4.8.4/../../../../arm-none-eabi/lib/armv7e-m/fpu\libg_s.a(lib_a-init.o)
                              ./system/src/cmsis/startup_stm32f411xe.o (__libc_init_array)
c:/stm32toolchain/gnu-arm/4.8-2014q3/bin/../lib/gcc/arm-none-eabi/4.8.4/../../../../arm-none-eabi/lib/armv7e-m/fpu\libg_s.a(lib_a-memcpy-stub.o)
                              ./system/src/FreeRTOS/queue.o (memcpy)
c:/stm32toolchain/gnu-arm/4.8-2014q3/bin/../lib/gcc/arm-none-eabi/4.8.4/../../../../arm-none-eabi/lib/armv7e-m/fpu\libg_s.a(lib_a-memset.o)
                              ./system/src/FreeRTOS/cmsis_os.o (memset)
c:/stm32toolchain/gnu-arm/4.8-2014q3/bin/../lib/gcc/arm-none-eabi/4.8.4/../../../../arm-none-eabi/lib/armv7e-m/fpu\libg_s.a(lib_a-snprintf.o)
                              ./src/main.o (snprintf)
c:/stm32toolchain/gnu-arm/4.8-2014q3/bin/../lib/gcc/arm-none-eabi/4.8.4/../../../../arm-none-eabi/lib/armv7e-m/fpu\libg_s.a(lib_a-strlen.o)
                              ./system/src/diag/Trace.o (strlen)
c:/stm32toolchain/gnu-arm/4.8-2014q3/bin/../lib/gcc/arm-none-eabi/4.8.4/../../../../arm-none-eabi/lib/armv7e-m/fpu\libg_s.a(lib_a-svfprintf.o)
                              c:/stm32toolchain/gnu-arm/4.8-2014q3/bin/../lib/gcc/arm-none-eabi/4.8.4/../../../../arm-none-eabi/lib/armv7e-m/fpu\libg_s.a(lib_a-snprintf.o) (_svfprintf_r)
c:/stm32toolchain/gnu-arm/4.8-2014q3/bin/../lib/gcc/arm-none-eabi/4.8.4/../../../../arm-none-eabi/lib/armv7e-m/fpu\libg_s.a(lib_a-vfprintf_i.o)
                              c:/stm32toolchain/gnu-arm/4.8-2014q3/bin/../lib/gcc/arm-none-eabi/4.8.4/../../../../arm-none-eabi/lib/armv7e-m/fpu\libg_s.a(lib_a-svfprintf.o) (_printf_i)
c:/stm32toolchain/gnu-arm/4.8-2014q3/bin/../lib/gcc/arm-none-eabi/4.8.4/../../../../arm-none-eabi/lib/armv7e-m/fpu\libg_s.a(lib_a-vsnprintf.o)
                              ./system/src/diag/Trace.o (vsnprintf)
c:/stm32toolchain/gnu-arm/4.8-2014q3/bin/../lib/gcc/arm-none-eabi/4.8.4/../../../../arm-none-eabi/lib/armv7e-m/fpu\libg_s.a(lib_a-memchr-stub.o)
                              c:/stm32toolchain/gnu-arm/4.8-2014q3/bin/../lib/gcc/arm-none-eabi/4.8.4/../../../../arm-none-eabi/lib/armv7e-m/fpu\libg_s.a(lib_a-svfprintf.o) (memchr)
[...]
Memory Configuration

Name             Origin             Length             Attributes
FLASH            0x08000000         0x00080000         xr
RAM              0x20000000         0x00020000         xrw
CCMRAM           0x10000000         0x00000000         xrw
FLASHB1          0x00000000         0x00000000         xr
EXTMEMB0         0x00000000         0x00000000         xr
EXTMEMB1         0x00000000         0x00000000         xr
EXTMEMB2         0x00000000         0x00000000         xr
EXTMEMB3         0x00000000         0x00000000         xr
*default*        0x00000000         0xffffffff

Linker script and memory map

LOAD ./system/src/stm32f4xx/stm32f4xx_hal.o
LOAD ./system/src/stm32f4xx/stm32f4xx_hal_adc.o
LOAD ./system/src/stm32f4xx/stm32f4xx_hal_adc_ex.o
LOAD ./system/src/stm32f4xx/stm32f4xx_hal_can.o
LOAD ./system/src/stm32f4xx/stm32f4xx_hal_cec.o
LOAD ./system/src/stm32f4xx/stm32f4xx_hal_cortex.o
LOAD ./system/src/stm32f4xx/stm32f4xx_hal_crc.o
LOAD ./system/src/stm32f4xx/stm32f4xx_hal_cryp.o
LOAD ./system/src/stm32f4xx/stm32f4xx_hal_cryp_ex.o
LOAD ./system/src/stm32f4xx/stm32f4xx_hal_dac.o
LOAD ./system/src/stm32f4xx/stm32f4xx_hal_dac_ex.o
LOAD ./system/src/stm32f4xx/stm32f4xx_hal_dcmi.o
LOAD ./system/src/stm32f4xx/stm32f4xx_hal_dcmi_ex.o
LOAD ./system/src/stm32f4xx/stm32f4xx_hal_dma.o
LOAD ./system/src/stm32f4xx/stm32f4xx_hal_dma2d.o
LOAD ./system/src/stm32f4xx/stm32f4xx_hal_dma_ex.o
LOAD ./system/src/stm32f4xx/stm32f4xx_hal_eth.o
LOAD ./system/src/stm32f4xx/stm32f4xx_hal_flash.o
LOAD ./system/src/stm32f4xx/stm32f4xx_hal_flash_ex.o
LOAD ./system/src/stm32f4xx/stm32f4xx_hal_flash_ramfunc.o
LOAD ./system/src/stm32f4xx/stm32f4xx_hal_fmpi2c.o
LOAD ./system/src/stm32f4xx/stm32f4xx_hal_fmpi2c_ex.o
LOAD ./system/src/stm32f4xx/stm32f4xx_hal_gpio.o
LOAD ./system/src/stm32f4xx/stm32f4xx_hal_hash.o
LOAD ./system/src/stm32f4xx/stm32f4xx_hal_hash_ex.o
LOAD ./system/src/stm32f4xx/stm32f4xx_hal_hcd.o
LOAD ./system/src/stm32f4xx/stm32f4xx_hal_i2c.o
LOAD ./system/src/stm32f4xx/stm32f4xx_hal_i2c_ex.o
LOAD ./system/src/stm32f4xx/stm32f4xx_hal_i2s.o
LOAD ./system/src/stm32f4xx/stm32f4xx_hal_i2s_ex.o
LOAD ./system/src/stm32f4xx/stm32f4xx_hal_irda.o
LOAD ./system/src/stm32f4xx/stm32f4xx_hal_iwdg.o
LOAD ./system/src/stm32f4xx/stm32f4xx_hal_ltdc.o
LOAD ./system/src/stm32f4xx/stm32f4xx_hal_nand.o
LOAD ./system/src/stm32f4xx/stm32f4xx_hal_nor.o
LOAD ./system/src/stm32f4xx/stm32f4xx_hal_pccard.o
LOAD ./system/src/stm32f4xx/stm32f4xx_hal_pcd.o
LOAD ./system/src/stm32f4xx/stm32f4xx_hal_pcd_ex.o
LOAD ./system/src/stm32f4xx/stm32f4xx_hal_pwr.o
LOAD ./system/src/stm32f4xx/stm32f4xx_hal_pwr_ex.o
LOAD ./system/src/stm32f4xx/stm32f4xx_hal_qspi.o
LOAD ./system/src/stm32f4xx/stm32f4xx_hal_rcc.o
LOAD ./system/src/stm32f4xx/stm32f4xx_hal_rcc_ex.o
LOAD ./system/src/stm32f4xx/stm32f4xx_hal_rng.o
LOAD ./system/src/stm32f4xx/stm32f4xx_hal_rtc.o
LOAD ./system/src/stm32f4xx/stm32f4xx_hal_rtc_ex.o
LOAD ./system/src/stm32f4xx/stm32f4xx_hal_sai.o
LOAD ./system/src/stm32f4xx/stm32f4xx_hal_sai_ex.o
LOAD ./system/src/stm32f4xx/stm32f4xx_hal_sd.o
LOAD ./system/src/stm32f4xx/stm32f4xx_hal_sdram.o
LOAD ./system/src/stm32f4xx/stm32f4xx_hal_smartcard.o
LOAD ./system/src/stm32f4xx/stm32f4xx_hal_spdifrx.o
LOAD ./system/src/stm32f4xx/stm32f4xx_hal_spi.o
LOAD ./system/src/stm32f4xx/stm32f4xx_hal_sram.o
LOAD ./system/src/stm32f4xx/stm32f4xx_hal_tim.o
LOAD ./system/src/stm32f4xx/stm32f4xx_hal_tim_ex.o
LOAD ./system/src/stm32f4xx/stm32f4xx_hal_uart.o
LOAD ./system/src/stm32f4xx/stm32f4xx_hal_usart.o
LOAD ./system/src/stm32f4xx/stm32f4xx_hal_wwdg.o
LOAD ./system/src/stm32f4xx/stm32f4xx_ll_fmc.o
LOAD ./system/src/stm32f4xx/stm32f4xx_ll_fsmc.o
LOAD ./system/src/stm32f4xx/stm32f4xx_ll_sdmmc.o
LOAD ./system/src/stm32f4xx/stm32f4xx_ll_usb.o
LOAD ./system/src/newlib/_cxx.o
LOAD ./system/src/newlib/_exit.o
LOAD ./system/src/newlib/_sbrk.o
LOAD ./system/src/newlib/_startup.o
LOAD ./system/src/newlib/_syscalls.o
LOAD ./system/src/newlib/assert.o
LOAD ./system/src/diag/Trace.o
LOAD ./system/src/diag/trace_impl.o
LOAD ./system/src/cortexm/_initialize_hardware.o
LOAD ./system/src/cortexm/_reset_hardware.o
LOAD ./system/src/cortexm/exception_handlers.o
LOAD ./system/src/cmsis/startup_stm32f411xe.o
LOAD ./system/src/cmsis/system_stm32f4xx.o
LOAD ./system/src/FreeRTOS/cmsis_os.o
LOAD ./system/src/FreeRTOS/croutine.o
LOAD ./system/src/FreeRTOS/event_groups.o
LOAD ./system/src/FreeRTOS/heap_2.o
LOAD ./system/src/FreeRTOS/list.o
LOAD ./system/src/FreeRTOS/port.o
LOAD ./system/src/FreeRTOS/queue.o
LOAD ./system/src/FreeRTOS/tasks.o
LOAD ./system/src/FreeRTOS/timers.o
LOAD ./src/Devices/ADXL335.o
LOAD ./src/Devices/tmp006.o
LOAD ./src/_write.o
LOAD ./src/freertos.o
LOAD ./src/main.o
LOAD ./src/stm32f4xx_hal_msp.o
LOAD ./src/stm32f4xx_it.o
LOAD c:/stm32toolchain/gnu-arm/4.8-2014q3/bin/../lib/gcc/arm-none-eabi/4.8.4/../../../../arm-none-eabi/lib/armv7e-m/fpu\libstdc++_s.a
LOAD c:/stm32toolchain/gnu-arm/4.8-2014q3/bin/../lib/gcc/arm-none-eabi/4.8.4/../../../../arm-none-eabi/lib/armv7e-m/fpu\libm.a
START GROUP
LOAD c:/stm32toolchain/gnu-arm/4.8-2014q3/bin/../lib/gcc/arm-none-eabi/4.8.4/armv7e-m/fpu\libgcc.a
LOAD c:/stm32toolchain/gnu-arm/4.8-2014q3/bin/../lib/gcc/arm-none-eabi/4.8.4/../../../../arm-none-eabi/lib/armv7e-m/fpu\libg_s.a
LOAD c:/stm32toolchain/gnu-arm/4.8-2014q3/bin/../lib/gcc/arm-none-eabi/4.8.4/../../../../arm-none-eabi/lib/armv7e-m/fpu\libc_s.a
END GROUP
START GROUP
LOAD c:/stm32toolchain/gnu-arm/4.8-2014q3/bin/../lib/gcc/arm-none-eabi/4.8.4/armv7e-m/fpu\libgcc.a
LOAD c:/stm32toolchain/gnu-arm/4.8-2014q3/bin/../lib/gcc/arm-none-eabi/4.8.4/../../../../arm-none-eabi/lib/armv7e-m/fpu\libc_s.a
END GROUP
                0x20020000                __stack = (ORIGIN (RAM) + 0x20000)
                0x20020000                _estack = __stack
                0x00000400                __Main_Stack_Size = 0x400
                0x00000400                PROVIDE (_Main_Stack_Size, __Main_Stack_Size)
                0x2001fc00                __Main_Stack_Limit = (__stack - __Main_Stack_Size)
                0x2001fc00                PROVIDE (_Main_Stack_Limit, __Main_Stack_Limit)
                0x00000100                _Minimum_Stack_Size = 0x100
                0x20003fe8                PROVIDE (_Heap_Begin, _end_noinit)
                0x2001fc00                PROVIDE (_Heap_Limit, (__stack - __Main_Stack_Size))

.isr_vector     0x08000000      0x3b0
 FILL mask 0xff
                0x08000000                __vectors_start = ABSOLUTE (.)
                0x08000000                __vectors_start__ = ABSOLUTE (.)
 *(.isr_vector)
 .isr_vector    0x08000000      0x198 ./system/src/cmsis/startup_stm32f411xe.o
                0x08000000                g_pfnVectors
 *(.cfmconfig)
 *(.after_vectors .after_vectors.*)
 .after_vectors
                0x08000198      0x114 ./system/src/newlib/_startup.o
                0x08000198                _start
 .after_vectors
                0x080002ac      0x104 ./system/src/cortexm/exception_handlers.o
                0x080002ac                Reset_Handler
                0x080002b4                NMI_Handler
                0x080002b8                HardFault_Handler
                0x080002cc                HardFault_Handler_C
                0x08000300                MemManage_Handler
                0x08000304                BusFault_Handler
                0x08000318                BusFault_Handler_C
                0x0800034c                UsageFault_Handler
                0x08000360                UsageFault_Handler_C
                0x08000398                DebugMon_Handler

.inits          0x080003b0       0x28
                0x080003b0                __data_regions_array_start = .
                0x080003b0        0x4 LONG 0x8004590 LOADADDR (.data)
                0x080003b4        0x4 LONG 0x20000000 ADDR (.data)
                0x080003b8        0x4 LONG 0x20000080 (ADDR (.data) + SIZEOF (.data))
                0x080003bc        0x4 LONG 0x8004590 LOADADDR (.data_CCMRAM)
                0x080003c0        0x4 LONG 0x10000000 ADDR (.data_CCMRAM)
                0x080003c4        0x4 LONG 0x10000000 (ADDR (.data_CCMRAM) + SIZEOF (.data_CCMRAM))
                0x080003c8                __data_regions_array_end = .
                0x080003c8                __bss_regions_array_start = .
                0x080003c8        0x4 LONG 0x20000080 ADDR (.bss)
                0x080003cc        0x4 LONG 0x20003fe8 (ADDR (.bss) + SIZEOF (.bss))
                0x080003d0        0x4 LONG 0x10000000 ADDR (.bss_CCMRAM)
                0x080003d4        0x4 LONG 0x10000000 (ADDR (.bss_CCMRAM) + SIZEOF (.bss_CCMRAM))
                0x080003d8                __bss_regions_array_end = .
 *(.init)
 *(.fini)
                0x080003d8                . = ALIGN (0x4)
                0x080003d8                PROVIDE (__preinit_array_start, .)
 *(.preinit_array_sysinit .preinit_array_sysinit.*)
 *(.preinit_array_platform .preinit_array_platform.*)
 *(.preinit_array .preinit_array.*)
                0x080003d8                PROVIDE (__preinit_array_end, .)
                0x080003d8                . = ALIGN (0x4)
                0x080003d8                PROVIDE (__init_array_start, .)
 *(SORT(.init_array.*))
 *(.init_array)
                0x080003d8                PROVIDE (__init_array_end, .)
                0x080003d8                . = ALIGN (0x4)
                0x080003d8                PROVIDE (__fini_array_start, .)
 *(SORT(.fini_array.*))
 *(.fini_array)
                0x080003d8                PROVIDE (__fini_array_end, .)

.flashtext
 *(.flashtext .flashtext.*)

.text           0x080003d8     0x41b5
 *(.text .text.*)
 .text.HAL_InitTick
                0x080003d8       0x28 ./system/src/stm32f4xx/stm32f4xx_hal.o
                0x080003d8                HAL_InitTick
 .text.HAL_Init
                0x08000400       0x34 ./system/src/stm32f4xx/stm32f4xx_hal.o
                0x08000400                HAL_Init
 .text.HAL_IncTick
                0x08000434       0x10 ./system/src/stm32f4xx/stm32f4xx_hal.o
                0x08000434                HAL_IncTick
 .text.HAL_GetTick
                0x08000444        0xc ./system/src/stm32f4xx/stm32f4xx_hal.o
                0x08000444                HAL_GetTick
 .text.HAL_Delay
                0x08000450       0x1c ./system/src/stm32f4xx/stm32f4xx_hal.o
                0x08000450                HAL_Delay
 .text.ADC_Init
                0x0800046c      0x140 ./system/src/stm32f4xx/stm32f4xx_hal_adc.o
 .text.HAL_ADC_Init
                0x080005ac       0x3c ./system/src/stm32f4xx/stm32f4xx_hal_adc.o
                0x080005ac                HAL_ADC_Init
 .text.HAL_ADC_ConfigChannel
                0x080005e8      0x184 ./system/src/stm32f4xx/stm32f4xx_hal_adc.o
                0x080005e8                HAL_ADC_ConfigChannel
 .text.HAL_NVIC_SetPriorityGrouping
                0x0800076c       0x24 ./system/src/stm32f4xx/stm32f4xx_hal_cortex.o
                0x0800076c                HAL_NVIC_SetPriorityGrouping
 .text.HAL_NVIC_SetPriority
                0x08000790       0x64 ./system/src/stm32f4xx/stm32f4xx_hal_cortex.o
                0x08000790                HAL_NVIC_SetPriority
 .text.HAL_NVIC_EnableIRQ
                0x080007f4       0x18 ./system/src/stm32f4xx/stm32f4xx_hal_cortex.o
                0x080007f4                HAL_NVIC_EnableIRQ
 .text.HAL_SYSTICK_Config
                0x0800080c       0x2c ./system/src/stm32f4xx/stm32f4xx_hal_cortex.o
                0x0800080c                HAL_SYSTICK_Config
 .text.HAL_SYSTICK_CLKSourceConfig
                0x08000838       0x20 ./system/src/stm32f4xx/stm32f4xx_hal_cortex.o
                0x08000838                HAL_SYSTICK_CLKSourceConfig
 .text.HAL_GPIO_Init
                0x08000858      0x1b0 ./system/src/stm32f4xx/stm32f4xx_hal_gpio.o
                0x08000858                HAL_GPIO_Init
 .text.HAL_GPIO_ReadPin
                0x08000a08       0x10 ./system/src/stm32f4xx/stm32f4xx_hal_gpio.o
                0x08000a08                HAL_GPIO_ReadPin
 .text.HAL_GPIO_WritePin
                0x08000a18        0xc ./system/src/stm32f4xx/stm32f4xx_hal_gpio.o
                0x08000a18                HAL_GPIO_WritePin
 .text.HAL_GPIO_TogglePin
                0x08000a24        0x8 ./system/src/stm32f4xx/stm32f4xx_hal_gpio.o
                0x08000a24                HAL_GPIO_TogglePin
 .text.HAL_GPIO_EXTI_Callback
                0x08000a2c        0x4 ./system/src/stm32f4xx/stm32f4xx_hal_gpio.o
                0x08000a2c                HAL_GPIO_EXTI_Callback
 .text.HAL_GPIO_EXTI_IRQHandler
                0x08000a30       0x18 ./system/src/stm32f4xx/stm32f4xx_hal_gpio.o
                0x08000a30                HAL_GPIO_EXTI_IRQHandler
 .text.HAL_I2C_Init
                0x08000a48      0x118 ./system/src/stm32f4xx/stm32f4xx_hal_i2c.o
                0x08000a48                HAL_I2C_Init
 .text.HAL_RCC_OscConfig
                0x08000b60      0x3d4 ./system/src/stm32f4xx/stm32f4xx_hal_rcc.o
                0x08000b60                HAL_RCC_OscConfig
 .text.HAL_RCC_ClockConfig
                0x08000f34      0x268 ./system/src/stm32f4xx/stm32f4xx_hal_rcc.o
                0x08000f34                HAL_RCC_ClockConfig
 .text.HAL_RCC_GetSysClockFreq
                0x0800119c       0xa0 ./system/src/stm32f4xx/stm32f4xx_hal_rcc.o
                0x0800119c                HAL_RCC_GetSysClockFreq
 .text.HAL_RCC_GetHCLKFreq
                0x0800123c       0x38 ./system/src/stm32f4xx/stm32f4xx_hal_rcc.o
                0x0800123c                HAL_RCC_GetHCLKFreq
 .text.HAL_RCC_GetPCLK1Freq
                0x08001274       0x30 ./system/src/stm32f4xx/stm32f4xx_hal_rcc.o
                0x08001274                HAL_RCC_GetPCLK1Freq
 .text.HAL_RCC_GetPCLK2Freq
                0x080012a4       0x30 ./system/src/stm32f4xx/stm32f4xx_hal_rcc.o
                0x080012a4                HAL_RCC_GetPCLK2Freq
 .text.HAL_SPI_Init
                0x080012d4       0x84 ./system/src/stm32f4xx/stm32f4xx_hal_spi.o
                0x080012d4                HAL_SPI_Init
 .text.UART_SetConfig
                0x08001358      0x220 ./system/src/stm32f4xx/stm32f4xx_hal_uart.o
 .text.UART_WaitOnFlagUntilTimeout
                0x08001578       0xd4 ./system/src/stm32f4xx/stm32f4xx_hal_uart.o
 .text.HAL_UART_Init
                0x0800164c       0x60 ./system/src/stm32f4xx/stm32f4xx_hal_uart.o
                0x0800164c                HAL_UART_Init
 .text.HAL_UART_Transmit
                0x080016ac       0xe8 ./system/src/stm32f4xx/stm32f4xx_hal_uart.o
                0x080016ac                HAL_UART_Transmit
 .text._exit    0x08001794        0x4 ./system/src/newlib/_exit.o
                0x08001794                _exit
 .text._sbrk    0x08001798       0x44 ./system/src/newlib/_sbrk.o
                0x08001798                _sbrk
 .text.__initialize_args
                0x080017dc       0x10 ./system/src/newlib/_syscalls.o
                0x080017dc                __initialize_args
 .text.trace_printf
                0x080017ec       0x34 ./system/src/diag/Trace.o
                0x080017ec                trace_printf
 .text.trace_write
                0x08001820        0x8 ./system/src/diag/trace_impl.o
                0x08001820                trace_write
 .text.__initialize_hardware_early
                0x08001828       0x1c ./system/src/cortexm/_initialize_hardware.o
                0x08001828                __initialize_hardware_early
 .text.__initialize_hardware
                0x08001844        0x8 ./system/src/cortexm/_initialize_hardware.o
                0x08001844                __initialize_hardware
 .text.dumpExceptionStack
                0x0800184c       0xf0 ./system/src/cortexm/exception_handlers.o
                0x0800184c                dumpExceptionStack
 .text.Default_Handler
                0x0800193c        0x4 ./system/src/cmsis/startup_stm32f411xe.o
                0x0800193c                RTC_Alarm_IRQHandler
                0x0800193c                EXTI2_IRQHandler
                0x0800193c                SPI4_IRQHandler
                0x0800193c                TIM1_CC_IRQHandler
                0x0800193c                DMA2_Stream5_IRQHandler
                0x0800193c                DMA1_Stream5_IRQHandler
                0x0800193c                PVD_IRQHandler
                0x0800193c                SDIO_IRQHandler
                0x0800193c                TAMP_STAMP_IRQHandler
                0x0800193c                EXTI3_IRQHandler
                0x0800193c                TIM1_UP_TIM10_IRQHandler
                0x0800193c                I2C3_ER_IRQHandler
                0x0800193c                EXTI0_IRQHandler
                0x0800193c                I2C2_EV_IRQHandler
                0x0800193c                DMA1_Stream2_IRQHandler
                0x0800193c                FPU_IRQHandler
                0x0800193c                DMA2_Stream2_IRQHandler
                0x0800193c                SPI1_IRQHandler
                0x0800193c                TIM1_BRK_TIM9_IRQHandler
                0x0800193c                DMA2_Stream3_IRQHandler
                0x0800193c                USART6_IRQHandler
                0x0800193c                DMA2_Stream0_IRQHandler
                0x0800193c                TIM4_IRQHandler
                0x0800193c                I2C1_EV_IRQHandler
                0x0800193c                DMA1_Stream6_IRQHandler
                0x0800193c                DMA1_Stream1_IRQHandler
                0x0800193c                TIM3_IRQHandler
                0x0800193c                RCC_IRQHandler
                0x0800193c                Default_Handler
                0x0800193c                ADC_IRQHandler
                0x0800193c                DMA1_Stream7_IRQHandler
                0x0800193c                SPI5_IRQHandler
                0x0800193c                TIM5_IRQHandler
                0x0800193c                DMA2_Stream7_IRQHandler
                0x0800193c                I2C3_EV_IRQHandler
                0x0800193c                EXTI9_5_IRQHandler
                0x0800193c                RTC_WKUP_IRQHandler
                0x0800193c                SPI2_IRQHandler
                0x0800193c                DMA1_Stream0_IRQHandler
                0x0800193c                EXTI4_IRQHandler
                0x0800193c                WWDG_IRQHandler
                0x0800193c                TIM2_IRQHandler
                0x0800193c                OTG_FS_WKUP_IRQHandler
                0x0800193c                TIM1_TRG_COM_TIM11_IRQHandler
                0x0800193c                EXTI1_IRQHandler
                0x0800193c                USART2_IRQHandler
                0x0800193c                I2C2_ER_IRQHandler
                0x0800193c                DMA2_Stream1_IRQHandler
                0x0800193c                FLASH_IRQHandler
                0x0800193c                DMA2_Stream4_IRQHandler
                0x0800193c                USART1_IRQHandler
                0x0800193c                OTG_FS_IRQHandler
                0x0800193c                SPI3_IRQHandler
                0x0800193c                DMA1_Stream4_IRQHandler
                0x0800193c                I2C1_ER_IRQHandler
                0x0800193c                DMA2_Stream6_IRQHandler
                0x0800193c                DMA1_Stream3_IRQHandler
 .text.SystemInit
                0x08001940       0x4c ./system/src/cmsis/system_stm32f4xx.o
                0x08001940                SystemInit
 .text.SystemCoreClockUpdate
                0x0800198c       0xa0 ./system/src/cmsis/system_stm32f4xx.o
                0x0800198c                SystemCoreClockUpdate
 .text.makeFreeRtosPriority
                0x08001a2c        0xc ./system/src/FreeRTOS/cmsis_os.o
 .text.inHandlerMode
                0x08001a38        0xc ./system/src/FreeRTOS/cmsis_os.o
 .text.osKernelStart
                0x08001a44        0xc ./system/src/FreeRTOS/cmsis_os.o
                0x08001a44                osKernelStart
 .text.osThreadCreate
                0x08001a50       0x40 ./system/src/FreeRTOS/cmsis_os.o
                0x08001a50                osThreadCreate
 .text.osDelay  0x08001a90       0x10 ./system/src/FreeRTOS/cmsis_os.o
                0x08001a90                osDelay
 .text.osPoolCreate
                0x08001aa0       0x6c ./system/src/FreeRTOS/cmsis_os.o
                0x08001aa0                osPoolCreate
 .text.osPoolAlloc
                0x08001b0c       0x6c ./system/src/FreeRTOS/cmsis_os.o
                0x08001b0c                osPoolAlloc
 .text.osPoolFree
                0x08001b78       0x40 ./system/src/FreeRTOS/cmsis_os.o
                0x08001b78                osPoolFree
 .text.osMessageCreate
                0x08001bb8       0x10 ./system/src/FreeRTOS/cmsis_os.o
                0x08001bb8                osMessageCreate
 .text.osMessagePut
                0x08001bc8       0x68 ./system/src/FreeRTOS/cmsis_os.o
                0x08001bc8                osMessagePut
 .text.osMessageGet
                0x08001c30       0x98 ./system/src/FreeRTOS/cmsis_os.o
                0x08001c30                osMessageGet
 .text.osSystickHandler
                0x08001cc8       0x10 ./system/src/FreeRTOS/cmsis_os.o
                0x08001cc8                osSystickHandler
 .text.prvHeapInit
                0x08001cd8       0x2c ./system/src/FreeRTOS/heap_2.o
 .text.pvPortMalloc
                0x08001d04       0xa4 ./system/src/FreeRTOS/heap_2.o
                0x08001d04                pvPortMalloc
 .text.vPortFree
                0x08001da8       0x40 ./system/src/FreeRTOS/heap_2.o
                0x08001da8                vPortFree
 .text.vListInitialise
                0x08001de8       0x18 ./system/src/FreeRTOS/list.o
                0x08001de8                vListInitialise
 .text.vListInitialiseItem
                0x08001e00        0x8 ./system/src/FreeRTOS/list.o
                0x08001e00                vListInitialiseItem
 .text.vListInsertEnd
                0x08001e08       0x18 ./system/src/FreeRTOS/list.o
                0x08001e08                vListInsertEnd
 .text.vListInsert
                0x08001e20       0x34 ./system/src/FreeRTOS/list.o
                0x08001e20                vListInsert
 .text.uxListRemove
                0x08001e54       0x24 ./system/src/FreeRTOS/list.o
                0x08001e54                uxListRemove
 .text.prvTaskExitError
                0x08001e78       0x34 ./system/src/FreeRTOS/port.o
 .text.prvPortStartFirstTask
                0x08001eac       0x20 ./system/src/FreeRTOS/port.o
 .text.vPortEnableVFP
                0x08001ecc       0x14 ./system/src/FreeRTOS/port.o
 .text.pxPortInitialiseStack
                0x08001ee0       0x28 ./system/src/FreeRTOS/port.o
                0x08001ee0                pxPortInitialiseStack
 .text.SVC_Handler
                0x08001f08       0x20 ./system/src/FreeRTOS/port.o
                0x08001f08                SVC_Handler
 .text.vPortEnterCritical
                0x08001f28       0x44 ./system/src/FreeRTOS/port.o
                0x08001f28                vPortEnterCritical
 .text.vPortExitCritical
                0x08001f6c       0x2c ./system/src/FreeRTOS/port.o
                0x08001f6c                vPortExitCritical
 .text.PendSV_Handler
                0x08001f98       0x60 ./system/src/FreeRTOS/port.o
                0x08001f98                PendSV_Handler
 .text.xPortSysTickHandler
                0x08001ff8       0x30 ./system/src/FreeRTOS/port.o
                0x08001ff8                xPortSysTickHandler
 .text.vPortSetupTimerInterrupt
                0x08002028       0x28 ./system/src/FreeRTOS/port.o
                0x08002028                vPortSetupTimerInterrupt
 .text.xPortStartScheduler
                0x08002050       0xec ./system/src/FreeRTOS/port.o
                0x08002050                xPortStartScheduler
 .text.vPortValidateInterruptPriority
                0x0800213c       0x5c ./system/src/FreeRTOS/port.o
                0x0800213c                vPortValidateInterruptPriority
 .text.prvIsQueueFull
                0x08002198       0x20 ./system/src/FreeRTOS/queue.o
 .text.prvIsQueueEmpty
                0x080021b8       0x1c ./system/src/FreeRTOS/queue.o
 .text.prvCopyDataToQueue
                0x080021d4       0x7c ./system/src/FreeRTOS/queue.o
 .text.prvCopyDataFromQueue
                0x08002250       0x24 ./system/src/FreeRTOS/queue.o
 .text.prvUnlockQueue
                0x08002274       0x64 ./system/src/FreeRTOS/queue.o
 .text.xQueueGenericReset
                0x080022d8       0x80 ./system/src/FreeRTOS/queue.o
                0x080022d8                xQueueGenericReset
 .text.xQueueGenericCreate
                0x08002358       0x68 ./system/src/FreeRTOS/queue.o
                0x08002358                xQueueGenericCreate
 .text.xQueueGenericSend
                0x080023c0      0x184 ./system/src/FreeRTOS/queue.o
                0x080023c0                xQueueGenericSend
 .text.xQueueGenericSendFromISR
                0x08002544       0xd8 ./system/src/FreeRTOS/queue.o
                0x08002544                xQueueGenericSendFromISR
 .text.xQueueGenericReceive
                0x0800261c      0x18c ./system/src/FreeRTOS/queue.o
                0x0800261c                xQueueGenericReceive
 .text.xQueueReceiveFromISR
                0x080027a8       0xa8 ./system/src/FreeRTOS/queue.o
                0x080027a8                xQueueReceiveFromISR
 .text.prvResetNextTaskUnblockTime
                0x08002850       0x34 ./system/src/FreeRTOS/tasks.o
 .text.prvDeleteTCB
                0x08002884       0x14 ./system/src/FreeRTOS/tasks.o
 .text.prvAllocateTCBAndStack
                0x08002898       0x3c ./system/src/FreeRTOS/tasks.o
 .text.prvInitialiseTCBVariables
                0x080028d4       0x50 ./system/src/FreeRTOS/tasks.o
 .text.prvInitialiseTaskLists
                0x08002924       0x64 ./system/src/FreeRTOS/tasks.o
 .text.prvAddCurrentTaskToDelayedList
                0x08002988       0x54 ./system/src/FreeRTOS/tasks.o
 .text.xTaskGenericCreate
                0x080029dc      0x134 ./system/src/FreeRTOS/tasks.o
                0x080029dc                xTaskGenericCreate
 .text.vTaskStartScheduler
                0x08002b10       0x74 ./system/src/FreeRTOS/tasks.o
                0x08002b10                vTaskStartScheduler
 .text.vTaskSuspendAll
                0x08002b84       0x10 ./system/src/FreeRTOS/tasks.o
                0x08002b84                vTaskSuspendAll
 .text.xTaskIncrementTick
                0x08002b94      0x124 ./system/src/FreeRTOS/tasks.o
                0x08002b94                xTaskIncrementTick
 .text.xTaskResumeAll
                0x08002cb8       0xf8 ./system/src/FreeRTOS/tasks.o
                0x08002cb8                xTaskResumeAll
 .text.vTaskDelay
                0x08002db0       0x80 ./system/src/FreeRTOS/tasks.o
                0x08002db0                vTaskDelay
 .text.prvCheckTasksWaitingTermination
                0x08002e30       0x54 ./system/src/FreeRTOS/tasks.o
 .text.prvIdleTask
                0x08002e84       0x28 ./system/src/FreeRTOS/tasks.o
 .text.vTaskSwitchContext
                0x08002eac       0x7c ./system/src/FreeRTOS/tasks.o
                0x08002eac                vTaskSwitchContext
 .text.vTaskPlaceOnEventList
                0x08002f28       0x70 ./system/src/FreeRTOS/tasks.o
                0x08002f28                vTaskPlaceOnEventList
 .text.xTaskRemoveFromEventList
                0x08002f98       0x8c ./system/src/FreeRTOS/tasks.o
                0x08002f98                xTaskRemoveFromEventList
 .text.vTaskSetTimeOutState
                0x08003024       0x2c ./system/src/FreeRTOS/tasks.o
                0x08003024                vTaskSetTimeOutState
 .text.xTaskCheckForTimeOut
                0x08003050       0x80 ./system/src/FreeRTOS/tasks.o
                0x08003050                xTaskCheckForTimeOut
 .text.vTaskMissedYield
                0x080030d0        0xc ./system/src/FreeRTOS/tasks.o
                0x080030d0                vTaskMissedYield
 .text.xTaskGetSchedulerState
                0x080030dc       0x20 ./system/src/FreeRTOS/tasks.o
                0x080030dc                xTaskGetSchedulerState
 .text.vTaskPriorityInherit
                0x080030fc       0xa4 ./system/src/FreeRTOS/tasks.o
                0x080030fc                vTaskPriorityInherit
 .text.xTaskPriorityDisinherit
                0x080031a0       0xb4 ./system/src/FreeRTOS/tasks.o
                0x080031a0                xTaskPriorityDisinherit
 .text.pvTaskIncrementMutexHeldCount
                0x08003254       0x1c ./system/src/FreeRTOS/tasks.o
                0x08003254                pvTaskIncrementMutexHeldCount
 .text.MX_GPIO_Init
                0x08003270       0xe0 ./src/main.o
 .text.MX_USART2_UART_Init
                0x08003350       0x2c ./src/main.o
 .text.MX_USART6_UART_Init
                0x0800337c       0x2c ./src/main.o
 .text.MX_ADC1_Init
                0x080033a8       0x48 ./src/main.o
 .text.MX_SPI2_Init
                0x080033f0       0x44 ./src/main.o
 .text.MX_I2C1_Init
                0x08003434       0x34 ./src/main.o
 .text.task1Function
                0x08003468       0x48 ./src/main.o
                0x08003468                task1Function
 .text.task2Function
                0x080034b0       0x54 ./src/main.o
                0x080034b0                task2Function
 .text.task3Function
                0x08003504       0xb4 ./src/main.o
                0x08003504                task3Function
 .text.read_encoder
                0x080035b8       0x6c ./src/main.o
                0x080035b8                read_encoder
 .text.task4Function
                0x08003624       0x38 ./src/main.o
                0x08003624                task4Function
 .text.encoder_init
                0x0800365c       0x30 ./src/main.o
                0x0800365c                encoder_init
 .text.Clock_Config
                0x0800368c       0x94 ./src/main.o
                0x0800368c                Clock_Config
 .text.main     0x08003720      0x150 ./src/main.o
                0x08003720                main
 .text.HAL_MspInit
                0x08003870       0x18 ./src/stm32f4xx_hal_msp.o
                0x08003870                HAL_MspInit
 .text.HAL_ADC_MspInit
                0x08003888       0x68 ./src/stm32f4xx_hal_msp.o
                0x08003888                HAL_ADC_MspInit
 .text.HAL_I2C_MspInit
                0x080038f0       0x54 ./src/stm32f4xx_hal_msp.o
                0x080038f0                HAL_I2C_MspInit
 .text.HAL_SPI_MspInit
                0x08003944       0x68 ./src/stm32f4xx_hal_msp.o
                0x08003944                HAL_SPI_MspInit
 .text.HAL_UART_MspInit
                0x080039ac       0x90 ./src/stm32f4xx_hal_msp.o
                0x080039ac                HAL_UART_MspInit
 .text.SysTick_Handler
                0x08003a3c        0xc ./src/stm32f4xx_it.o
                0x08003a3c                SysTick_Handler
 .text.EXTI15_10_IRQHandler
                0x08003a48       0x30 ./src/stm32f4xx_it.o
                0x08003a48                EXTI15_10_IRQHandler
 .text.__errno  0x08003a78        0xc c:/stm32toolchain/gnu-arm/4.8-2014q3/bin/../lib/gcc/arm-none-eabi/4.8.4/../../../../arm-none-eabi/lib/armv7e-m/fpu\libg_s.a(lib_a-errno.o)
                0x08003a78                __errno
 .text.memcpy   0x08003a84       0x12 c:/stm32toolchain/gnu-arm/4.8-2014q3/bin/../lib/gcc/arm-none-eabi/4.8.4/../../../../arm-none-eabi/lib/armv7e-m/fpu\libg_s.a(lib_a-memcpy-stub.o)
                0x08003a84                memcpy
 .text.memset   0x08003a96       0x10 c:/stm32toolchain/gnu-arm/4.8-2014q3/bin/../lib/gcc/arm-none-eabi/4.8.4/../../../../arm-none-eabi/lib/armv7e-m/fpu\libg_s.a(lib_a-memset.o)
                0x08003a96                memset
 *fill*         0x08003aa6        0x2 
 .text.snprintf
                0x08003aa8       0x64 c:/stm32toolchain/gnu-arm/4.8-2014q3/bin/../lib/gcc/arm-none-eabi/4.8.4/../../../../arm-none-eabi/lib/armv7e-m/fpu\libg_s.a(lib_a-snprintf.o)
                0x08003aa8                sniprintf
                0x08003aa8                snprintf
 .text.strlen   0x08003b0c       0x10 c:/stm32toolchain/gnu-arm/4.8-2014q3/bin/../lib/gcc/arm-none-eabi/4.8.4/../../../../arm-none-eabi/lib/armv7e-m/fpu\libg_s.a(lib_a-strlen.o)
                0x08003b0c                strlen
 .text.__ssputs_r
                0x08003b1c       0xb8 c:/stm32toolchain/gnu-arm/4.8-2014q3/bin/../lib/gcc/arm-none-eabi/4.8.4/../../../../arm-none-eabi/lib/armv7e-m/fpu\libg_s.a(lib_a-svfprintf.o)
                0x08003b1c                __ssputs_r
 .text._svfprintf_r
                0x08003bd4      0x1dc c:/stm32toolchain/gnu-arm/4.8-2014q3/bin/../lib/gcc/arm-none-eabi/4.8.4/../../../../arm-none-eabi/lib/armv7e-m/fpu\libg_s.a(lib_a-svfprintf.o)
                0x08003bd4                _svfiprintf_r
                0x08003bd4                _svfprintf_r
 .text._printf_common
                0x08003db0       0xe4 c:/stm32toolchain/gnu-arm/4.8-2014q3/bin/../lib/gcc/arm-none-eabi/4.8.4/../../../../arm-none-eabi/lib/armv7e-m/fpu\libg_s.a(lib_a-vfprintf_i.o)
                0x08003db0                _printf_common
 .text._printf_i
                0x08003e94      0x228 c:/stm32toolchain/gnu-arm/4.8-2014q3/bin/../lib/gcc/arm-none-eabi/4.8.4/../../../../arm-none-eabi/lib/armv7e-m/fpu\libg_s.a(lib_a-vfprintf_i.o)
                0x08003e94                _printf_i
 .text._vsnprintf_r
                0x080040bc       0x52 c:/stm32toolchain/gnu-arm/4.8-2014q3/bin/../lib/gcc/arm-none-eabi/4.8.4/../../../../arm-none-eabi/lib/armv7e-m/fpu\libg_s.a(lib_a-vsnprintf.o)
                0x080040bc                _vsniprintf_r
                0x080040bc                _vsnprintf_r
 *fill*         0x0800410e        0x2 
 .text.vsnprintf
                0x08004110       0x20 c:/stm32toolchain/gnu-arm/4.8-2014q3/bin/../lib/gcc/arm-none-eabi/4.8.4/../../../../arm-none-eabi/lib/armv7e-m/fpu\libg_s.a(lib_a-vsnprintf.o)
                0x08004110                vsniprintf
                0x08004110                vsnprintf
 .text.memchr   0x08004130       0x1e c:/stm32toolchain/gnu-arm/4.8-2014q3/bin/../lib/gcc/arm-none-eabi/4.8.4/../../../../arm-none-eabi/lib/armv7e-m/fpu\libg_s.a(lib_a-memchr-stub.o)
                0x08004130                memchr
 .text.memmove  0x0800414e       0x36 c:/stm32toolchain/gnu-arm/4.8-2014q3/bin/../lib/gcc/arm-none-eabi/4.8.4/../../../../arm-none-eabi/lib/armv7e-m/fpu\libg_s.a(lib_a-memmove.o)
                0x0800414e                memmove
 .text._free_r  0x08004184       0x88 c:/stm32toolchain/gnu-arm/4.8-2014q3/bin/../lib/gcc/arm-none-eabi/4.8.4/../../../../arm-none-eabi/lib/armv7e-m/fpu\libg_s.a(lib_a-nano-freer.o)
                0x08004184                _free_r
 .text._malloc_r
                0x0800420c       0xa8 c:/stm32toolchain/gnu-arm/4.8-2014q3/bin/../lib/gcc/arm-none-eabi/4.8.4/../../../../arm-none-eabi/lib/armv7e-m/fpu\libg_s.a(lib_a-nano-mallocr.o)
                0x0800420c                _malloc_r
 .text._realloc_r
                0x080042b4       0x4c c:/stm32toolchain/gnu-arm/4.8-2014q3/bin/../lib/gcc/arm-none-eabi/4.8.4/../../../../arm-none-eabi/lib/armv7e-m/fpu\libg_s.a(lib_a-nano-reallocr.o)
                0x080042b4                _realloc_r
 .text._sbrk_r  0x08004300       0x20 c:/stm32toolchain/gnu-arm/4.8-2014q3/bin/../lib/gcc/arm-none-eabi/4.8.4/../../../../arm-none-eabi/lib/armv7e-m/fpu\libg_s.a(lib_a-sbrkr.o)
                0x08004300                _sbrk_r
 .text._malloc_usable_size_r
                0x08004320       0x12 c:/stm32toolchain/gnu-arm/4.8-2014q3/bin/../lib/gcc/arm-none-eabi/4.8.4/../../../../arm-none-eabi/lib/armv7e-m/fpu\libg_s.a(lib_a-nano-msizer.o)
                0x08004320                _malloc_usable_size_r
 *(.rodata .rodata.* .constdata .constdata.*)
 *fill*         0x08004332        0x2 
 .rodata.APBAHBPrescTable
                0x08004334       0x10 ./system/src/stm32f4xx/stm32f4xx_hal_rcc.o
                0x08004334                APBAHBPrescTable
 .rodata.str1.4
                0x08004344      0x146 ./system/src/cortexm/exception_handlers.o
                                0x148 (size before relaxing)
 *fill*         0x0800448a        0x2 
 .rodata.AHBPrescTable
                0x0800448c       0x10 ./system/src/cmsis/system_stm32f4xx.o
                0x0800448c                AHBPrescTable
 .rodata.str1.4
                0x0800449c        0x5 ./system/src/FreeRTOS/tasks.o
                                  0x8 (size before relaxing)
 *fill*         0x080044a1        0x3 
 .rodata        0x080044a4       0x8c ./src/main.o
 .rodata.str1.4
                0x08004530       0x28 ./src/main.o
 .rodata.str1.1
                0x08004558        0x2 c:/stm32toolchain/gnu-arm/4.8-2014q3/bin/../lib/gcc/arm-none-eabi/4.8.4/../../../../arm-none-eabi/lib/armv7e-m/fpu\libg_s.a(lib_a-impure.o)
 .rodata.str1.1
                0x0800455a       0x11 c:/stm32toolchain/gnu-arm/4.8-2014q3/bin/../lib/gcc/arm-none-eabi/4.8.4/../../../../arm-none-eabi/lib/armv7e-m/fpu\libg_s.a(lib_a-svfprintf.o)
 .rodata.str1.1
                0x0800456b       0x22 c:/stm32toolchain/gnu-arm/4.8-2014q3/bin/../lib/gcc/arm-none-eabi/4.8.4/../../../../arm-none-eabi/lib/armv7e-m/fpu\libg_s.a(lib_a-vfprintf_i.o)
 *(vtable)
 *(.eh_frame*)
 *(.glue_7)
 .glue_7        0x00000000        0x0 linker stubs
 *(.glue_7t)
 .glue_7t       0x00000000        0x0 linker stubs

.vfp11_veneer   0x08004590        0x0
 .vfp11_veneer  0x00000000        0x0 linker stubs

.v4_bx          0x08004590        0x0
 .v4_bx         0x00000000        0x0 linker stubs

.iplt           0x08004590        0x0
 .iplt          0x00000000        0x0 ./system/src/stm32f4xx/stm32f4xx_hal.o

.rel.dyn        0x08004590        0x0
 .rel.iplt      0x00000000        0x0 ./system/src/stm32f4xx/stm32f4xx_hal.o

.ARM.extab
 *(.ARM.extab* .gnu.linkonce.armextab.*)
                0x08004590                . = ALIGN (0x4)
                0x08004590                __exidx_start = .

.ARM.exidx
 *(.ARM.exidx* .gnu.linkonce.armexidx.*)
                0x08004590                __exidx_end = .
                0x08004590                . = ALIGN (0x4)
                0x08004590                _etext = .
                0x08004590                __etext = .

.data_CCMRAM    0x10000000        0x0 load address 0x08004590
 FILL mask 0xff
 *(.data.CCMRAM .data.CCMRAM.*)
                0x10000000                . = ALIGN (0x4)
                0x08004590                _sidata = LOADADDR (.data)

.data           0x20000000       0x80 load address 0x08004590
 FILL mask 0xff
                0x20000000                _sdata = .
                0x20000000                __data_start__ = .
 *(.data_begin .data_begin.*)
 .data_begin    0x20000000        0x4 ./system/src/newlib/_startup.o
 *(.data .data.*)
 .data.argv.4014
                0x20000004        0x8 ./system/src/newlib/_syscalls.o
 .data.SystemCoreClock
                0x2000000c        0x4 ./system/src/cmsis/system_stm32f4xx.o
                0x2000000c                SystemCoreClock
 .data.xFreeBytesRemaining
                0x20000010        0x4 ./system/src/FreeRTOS/heap_2.o
 .data.uxCriticalNesting
                0x20000014        0x4 ./system/src/FreeRTOS/port.o
 .data.impure_data
                0x20000018       0x60 c:/stm32toolchain/gnu-arm/4.8-2014q3/bin/../lib/gcc/arm-none-eabi/4.8.4/../../../../arm-none-eabi/lib/armv7e-m/fpu\libg_s.a(lib_a-impure.o)
 .data._impure_ptr
                0x20000078        0x4 c:/stm32toolchain/gnu-arm/4.8-2014q3/bin/../lib/gcc/arm-none-eabi/4.8.4/../../../../arm-none-eabi/lib/armv7e-m/fpu\libg_s.a(lib_a-impure.o)
                0x20000078                _impure_ptr
 *(.data_end .data_end.*)
 .data_end      0x2000007c        0x4 ./system/src/newlib/_startup.o
                0x20000080                . = ALIGN (0x4)
                0x20000080                _edata = .
                0x20000080                __data_end__ = .

.igot.plt       0x20000080        0x0 load address 0x08004610
 .igot.plt      0x00000000        0x0 ./system/src/stm32f4xx/stm32f4xx_hal.o

.bss_CCMRAM     0x10000000        0x0
 *(.bss.CCMRAM .bss.CCMRAM.*)

.bss            0x20000080     0x3f68
                0x20000080                __bss_start__ = .
                0x20000080                _sbss = .
 *(.bss_begin .bss_begin.*)
 .bss_begin     0x20000080        0x4 ./system/src/newlib/_startup.o
 *(.bss .bss.*)
 .bss.uwTick    0x20000084        0x4 ./system/src/stm32f4xx/stm32f4xx_hal.o
 .bss.current_heap_end.3842
                0x20000088        0x4 ./system/src/newlib/_sbrk.o
 .bss.name.4013
                0x2000008c        0x4 ./system/src/newlib/_syscalls.o
 .bss.buf.4905  0x20000090       0x80 ./system/src/diag/Trace.o
 .bss.xStart    0x20000110        0x8 ./system/src/FreeRTOS/heap_2.o
 .bss.ucHeap    0x20000118     0x3c00 ./system/src/FreeRTOS/heap_2.o
 .bss.xHeapHasBeenInitialised.4510
                0x20003d18        0x4 ./system/src/FreeRTOS/heap_2.o
 .bss.xEnd      0x20003d1c        0x8 ./system/src/FreeRTOS/heap_2.o
 .bss.ucMaxSysCallPriority
                0x20003d24        0x1 ./system/src/FreeRTOS/port.o
 *fill*         0x20003d25        0x3 
 .bss.ulMaxPRIGROUPValue
                0x20003d28        0x4 ./system/src/FreeRTOS/port.o
 .bss.pxDelayedTaskList
                0x20003d2c        0x4 ./system/src/FreeRTOS/tasks.o
 .bss.xSchedulerRunning
                0x20003d30        0x4 ./system/src/FreeRTOS/tasks.o
 .bss.uxTasksDeleted
                0x20003d34        0x4 ./system/src/FreeRTOS/tasks.o
 .bss.xTasksWaitingTermination
                0x20003d38       0x14 ./system/src/FreeRTOS/tasks.o
 .bss.pxOverflowDelayedTaskList
                0x20003d4c        0x4 ./system/src/FreeRTOS/tasks.o
 .bss.uxPendedTicks
                0x20003d50        0x4 ./system/src/FreeRTOS/tasks.o
 .bss.pxReadyTasksLists
                0x20003d54       0x8c ./system/src/FreeRTOS/tasks.o
 .bss.uxSchedulerSuspended
                0x20003de0        0x4 ./system/src/FreeRTOS/tasks.o
 .bss.uxCurrentNumberOfTasks
                0x20003de4        0x4 ./system/src/FreeRTOS/tasks.o
 .bss.pxCurrentTCB
                0x20003de8        0x4 ./system/src/FreeRTOS/tasks.o
                0x20003de8                pxCurrentTCB
 .bss.xPendingReadyList
                0x20003dec       0x14 ./system/src/FreeRTOS/tasks.o
 .bss.xNumOfOverflows
                0x20003e00        0x4 ./system/src/FreeRTOS/tasks.o
 .bss.xTickCount
                0x20003e04        0x4 ./system/src/FreeRTOS/tasks.o
 .bss.xNextTaskUnblockTime
                0x20003e08        0x4 ./system/src/FreeRTOS/tasks.o
 .bss.uxTaskNumber
                0x20003e0c        0x4 ./system/src/FreeRTOS/tasks.o
 .bss.xDelayedTaskList1
                0x20003e10       0x14 ./system/src/FreeRTOS/tasks.o
 .bss.xDelayedTaskList2
                0x20003e24       0x14 ./system/src/FreeRTOS/tasks.o
 .bss.xSuspendedTaskList
                0x20003e38       0x14 ./system/src/FreeRTOS/tasks.o
 .bss.uxTopReadyPriority
                0x20003e4c        0x4 ./system/src/FreeRTOS/tasks.o
 .bss.xYieldPending
                0x20003e50        0x4 ./system/src/FreeRTOS/tasks.o
 .bss.encoder   0x20003e54        0x2 ./src/main.o
                0x20003e54                encoder
 *fill*         0x20003e56        0x2 
 .bss.__malloc_sbrk_start
                0x20003e58        0x4 c:/stm32toolchain/gnu-arm/4.8-2014q3/bin/../lib/gcc/arm-none-eabi/4.8.4/../../../../arm-none-eabi/lib/armv7e-m/fpu\libg_s.a(lib_a-nano-mallocr.o)
                0x20003e58                __malloc_sbrk_start
 .bss.__malloc_free_list
                0x20003e5c        0x4 c:/stm32toolchain/gnu-arm/4.8-2014q3/bin/../lib/gcc/arm-none-eabi/4.8.4/../../../../arm-none-eabi/lib/armv7e-m/fpu\libg_s.a(lib_a-nano-mallocr.o)
                0x20003e5c                __malloc_free_list
 *(COMMON)
 COMMON         0x20003e60        0x4 ./system/src/newlib/_syscalls.o
                0x20003e60                errno
 COMMON         0x20003e64      0x178 ./src/main.o
                0x20003e64                distance_pool
                0x20003e68                hspi2
                0x20003ec0                hi2c1
                0x20003efc                hadc1
                0x20003f40                distance_queue
                0x20003f44                q_pool
                0x20003f48                task4Thread
                0x20003f4c                osQueue
                0x20003f50                task1Thread
                0x20003f54                task3Thread
                0x20003f58                huart6
                0x20003f98                huart2
                0x20003fd8                task2Thread
 COMMON         0x20003fdc        0x8 ./src/stm32f4xx_it.o
                0x20003fdc                valve_queue
                0x20003fe0                valve_pool
 *(.bss_end .bss_end.*)
 .bss_end       0x20003fe4        0x4 ./system/src/newlib/_startup.o
                0x20003fe8                . = ALIGN (0x4)
                0x20003fe8                __bss_end__ = .
                0x20003fe8                _ebss = .

.noinit_CCMRAM
 *(.noinit.CCMRAM .noinit.CCMRAM.*)

.noinit         0x20003fe8        0x0
                0x20003fe8                _noinit = .
 *(.noinit .noinit.*)
                0x20003fe8                . = ALIGN (0x4)
                0x20003fe8                _end_noinit = .
                0x20003fe8                PROVIDE (end, _end_noinit)
                0x20003fe8                PROVIDE (_end, _end_noinit)
                0x20003fe8                PROVIDE (__end, _end_noinit)
                0x20003fe8                PROVIDE (__end__, _end_noinit)

._check_stack   0x20003fe8      0x100
                0x200040e8                . = (. + _Minimum_Stack_Size)
 *fill*         0x20003fe8      0x100 

.b1text
 *(.b1text)
 *(.b1rodata)
 *(.b1rodata.*)

.eb0text
 *(.eb0text)
 *(.eb0rodata)
 *(.eb0rodata.*)

.eb1text
 *(.eb1text)
 *(.eb1rodata)
 *(.eb1rodata.*)

.eb2text
 *(.eb2text)
 *(.eb2rodata)
 *(.eb2rodata.*)

.eb3text
 *(.eb3text)
 *(.eb3rodata)
 *(.eb3rodata.*)

.stab
 *(.stab)

.stabstr
 *(.stabstr)

.stab.excl
 *(.stab.excl)

.stab.exclstr
 *(.stab.exclstr)

.stab.index
 *(.stab.index)

.stab.indexstr
 *(.stab.indexstr)

.comment        0x00000000       0x70
 *(.comment)
 .comment       0x00000000       0x70 ./system/src/stm32f4xx/stm32f4xx_hal.o
                                 0x71 (size before relaxing)
 .comment       0x00000000       0x71 ./system/src/stm32f4xx/stm32f4xx_hal_adc.o
 .comment       0x00000000       0x71 ./system/src/stm32f4xx/stm32f4xx_hal_cortex.o
 .comment       0x00000000       0x71 ./system/src/stm32f4xx/stm32f4xx_hal_gpio.o
 .comment       0x00000000       0x71 ./system/src/stm32f4xx/stm32f4xx_hal_i2c.o
 .comment       0x00000000       0x71 ./system/src/stm32f4xx/stm32f4xx_hal_rcc.o
 .comment       0x00000000       0x71 ./system/src/stm32f4xx/stm32f4xx_hal_spi.o
 .comment       0x00000000       0x71 ./system/src/stm32f4xx/stm32f4xx_hal_uart.o
 .comment       0x00000000       0x71 ./system/src/newlib/_exit.o
 .comment       0x00000000       0x71 ./system/src/newlib/_sbrk.o
 .comment       0x00000000       0x71 ./system/src/newlib/_startup.o
 .comment       0x00000000       0x71 ./system/src/newlib/_syscalls.o
 .comment       0x00000000       0x71 ./system/src/diag/Trace.o
 .comment       0x00000000       0x71 ./system/src/diag/trace_impl.o
 .comment       0x00000000       0x71 ./system/src/cortexm/_initialize_hardware.o
 .comment       0x00000000       0x71 ./system/src/cortexm/exception_handlers.o
 .comment       0x00000000       0x71 ./system/src/cmsis/system_stm32f4xx.o
 .comment       0x00000000       0x71 ./system/src/FreeRTOS/cmsis_os.o
 .comment       0x00000000       0x71 ./system/src/FreeRTOS/heap_2.o
 .comment       0x00000000       0x71 ./system/src/FreeRTOS/list.o
 .comment       0x00000000       0x71 ./system/src/FreeRTOS/port.o
 .comment       0x00000000       0x71 ./system/src/FreeRTOS/queue.o
 .comment       0x00000000       0x71 ./system/src/FreeRTOS/tasks.o
 .comment       0x00000000       0x71 ./src/main.o
 .comment       0x00000000       0x71 ./src/stm32f4xx_hal_msp.o
 .comment       0x00000000       0x71 ./src/stm32f4xx_it.o

.ARM.attributes
                0x00000000       0x37
 .ARM.attributes
                0x00000000       0x39 ./system/src/stm32f4xx/stm32f4xx_hal.o
 .ARM.attributes
                0x00000039       0x39 ./system/src/stm32f4xx/stm32f4xx_hal_adc.o
 .ARM.attributes
                0x00000072       0x39 ./system/src/stm32f4xx/stm32f4xx_hal_cortex.o
 .ARM.attributes
                0x000000ab       0x39 ./system/src/stm32f4xx/stm32f4xx_hal_gpio.o
 .ARM.attributes
                0x000000e4       0x39 ./system/src/stm32f4xx/stm32f4xx_hal_i2c.o
 .ARM.attributes
                0x0000011d       0x39 ./system/src/stm32f4xx/stm32f4xx_hal_rcc.o
 .ARM.attributes
                0x00000156       0x39 ./system/src/stm32f4xx/stm32f4xx_hal_spi.o
 .ARM.attributes
                0x0000018f       0x39 ./system/src/stm32f4xx/stm32f4xx_hal_uart.o
 .ARM.attributes
                0x000001c8       0x39 ./system/src/newlib/_exit.o
 .ARM.attributes
                0x00000201       0x39 ./system/src/newlib/_sbrk.o
 .ARM.attributes
                0x0000023a       0x39 ./system/src/newlib/_startup.o
 .ARM.attributes
                0x00000273       0x39 ./system/src/newlib/_syscalls.o
 .ARM.attributes
                0x000002ac       0x39 ./system/src/diag/Trace.o
 .ARM.attributes
                0x000002e5       0x39 ./system/src/diag/trace_impl.o
 .ARM.attributes
                0x0000031e       0x39 ./system/src/cortexm/_initialize_hardware.o
 .ARM.attributes
                0x00000357       0x39 ./system/src/cortexm/exception_handlers.o
 .ARM.attributes
                0x00000390       0x21 ./system/src/cmsis/startup_stm32f411xe.o
 .ARM.attributes
                0x000003b1       0x39 ./system/src/cmsis/system_stm32f4xx.o
 .ARM.attributes
                0x000003ea       0x39 ./system/src/FreeRTOS/cmsis_os.o
 .ARM.attributes
                0x00000423       0x39 ./system/src/FreeRTOS/heap_2.o
 .ARM.attributes
                0x0000045c       0x39 ./system/src/FreeRTOS/list.o
 .ARM.attributes
                0x00000495       0x39 ./system/src/FreeRTOS/port.o
 .ARM.attributes
                0x000004ce       0x39 ./system/src/FreeRTOS/queue.o
 .ARM.attributes
                0x00000507       0x39 ./system/src/FreeRTOS/tasks.o
 .ARM.attributes
                0x00000540       0x39 ./src/main.o
 .ARM.attributes
                0x00000579       0x39 ./src/stm32f4xx_hal_msp.o
 .ARM.attributes
                0x000005b2       0x39 ./src/stm32f4xx_it.o
 .ARM.attributes
                0x000005eb       0x34 c:/stm32toolchain/gnu-arm/4.8-2014q3/bin/../lib/gcc/arm-none-eabi/4.8.4/../../../../arm-none-eabi/lib/armv7e-m/fpu\libg_s.a(lib_a-errno.o)
 .ARM.attributes
                0x0000061f       0x34 c:/stm32toolchain/gnu-arm/4.8-2014q3/bin/../lib/gcc/arm-none-eabi/4.8.4/../../../../arm-none-eabi/lib/armv7e-m/fpu\libg_s.a(lib_a-impure.o)
 .ARM.attributes
                0x00000653       0x34 c:/stm32toolchain/gnu-arm/4.8-2014q3/bin/../lib/gcc/arm-none-eabi/4.8.4/../../../../arm-none-eabi/lib/armv7e-m/fpu\libg_s.a(lib_a-memcpy-stub.o)
 .ARM.attributes
                0x00000687       0x34 c:/stm32toolchain/gnu-arm/4.8-2014q3/bin/../lib/gcc/arm-none-eabi/4.8.4/../../../../arm-none-eabi/lib/armv7e-m/fpu\libg_s.a(lib_a-memset.o)
 .ARM.attributes
                0x000006bb       0x34 c:/stm32toolchain/gnu-arm/4.8-2014q3/bin/../lib/gcc/arm-none-eabi/4.8.4/../../../../arm-none-eabi/lib/armv7e-m/fpu\libg_s.a(lib_a-snprintf.o)
 .ARM.attributes
                0x000006ef       0x34 c:/stm32toolchain/gnu-arm/4.8-2014q3/bin/../lib/gcc/arm-none-eabi/4.8.4/../../../../arm-none-eabi/lib/armv7e-m/fpu\libg_s.a(lib_a-strlen.o)
 .ARM.attributes
                0x00000723       0x34 c:/stm32toolchain/gnu-arm/4.8-2014q3/bin/../lib/gcc/arm-none-eabi/4.8.4/../../../../arm-none-eabi/lib/armv7e-m/fpu\libg_s.a(lib_a-svfprintf.o)
 .ARM.attributes
                0x00000757       0x34 c:/stm32toolchain/gnu-arm/4.8-2014q3/bin/../lib/gcc/arm-none-eabi/4.8.4/../../../../arm-none-eabi/lib/armv7e-m/fpu\libg_s.a(lib_a-vfprintf_i.o)
 .ARM.attributes
                0x0000078b       0x34 c:/stm32toolchain/gnu-arm/4.8-2014q3/bin/../lib/gcc/arm-none-eabi/4.8.4/../../../../arm-none-eabi/lib/armv7e-m/fpu\libg_s.a(lib_a-vsnprintf.o)
 .ARM.attributes
                0x000007bf       0x34 c:/stm32toolchain/gnu-arm/4.8-2014q3/bin/../lib/gcc/arm-none-eabi/4.8.4/../../../../arm-none-eabi/lib/armv7e-m/fpu\libg_s.a(lib_a-memchr-stub.o)
 .ARM.attributes
                0x000007f3       0x34 c:/stm32toolchain/gnu-arm/4.8-2014q3/bin/../lib/gcc/arm-none-eabi/4.8.4/../../../../arm-none-eabi/lib/armv7e-m/fpu\libg_s.a(lib_a-memmove.o)
 .ARM.attributes
                0x00000827       0x34 c:/stm32toolchain/gnu-arm/4.8-2014q3/bin/../lib/gcc/arm-none-eabi/4.8.4/../../../../arm-none-eabi/lib/armv7e-m/fpu\libg_s.a(lib_a-nano-freer.o)
 .ARM.attributes
                0x0000085b       0x34 c:/stm32toolchain/gnu-arm/4.8-2014q3/bin/../lib/gcc/arm-none-eabi/4.8.4/../../../../arm-none-eabi/lib/armv7e-m/fpu\libg_s.a(lib_a-nano-mallocr.o)
 .ARM.attributes
                0x0000088f       0x34 c:/stm32toolchain/gnu-arm/4.8-2014q3/bin/../lib/gcc/arm-none-eabi/4.8.4/../../../../arm-none-eabi/lib/armv7e-m/fpu\libg_s.a(lib_a-nano-reallocr.o)
 .ARM.attributes
                0x000008c3       0x34 c:/stm32toolchain/gnu-arm/4.8-2014q3/bin/../lib/gcc/arm-none-eabi/4.8.4/../../../../arm-none-eabi/lib/armv7e-m/fpu\libg_s.a(lib_a-sbrkr.o)
 .ARM.attributes
                0x000008f7       0x34 c:/stm32toolchain/gnu-arm/4.8-2014q3/bin/../lib/gcc/arm-none-eabi/4.8.4/../../../../arm-none-eabi/lib/armv7e-m/fpu\libg_s.a(lib_a-nano-msizer.o)

.debug
 *(.debug)

.line
 *(.line)

.debug_srcinfo
 *(.debug_srcinfo)

.debug_sfnames
 *(.debug_sfnames)

.debug_aranges  0x00000000      0xfe0
 *(.debug_aranges)
 .debug_aranges
                0x00000000       0xc0 ./system/src/stm32f4xx/stm32f4xx_hal.o
 .debug_aranges
                0x000000c0       0xe8 ./system/src/stm32f4xx/stm32f4xx_hal_adc.o
 .debug_aranges
                0x000001a8       0x90 ./system/src/stm32f4xx/stm32f4xx_hal_cortex.o
 .debug_aranges
                0x00000238       0x58 ./system/src/stm32f4xx/stm32f4xx_hal_gpio.o
 .debug_aranges
                0x00000290      0x1e8 ./system/src/stm32f4xx/stm32f4xx_hal_i2c.o
 .debug_aranges
                0x00000478       0x88 ./system/src/stm32f4xx/stm32f4xx_hal_rcc.o
 .debug_aranges
                0x00000500      0x158 ./system/src/stm32f4xx/stm32f4xx_hal_spi.o
 .debug_aranges
                0x00000658      0x150 ./system/src/stm32f4xx/stm32f4xx_hal_uart.o
 .debug_aranges
                0x000007a8       0x28 ./system/src/newlib/_exit.o
 .debug_aranges
                0x000007d0       0x20 ./system/src/newlib/_sbrk.o
 .debug_aranges
                0x000007f0       0x40 ./system/src/newlib/_startup.o
 .debug_aranges
                0x00000830       0x30 ./system/src/newlib/_syscalls.o
 .debug_aranges
                0x00000860       0x38 ./system/src/diag/Trace.o
 .debug_aranges
                0x00000898       0x28 ./system/src/diag/trace_impl.o
 .debug_aranges
                0x000008c0       0x28 ./system/src/cortexm/_initialize_hardware.o
 .debug_aranges
                0x000008e8       0x88 ./system/src/cortexm/exception_handlers.o
 .debug_aranges
                0x00000970       0x28 ./system/src/cmsis/startup_stm32f411xe.o
 .debug_aranges
                0x00000998       0x28 ./system/src/cmsis/system_stm32f4xx.o
 .debug_aranges
                0x000009c0      0x170 ./system/src/FreeRTOS/cmsis_os.o
 .debug_aranges
                0x00000b30       0x40 ./system/src/FreeRTOS/heap_2.o
 .debug_aranges
                0x00000b70       0x40 ./system/src/FreeRTOS/list.o
 .debug_aranges
                0x00000bb0       0x80 ./system/src/FreeRTOS/port.o
 .debug_aranges
                0x00000c30       0xf8 ./system/src/FreeRTOS/queue.o
 .debug_aranges
                0x00000d28      0x1a8 ./system/src/FreeRTOS/tasks.o
 .debug_aranges
                0x00000ed0       0x88 ./src/main.o
 .debug_aranges
                0x00000f58       0x60 ./src/stm32f4xx_hal_msp.o
 .debug_aranges
                0x00000fb8       0x28 ./src/stm32f4xx_it.o

.debug_pubnames
 *(.debug_pubnames)

.debug_info     0x00000000    0x13ff8
 *(.debug_info .gnu.linkonce.wi.*)
 .debug_info    0x00000000      0x908 ./system/src/stm32f4xx/stm32f4xx_hal.o
 .debug_info    0x00000908      0xde5 ./system/src/stm32f4xx/stm32f4xx_hal_adc.o
 .debug_info    0x000016ed      0xc34 ./system/src/stm32f4xx/stm32f4xx_hal_cortex.o
 .debug_info    0x00002321      0x6e2 ./system/src/stm32f4xx/stm32f4xx_hal_gpio.o
 .debug_info    0x00002a03     0x2879 ./system/src/stm32f4xx/stm32f4xx_hal_i2c.o
 .debug_info    0x0000527c     0x1031 ./system/src/stm32f4xx/stm32f4xx_hal_rcc.o
 .debug_info    0x000062ad     0x166d ./system/src/stm32f4xx/stm32f4xx_hal_spi.o
 .debug_info    0x0000791a     0x11d3 ./system/src/stm32f4xx/stm32f4xx_hal_uart.o
 .debug_info    0x00008aed      0x100 ./system/src/newlib/_exit.o
 .debug_info    0x00008bed      0x125 ./system/src/newlib/_sbrk.o
 .debug_info    0x00008d12      0x474 ./system/src/newlib/_startup.o
 .debug_info    0x00009186      0x1a9 ./system/src/newlib/_syscalls.o
 .debug_info    0x0000932f      0x32b ./system/src/diag/Trace.o
 .debug_info    0x0000965a      0x114 ./system/src/diag/trace_impl.o
 .debug_info    0x0000976e      0x289 ./system/src/cortexm/_initialize_hardware.o
 .debug_info    0x000099f7      0x7b0 ./system/src/cortexm/exception_handlers.o
 .debug_info    0x0000a1a7       0x87 ./system/src/cmsis/startup_stm32f411xe.o
 .debug_info    0x0000a22e      0x481 ./system/src/cmsis/system_stm32f4xx.o
 .debug_info    0x0000a6af     0x16f2 ./system/src/FreeRTOS/cmsis_os.o
 .debug_info    0x0000bda1      0x314 ./system/src/FreeRTOS/heap_2.o
 .debug_info    0x0000c0b5      0x29a ./system/src/FreeRTOS/list.o
 .debug_info    0x0000c34f      0x542 ./system/src/FreeRTOS/port.o
 .debug_info    0x0000c891     0x18c5 ./system/src/FreeRTOS/queue.o
 .debug_info    0x0000e156     0x24da ./system/src/FreeRTOS/tasks.o
 .debug_info    0x00010630     0x234e ./src/main.o
 .debug_info    0x0001297e     0x1415 ./src/stm32f4xx_hal_msp.o
 .debug_info    0x00013d93      0x265 ./src/stm32f4xx_it.o

.debug_abbrev   0x00000000     0x31a8
 *(.debug_abbrev)
 .debug_abbrev  0x00000000      0x2a0 ./system/src/stm32f4xx/stm32f4xx_hal.o
 .debug_abbrev  0x000002a0      0x236 ./system/src/stm32f4xx/stm32f4xx_hal_adc.o
 .debug_abbrev  0x000004d6      0x2aa ./system/src/stm32f4xx/stm32f4xx_hal_cortex.o
 .debug_abbrev  0x00000780      0x1cb ./system/src/stm32f4xx/stm32f4xx_hal_gpio.o
 .debug_abbrev  0x0000094b      0x232 ./system/src/stm32f4xx/stm32f4xx_hal_i2c.o
 .debug_abbrev  0x00000b7d      0x2b9 ./system/src/stm32f4xx/stm32f4xx_hal_rcc.o
 .debug_abbrev  0x00000e36      0x261 ./system/src/stm32f4xx/stm32f4xx_hal_spi.o
 .debug_abbrev  0x00001097      0x272 ./system/src/stm32f4xx/stm32f4xx_hal_uart.o
 .debug_abbrev  0x00001309       0xa4 ./system/src/newlib/_exit.o
 .debug_abbrev  0x000013ad       0xbb ./system/src/newlib/_sbrk.o
 .debug_abbrev  0x00001468      0x1e9 ./system/src/newlib/_startup.o
 .debug_abbrev  0x00001651       0xe7 ./system/src/newlib/_syscalls.o
 .debug_abbrev  0x00001738      0x178 ./system/src/diag/Trace.o
 .debug_abbrev  0x000018b0       0xb4 ./system/src/diag/trace_impl.o
 .debug_abbrev  0x00001964       0xd9 ./system/src/cortexm/_initialize_hardware.o
 .debug_abbrev  0x00001a3d      0x1d6 ./system/src/cortexm/exception_handlers.o
 .debug_abbrev  0x00001c13       0x12 ./system/src/cmsis/startup_stm32f411xe.o
 .debug_abbrev  0x00001c25      0x104 ./system/src/cmsis/system_stm32f4xx.o
 .debug_abbrev  0x00001d29      0x38b ./system/src/FreeRTOS/cmsis_os.o
 .debug_abbrev  0x000020b4      0x1b3 ./system/src/FreeRTOS/heap_2.o
 .debug_abbrev  0x00002267       0xdf ./system/src/FreeRTOS/list.o
 .debug_abbrev  0x00002346      0x223 ./system/src/FreeRTOS/port.o
 .debug_abbrev  0x00002569      0x2c0 ./system/src/FreeRTOS/queue.o
 .debug_abbrev  0x00002829      0x316 ./system/src/FreeRTOS/tasks.o
 .debug_abbrev  0x00002b3f      0x345 ./src/main.o
 .debug_abbrev  0x00002e84      0x1cf ./src/stm32f4xx_hal_msp.o
 .debug_abbrev  0x00003053      0x155 ./src/stm32f4xx_it.o

.debug_line     0x00000000     0xa5b4
 *(.debug_line)
 .debug_line    0x00000000      0x6c3 ./system/src/stm32f4xx/stm32f4xx_hal.o
 .debug_line    0x000006c3      0x8fa ./system/src/stm32f4xx/stm32f4xx_hal_adc.o
 .debug_line    0x00000fbd      0x6c3 ./system/src/stm32f4xx/stm32f4xx_hal_cortex.o
 .debug_line    0x00001680      0x67f ./system/src/stm32f4xx/stm32f4xx_hal_gpio.o
 .debug_line    0x00001cff     0x127f ./system/src/stm32f4xx/stm32f4xx_hal_i2c.o
 .debug_line    0x00002f7e      0x92c ./system/src/stm32f4xx/stm32f4xx_hal_rcc.o
 .debug_line    0x000038aa      0xd49 ./system/src/stm32f4xx/stm32f4xx_hal_spi.o
 .debug_line    0x000045f3      0xbdf ./system/src/stm32f4xx/stm32f4xx_hal_uart.o
 .debug_line    0x000051d2      0x262 ./system/src/newlib/_exit.o
 .debug_line    0x00005434      0x214 ./system/src/newlib/_sbrk.o
 .debug_line    0x00005648      0x2d2 ./system/src/newlib/_startup.o
 .debug_line    0x0000591a      0x303 ./system/src/newlib/_syscalls.o
 .debug_line    0x00005c1d      0x317 ./system/src/diag/Trace.o
 .debug_line    0x00005f34      0x2f7 ./system/src/diag/trace_impl.o
 .debug_line    0x0000622b      0x17a ./system/src/cortexm/_initialize_hardware.o
 .debug_line    0x000063a5      0x434 ./system/src/cortexm/exception_handlers.o
 .debug_line    0x000067d9       0x88 ./system/src/cmsis/startup_stm32f411xe.o
 .debug_line    0x00006861      0x179 ./system/src/cmsis/system_stm32f4xx.o
 .debug_line    0x000069da      0x7e8 ./system/src/FreeRTOS/cmsis_os.o
 .debug_line    0x000071c2      0x365 ./system/src/FreeRTOS/heap_2.o
 .debug_line    0x00007527      0x32b ./system/src/FreeRTOS/list.o
 .debug_line    0x00007852      0x2d4 ./system/src/FreeRTOS/port.o
 .debug_line    0x00007b26      0x92c ./system/src/FreeRTOS/queue.o
 .debug_line    0x00008452      0xca7 ./system/src/FreeRTOS/tasks.o
 .debug_line    0x000090f9      0x888 ./src/main.o
 .debug_line    0x00009981      0x5fa ./src/stm32f4xx_hal_msp.o
 .debug_line    0x00009f7b      0x639 ./src/stm32f4xx_it.o

.debug_frame    0x00000000     0x2aa4
 *(.debug_frame)
 .debug_frame   0x00000000      0x184 ./system/src/stm32f4xx/stm32f4xx_hal.o
 .debug_frame   0x00000184      0x234 ./system/src/stm32f4xx/stm32f4xx_hal_adc.o
 .debug_frame   0x000003b8      0x11c ./system/src/stm32f4xx/stm32f4xx_hal_cortex.o
 .debug_frame   0x000004d4       0xbc ./system/src/stm32f4xx/stm32f4xx_hal_gpio.o
 .debug_frame   0x00000590      0x5f8 ./system/src/stm32f4xx/stm32f4xx_hal_i2c.o
 .debug_frame   0x00000b88      0x138 ./system/src/stm32f4xx/stm32f4xx_hal_rcc.o
 .debug_frame   0x00000cc0      0x3a4 ./system/src/stm32f4xx/stm32f4xx_hal_spi.o
 .debug_frame   0x00001064      0x34c ./system/src/stm32f4xx/stm32f4xx_hal_uart.o
 .debug_frame   0x000013b0       0x38 ./system/src/newlib/_exit.o
 .debug_frame   0x000013e8       0x28 ./system/src/newlib/_sbrk.o
 .debug_frame   0x00001410       0x7c ./system/src/newlib/_startup.o
 .debug_frame   0x0000148c       0x50 ./system/src/newlib/_syscalls.o
 .debug_frame   0x000014dc       0x80 ./system/src/diag/Trace.o
 .debug_frame   0x0000155c       0x30 ./system/src/diag/trace_impl.o
 .debug_frame   0x0000158c       0x40 ./system/src/cortexm/_initialize_hardware.o
 .debug_frame   0x000015cc      0x144 ./system/src/cortexm/exception_handlers.o
 .debug_frame   0x00001710       0x30 ./system/src/cmsis/system_stm32f4xx.o
 .debug_frame   0x00001740      0x3f4 ./system/src/FreeRTOS/cmsis_os.o
 .debug_frame   0x00001b34       0x78 ./system/src/FreeRTOS/heap_2.o
 .debug_frame   0x00001bac       0x68 ./system/src/FreeRTOS/list.o
 .debug_frame   0x00001c14       0xf0 ./system/src/FreeRTOS/port.o
 .debug_frame   0x00001d04      0x2b8 ./system/src/FreeRTOS/queue.o
 .debug_frame   0x00001fbc      0x4e8 ./system/src/FreeRTOS/tasks.o
 .debug_frame   0x000024a4      0x190 ./src/main.o
 .debug_frame   0x00002634       0xf4 ./src/stm32f4xx_hal_msp.o
 .debug_frame   0x00002728       0x40 ./src/stm32f4xx_it.o
 .debug_frame   0x00002768       0x20 c:/stm32toolchain/gnu-arm/4.8-2014q3/bin/../lib/gcc/arm-none-eabi/4.8.4/../../../../arm-none-eabi/lib/armv7e-m/fpu\libg_s.a(lib_a-errno.o)
 .debug_frame   0x00002788       0x28 c:/stm32toolchain/gnu-arm/4.8-2014q3/bin/../lib/gcc/arm-none-eabi/4.8.4/../../../../arm-none-eabi/lib/armv7e-m/fpu\libg_s.a(lib_a-memcpy-stub.o)
 .debug_frame   0x000027b0       0x20 c:/stm32toolchain/gnu-arm/4.8-2014q3/bin/../lib/gcc/arm-none-eabi/4.8.4/../../../../arm-none-eabi/lib/armv7e-m/fpu\libg_s.a(lib_a-memset.o)
 .debug_frame   0x000027d0       0x58 c:/stm32toolchain/gnu-arm/4.8-2014q3/bin/../lib/gcc/arm-none-eabi/4.8.4/../../../../arm-none-eabi/lib/armv7e-m/fpu\libg_s.a(lib_a-snprintf.o)
 .debug_frame   0x00002828       0x20 c:/stm32toolchain/gnu-arm/4.8-2014q3/bin/../lib/gcc/arm-none-eabi/4.8.4/../../../../arm-none-eabi/lib/armv7e-m/fpu\libg_s.a(lib_a-strlen.o)
 .debug_frame   0x00002848       0x88 c:/stm32toolchain/gnu-arm/4.8-2014q3/bin/../lib/gcc/arm-none-eabi/4.8.4/../../../../arm-none-eabi/lib/armv7e-m/fpu\libg_s.a(lib_a-svfprintf.o)
 .debug_frame   0x000028d0       0x60 c:/stm32toolchain/gnu-arm/4.8-2014q3/bin/../lib/gcc/arm-none-eabi/4.8.4/../../../../arm-none-eabi/lib/armv7e-m/fpu\libg_s.a(lib_a-vfprintf_i.o)
 .debug_frame   0x00002930       0x4c c:/stm32toolchain/gnu-arm/4.8-2014q3/bin/../lib/gcc/arm-none-eabi/4.8.4/../../../../arm-none-eabi/lib/armv7e-m/fpu\libg_s.a(lib_a-vsnprintf.o)
 .debug_frame   0x0000297c       0x28 c:/stm32toolchain/gnu-arm/4.8-2014q3/bin/../lib/gcc/arm-none-eabi/4.8.4/../../../../arm-none-eabi/lib/armv7e-m/fpu\libg_s.a(lib_a-memchr-stub.o)
 .debug_frame   0x000029a4       0x2c c:/stm32toolchain/gnu-arm/4.8-2014q3/bin/../lib/gcc/arm-none-eabi/4.8.4/../../../../arm-none-eabi/lib/armv7e-m/fpu\libg_s.a(lib_a-memmove.o)
 .debug_frame   0x000029d0       0x2c c:/stm32toolchain/gnu-arm/4.8-2014q3/bin/../lib/gcc/arm-none-eabi/4.8.4/../../../../arm-none-eabi/lib/armv7e-m/fpu\libg_s.a(lib_a-nano-freer.o)
 .debug_frame   0x000029fc       0x2c c:/stm32toolchain/gnu-arm/4.8-2014q3/bin/../lib/gcc/arm-none-eabi/4.8.4/../../../../arm-none-eabi/lib/armv7e-m/fpu\libg_s.a(lib_a-nano-mallocr.o)
 .debug_frame   0x00002a28       0x30 c:/stm32toolchain/gnu-arm/4.8-2014q3/bin/../lib/gcc/arm-none-eabi/4.8.4/../../../../arm-none-eabi/lib/armv7e-m/fpu\libg_s.a(lib_a-nano-reallocr.o)
 .debug_frame   0x00002a58       0x2c c:/stm32toolchain/gnu-arm/4.8-2014q3/bin/../lib/gcc/arm-none-eabi/4.8.4/../../../../arm-none-eabi/lib/armv7e-m/fpu\libg_s.a(lib_a-sbrkr.o)
 .debug_frame   0x00002a84       0x20 c:/stm32toolchain/gnu-arm/4.8-2014q3/bin/../lib/gcc/arm-none-eabi/4.8.4/../../../../arm-none-eabi/lib/armv7e-m/fpu\libg_s.a(lib_a-nano-msizer.o)

.debug_str      0x00000000    0x646c4
 *(.debug_str)
 .debug_str     0x00000000    0x56ce8 ./system/src/stm32f4xx/stm32f4xx_hal.o
                              0x57096 (size before relaxing)
 .debug_str     0x00056ce8      0x7f6 ./system/src/stm32f4xx/stm32f4xx_hal_adc.o
                              0x56f02 (size before relaxing)
 .debug_str     0x000574de      0x28a ./system/src/stm32f4xx/stm32f4xx_hal_cortex.o
                              0x56dd0 (size before relaxing)
 .debug_str     0x00057768      0x2cd ./system/src/stm32f4xx/stm32f4xx_hal_gpio.o
                              0x56a47 (size before relaxing)
 .debug_str     0x00057a35      0x7c9 ./system/src/stm32f4xx/stm32f4xx_hal_i2c.o
                              0x57117 (size before relaxing)
 .debug_str     0x000581fe      0x36c ./system/src/stm32f4xx/stm32f4xx_hal_rcc.o
                              0x56bf2 (size before relaxing)
 .debug_str     0x0005856a      0x52b ./system/src/stm32f4xx/stm32f4xx_hal_spi.o
                              0x56eb6 (size before relaxing)
 .debug_str     0x00058a95      0x4b2 ./system/src/stm32f4xx/stm32f4xx_hal_uart.o
                              0x56ea9 (size before relaxing)
 .debug_str     0x00058f47      0xf24 ./system/src/newlib/_exit.o
                               0x4f1a (size before relaxing)
 .debug_str     0x00059e6b      0x366 ./system/src/newlib/_sbrk.o
                               0x44d0 (size before relaxing)
 .debug_str     0x0005a1d1      0x266 ./system/src/newlib/_startup.o
                               0x40a6 (size before relaxing)
 .debug_str     0x0005a437      0xc2d ./system/src/newlib/_syscalls.o
                               0x513f (size before relaxing)
 .debug_str     0x0005b064     0x1013 ./system/src/diag/Trace.o
                               0x6601 (size before relaxing)
 .debug_str     0x0005c077       0x42 ./system/src/diag/trace_impl.o
                              0x27e10 (size before relaxing)
 .debug_str     0x0005c0b9       0x4e ./system/src/cortexm/_initialize_hardware.o
                              0x261b6 (size before relaxing)
 .debug_str     0x0005c107      0x1ca ./system/src/cortexm/exception_handlers.o
                              0x29ae7 (size before relaxing)
 .debug_str     0x0005c2d1       0x65 ./system/src/cmsis/system_stm32f4xx.o
                              0x262f1 (size before relaxing)
 .debug_str     0x0005c336     0x5e59 ./system/src/FreeRTOS/cmsis_os.o
                               0xb514 (size before relaxing)
 .debug_str     0x0006218f      0x38c ./system/src/FreeRTOS/heap_2.o
                               0x81b0 (size before relaxing)
 .debug_str     0x0006251b      0x129 ./system/src/FreeRTOS/list.o
                               0x77ca (size before relaxing)
 .debug_str     0x00062644      0x7b4 ./system/src/FreeRTOS/port.o
                               0x714e (size before relaxing)
 .debug_str     0x00062df8      0x6b3 ./system/src/FreeRTOS/queue.o
                               0xa0d6 (size before relaxing)
 .debug_str     0x000634ab      0xea5 ./system/src/FreeRTOS/tasks.o
                               0xa86a (size before relaxing)
 .debug_str     0x00064350      0x31c ./src/main.o
                              0x5e1f4 (size before relaxing)
 .debug_str     0x0006466c       0x1b ./src/stm32f4xx_hal_msp.o
                              0x575f9 (size before relaxing)
 .debug_str     0x00064687       0x3d ./src/stm32f4xx_it.o
                              0x5bcb7 (size before relaxing)

.debug_loc      0x00000000     0x9c06
 *(.debug_loc)
 .debug_loc     0x00000000       0xb6 ./system/src/stm32f4xx/stm32f4xx_hal.o
 .debug_loc     0x000000b6      0x6ad ./system/src/stm32f4xx/stm32f4xx_hal_adc.o
 .debug_loc     0x00000763      0x501 ./system/src/stm32f4xx/stm32f4xx_hal_cortex.o
 .debug_loc     0x00000c64      0x373 ./system/src/stm32f4xx/stm32f4xx_hal_gpio.o
 .debug_loc     0x00000fd7     0x27f0 ./system/src/stm32f4xx/stm32f4xx_hal_i2c.o
 .debug_loc     0x000037c7      0x8db ./system/src/stm32f4xx/stm32f4xx_hal_rcc.o
 .debug_loc     0x000040a2     0x101d ./system/src/stm32f4xx/stm32f4xx_hal_spi.o
 .debug_loc     0x000050bf      0xfcf ./system/src/stm32f4xx/stm32f4xx_hal_uart.o
 .debug_loc     0x0000608e       0x6b ./system/src/newlib/_sbrk.o
 .debug_loc     0x000060f9      0x265 ./system/src/newlib/_startup.o
 .debug_loc     0x0000635e       0x63 ./system/src/newlib/_syscalls.o
 .debug_loc     0x000063c1       0xf7 ./system/src/diag/Trace.o
 .debug_loc     0x000064b8       0x21 ./system/src/diag/trace_impl.o
 .debug_loc     0x000064d9      0x184 ./system/src/cortexm/exception_handlers.o
 .debug_loc     0x0000665d      0x125 ./system/src/cmsis/system_stm32f4xx.o
 .debug_loc     0x00006782      0xbd7 ./system/src/FreeRTOS/cmsis_os.o
 .debug_loc     0x00007359      0x1b0 ./system/src/FreeRTOS/heap_2.o
 .debug_loc     0x00007509       0x65 ./system/src/FreeRTOS/list.o
 .debug_loc     0x0000756e       0xa7 ./system/src/FreeRTOS/port.o
 .debug_loc     0x00007615      0xbe5 ./system/src/FreeRTOS/queue.o
 .debug_loc     0x000081fa     0x1639 ./system/src/FreeRTOS/tasks.o
 .debug_loc     0x00009833      0x27b ./src/main.o
 .debug_loc     0x00009aae      0x13a ./src/stm32f4xx_hal_msp.o
 .debug_loc     0x00009be8       0x1e ./src/stm32f4xx_it.o

.debug_macinfo
 *(.debug_macinfo)

.debug_weaknames
 *(.debug_weaknames)

.debug_funcnames
 *(.debug_funcnames)

.debug_typenames
 *(.debug_typenames)

.debug_varnames
 *(.debug_varnames)
OUTPUT(Pendulum_Stand.elf elf32-littlearm)

.debug_ranges   0x00000000      0xe80
 .debug_ranges  0x00000000       0xb0 ./system/src/stm32f4xx/stm32f4xx_hal.o
 .debug_ranges  0x000000b0       0xd8 ./system/src/stm32f4xx/stm32f4xx_hal_adc.o
 .debug_ranges  0x00000188       0x80 ./system/src/stm32f4xx/stm32f4xx_hal_cortex.o
 .debug_ranges  0x00000208       0x48 ./system/src/stm32f4xx/stm32f4xx_hal_gpio.o
 .debug_ranges  0x00000250      0x1d8 ./system/src/stm32f4xx/stm32f4xx_hal_i2c.o
 .debug_ranges  0x00000428       0x78 ./system/src/stm32f4xx/stm32f4xx_hal_rcc.o
 .debug_ranges  0x000004a0      0x148 ./system/src/stm32f4xx/stm32f4xx_hal_spi.o
 .debug_ranges  0x000005e8      0x140 ./system/src/stm32f4xx/stm32f4xx_hal_uart.o
 .debug_ranges  0x00000728       0x18 ./system/src/newlib/_exit.o
 .debug_ranges  0x00000740       0x10 ./system/src/newlib/_sbrk.o
 .debug_ranges  0x00000750       0x48 ./system/src/newlib/_startup.o
 .debug_ranges  0x00000798       0x20 ./system/src/newlib/_syscalls.o
 .debug_ranges  0x000007b8       0x28 ./system/src/diag/Trace.o
 .debug_ranges  0x000007e0       0x18 ./system/src/diag/trace_impl.o
 .debug_ranges  0x000007f8       0x18 ./system/src/cortexm/_initialize_hardware.o
 .debug_ranges  0x00000810       0x78 ./system/src/cortexm/exception_handlers.o
 .debug_ranges  0x00000888       0x20 ./system/src/cmsis/startup_stm32f411xe.o
 .debug_ranges  0x000008a8       0x18 ./system/src/cmsis/system_stm32f4xx.o
 .debug_ranges  0x000008c0      0x160 ./system/src/FreeRTOS/cmsis_os.o
 .debug_ranges  0x00000a20       0x30 ./system/src/FreeRTOS/heap_2.o
 .debug_ranges  0x00000a50       0x30 ./system/src/FreeRTOS/list.o
 .debug_ranges  0x00000a80       0x70 ./system/src/FreeRTOS/port.o
 .debug_ranges  0x00000af0       0xe8 ./system/src/FreeRTOS/queue.o
 .debug_ranges  0x00000bd8      0x1b0 ./system/src/FreeRTOS/tasks.o
 .debug_ranges  0x00000d88       0x90 ./src/main.o
 .debug_ranges  0x00000e18       0x50 ./src/stm32f4xx_hal_msp.o
 .debug_ranges  0x00000e68       0x18 ./src/stm32f4xx_it.o

.debug_macro    0x00000000    0x10eba
 .debug_macro   0x00000000      0x2b3 ./system/src/stm32f4xx/stm32f4xx_hal.o
 .debug_macro   0x000002b3      0x868 ./system/src/stm32f4xx/stm32f4xx_hal.o
 .debug_macro   0x00000b1b      0x1b4 ./system/src/stm32f4xx/stm32f4xx_hal.o
 .debug_macro   0x00000ccf       0x2e ./system/src/stm32f4xx/stm32f4xx_hal.o
 .debug_macro   0x00000cfd       0x28 ./system/src/stm32f4xx/stm32f4xx_hal.o
 .debug_macro   0x00000d25       0x3b ./system/src/stm32f4xx/stm32f4xx_hal.o
 .debug_macro   0x00000d60      0x34e ./system/src/stm32f4xx/stm32f4xx_hal.o
 .debug_macro   0x000010ae       0x2d ./system/src/stm32f4xx/stm32f4xx_hal.o
 .debug_macro   0x000010db       0x26 ./system/src/stm32f4xx/stm32f4xx_hal.o
 .debug_macro   0x00001101      0xd39 ./system/src/stm32f4xx/stm32f4xx_hal.o
 .debug_macro   0x00001e3a     0x5084 ./system/src/stm32f4xx/stm32f4xx_hal.o
 .debug_macro   0x00006ebe       0x43 ./system/src/stm32f4xx/stm32f4xx_hal.o
 .debug_macro   0x00006f01     0x2bf9 ./system/src/stm32f4xx/stm32f4xx_hal.o
 .debug_macro   0x00009afa       0x58 ./system/src/stm32f4xx/stm32f4xx_hal.o
 .debug_macro   0x00009b52       0x16 ./system/src/stm32f4xx/stm32f4xx_hal.o
 .debug_macro   0x00009b68       0x35 ./system/src/stm32f4xx/stm32f4xx_hal.o
 .debug_macro   0x00009b9d       0xa3 ./system/src/stm32f4xx/stm32f4xx_hal.o
 .debug_macro   0x00009c40       0x16 ./system/src/stm32f4xx/stm32f4xx_hal.o
 .debug_macro   0x00009c56       0x97 ./system/src/stm32f4xx/stm32f4xx_hal.o
 .debug_macro   0x00009ced       0x10 ./system/src/stm32f4xx/stm32f4xx_hal.o
 .debug_macro   0x00009cfd       0xf6 ./system/src/stm32f4xx/stm32f4xx_hal.o
 .debug_macro   0x00009df3       0x4a ./system/src/stm32f4xx/stm32f4xx_hal.o
 .debug_macro   0x00009e3d       0x52 ./system/src/stm32f4xx/stm32f4xx_hal.o
 .debug_macro   0x00009e8f       0x16 ./system/src/stm32f4xx/stm32f4xx_hal.o
 .debug_macro   0x00009ea5       0x43 ./system/src/stm32f4xx/stm32f4xx_hal.o
 .debug_macro   0x00009ee8      0x180 ./system/src/stm32f4xx/stm32f4xx_hal.o
 .debug_macro   0x0000a068       0x10 ./system/src/stm32f4xx/stm32f4xx_hal.o
 .debug_macro   0x0000a078       0x22 ./system/src/stm32f4xx/stm32f4xx_hal.o
 .debug_macro   0x0000a09a       0xbd ./system/src/stm32f4xx/stm32f4xx_hal.o
 .debug_macro   0x0000a157       0x16 ./system/src/stm32f4xx/stm32f4xx_hal.o
 .debug_macro   0x0000a16d      0x16c ./system/src/stm32f4xx/stm32f4xx_hal.o
 .debug_macro   0x0000a2d9       0x5e ./system/src/stm32f4xx/stm32f4xx_hal.o
 .debug_macro   0x0000a337       0xb2 ./system/src/stm32f4xx/stm32f4xx_hal.o
 .debug_macro   0x0000a3e9      0xbb0 ./system/src/stm32f4xx/stm32f4xx_hal.o
 .debug_macro   0x0000af99      0x11e ./system/src/stm32f4xx/stm32f4xx_hal.o
 .debug_macro   0x0000b0b7      0x11b ./system/src/stm32f4xx/stm32f4xx_hal.o
 .debug_macro   0x0000b1d2       0x27 ./system/src/stm32f4xx/stm32f4xx_hal.o
 .debug_macro   0x0000b1f9      0x272 ./system/src/stm32f4xx/stm32f4xx_hal.o
 .debug_macro   0x0000b46b       0x5f ./system/src/stm32f4xx/stm32f4xx_hal.o
 .debug_macro   0x0000b4ca       0x5d ./system/src/stm32f4xx/stm32f4xx_hal.o
 .debug_macro   0x0000b527      0x31a ./system/src/stm32f4xx/stm32f4xx_hal.o
 .debug_macro   0x0000b841      0x162 ./system/src/stm32f4xx/stm32f4xx_hal.o
 .debug_macro   0x0000b9a3       0xd6 ./system/src/stm32f4xx/stm32f4xx_hal.o
 .debug_macro   0x0000ba79      0x13a ./system/src/stm32f4xx/stm32f4xx_hal.o
 .debug_macro   0x0000bbb3      0x264 ./system/src/stm32f4xx/stm32f4xx_hal.o
 .debug_macro   0x0000be17       0x2e ./system/src/stm32f4xx/stm32f4xx_hal.o
 .debug_macro   0x0000be45      0x17d ./system/src/stm32f4xx/stm32f4xx_hal.o
 .debug_macro   0x0000bfc2       0x22 ./system/src/stm32f4xx/stm32f4xx_hal.o
 .debug_macro   0x0000bfe4       0x9e ./system/src/stm32f4xx/stm32f4xx_hal.o
 .debug_macro   0x0000c082      0x12c ./system/src/stm32f4xx/stm32f4xx_hal.o
 .debug_macro   0x0000c1ae       0x77 ./system/src/stm32f4xx/stm32f4xx_hal.o
 .debug_macro   0x0000c225       0x90 ./system/src/stm32f4xx/stm32f4xx_hal.o
 .debug_macro   0x0000c2b5      0x202 ./system/src/stm32f4xx/stm32f4xx_hal.o
 .debug_macro   0x0000c4b7      0x287 ./system/src/stm32f4xx/stm32f4xx_hal.o
 .debug_macro   0x0000c73e      0x11e ./system/src/stm32f4xx/stm32f4xx_hal.o
 .debug_macro   0x0000c85c      0x266 ./system/src/stm32f4xx/stm32f4xx_hal_adc.o
 .debug_macro   0x0000cac2      0x265 ./system/src/stm32f4xx/stm32f4xx_hal_cortex.o
 .debug_macro   0x0000cd27      0x29d ./system/src/stm32f4xx/stm32f4xx_hal_gpio.o
 .debug_macro   0x0000cfc4      0x27b ./system/src/stm32f4xx/stm32f4xx_hal_i2c.o
 .debug_macro   0x0000d23f      0x28f ./system/src/stm32f4xx/stm32f4xx_hal_rcc.o
 .debug_macro   0x0000d4ce      0x26b ./system/src/stm32f4xx/stm32f4xx_hal_spi.o
 .debug_macro   0x0000d739      0x26d ./system/src/stm32f4xx/stm32f4xx_hal_uart.o
 .debug_macro   0x0000d9a6      0x11b ./system/src/newlib/_exit.o
 .debug_macro   0x0000dac1      0x10e ./system/src/newlib/_exit.o
 .debug_macro   0x0000dbcf       0x86 ./system/src/newlib/_exit.o
 .debug_macro   0x0000dc55       0x10 ./system/src/newlib/_exit.o
 .debug_macro   0x0000dc65       0x35 ./system/src/newlib/_exit.o
 .debug_macro   0x0000dc9a       0xd1 ./system/src/newlib/_sbrk.o
 .debug_macro   0x0000dd6b       0x19 ./system/src/newlib/_sbrk.o
 .debug_macro   0x0000dd84      0x16d ./system/src/newlib/_sbrk.o
 .debug_macro   0x0000def1       0x10 ./system/src/newlib/_sbrk.o
 .debug_macro   0x0000df01      0x23b ./system/src/newlib/_sbrk.o
 .debug_macro   0x0000e13c       0xdb ./system/src/newlib/_startup.o
 .debug_macro   0x0000e217      0x169 ./system/src/newlib/_syscalls.o
 .debug_macro   0x0000e380       0x1c ./system/src/newlib/_syscalls.o
 .debug_macro   0x0000e39c       0x10 ./system/src/newlib/_syscalls.o
 .debug_macro   0x0000e3ac       0x10 ./system/src/newlib/_syscalls.o
 .debug_macro   0x0000e3bc       0x10 ./system/src/newlib/_syscalls.o
 .debug_macro   0x0000e3cc       0x35 ./system/src/newlib/_syscalls.o
 .debug_macro   0x0000e401      0x120 ./system/src/newlib/_syscalls.o
 .debug_macro   0x0000e521       0x22 ./system/src/newlib/_syscalls.o
 .debug_macro   0x0000e543       0x2b ./system/src/newlib/_syscalls.o
 .debug_macro   0x0000e56e      0x118 ./system/src/newlib/_syscalls.o
 .debug_macro   0x0000e686      0x13a ./system/src/newlib/_syscalls.o
 .debug_macro   0x0000e7c0       0x16 ./system/src/newlib/_syscalls.o
 .debug_macro   0x0000e7d6      0x15a ./system/src/diag/Trace.o
 .debug_macro   0x0000e930       0x52 ./system/src/diag/Trace.o
 .debug_macro   0x0000e982      0x283 ./system/src/diag/Trace.o
 .debug_macro   0x0000ec05       0x10 ./system/src/diag/Trace.o
 .debug_macro   0x0000ec15       0x1f ./system/src/diag/Trace.o
 .debug_macro   0x0000ec34      0x14b ./system/src/diag/trace_impl.o
 .debug_macro   0x0000ed7f       0x85 ./system/src/cortexm/_initialize_hardware.o
 .debug_macro   0x0000ee04      0x1af ./system/src/cortexm/exception_handlers.o
 .debug_macro   0x0000efb3       0x22 ./system/src/cortexm/exception_handlers.o
 .debug_macro   0x0000efd5       0x8d ./system/src/cmsis/system_stm32f4xx.o
 .debug_macro   0x0000f062      0x18c ./system/src/FreeRTOS/cmsis_os.o
 .debug_macro   0x0000f1ee       0x16 ./system/src/FreeRTOS/cmsis_os.o
 .debug_macro   0x0000f204       0xd7 ./system/src/FreeRTOS/cmsis_os.o
 .debug_macro   0x0000f2db      0x15d ./system/src/FreeRTOS/cmsis_os.o
 .debug_macro   0x0000f438       0xe4 ./system/src/FreeRTOS/cmsis_os.o
 .debug_macro   0x0000f51c       0x10 ./system/src/FreeRTOS/cmsis_os.o
 .debug_macro   0x0000f52c       0x1f ./system/src/FreeRTOS/cmsis_os.o
 .debug_macro   0x0000f54b      0x3e6 ./system/src/FreeRTOS/cmsis_os.o
 .debug_macro   0x0000f931       0xc0 ./system/src/FreeRTOS/cmsis_os.o
 .debug_macro   0x0000f9f1       0x9a ./system/src/FreeRTOS/cmsis_os.o
 .debug_macro   0x0000fa8b       0x97 ./system/src/FreeRTOS/cmsis_os.o
 .debug_macro   0x0000fb22       0xb0 ./system/src/FreeRTOS/cmsis_os.o
 .debug_macro   0x0000fbd2       0x85 ./system/src/FreeRTOS/cmsis_os.o
 .debug_macro   0x0000fc57       0x11 ./system/src/FreeRTOS/cmsis_os.o
 .debug_macro   0x0000fc68       0xc1 ./system/src/FreeRTOS/cmsis_os.o
 .debug_macro   0x0000fd29      0x16a ./system/src/FreeRTOS/heap_2.o
 .debug_macro   0x0000fe93      0x13c ./system/src/FreeRTOS/list.o
 .debug_macro   0x0000ffcf      0x158 ./system/src/FreeRTOS/port.o
 .debug_macro   0x00010127      0x1cc ./system/src/FreeRTOS/queue.o
 .debug_macro   0x000102f3      0x208 ./system/src/FreeRTOS/tasks.o
 .debug_macro   0x000104fb       0x16 ./system/src/FreeRTOS/tasks.o
 .debug_macro   0x00010511      0x35f ./src/main.o
 .debug_macro   0x00010870       0xd7 ./src/main.o
 .debug_macro   0x00010947      0x265 ./src/stm32f4xx_hal_msp.o
 .debug_macro   0x00010bac      0x30e ./src/stm32f4xx_it.o
