Archive member included because of file (symbol)

c:/stm32toolchain/gnu-arm/4.8-2014q3/bin/../lib/gcc/arm-none-eabi/4.8.4/../../../../arm-none-eabi/lib/armv7e-m/fpu\libm.a(lib_a-s_atan.o)
                              ./src/Devices/ADXL335.o (atan)
c:/stm32toolchain/gnu-arm/4.8-2014q3/bin/../lib/gcc/arm-none-eabi/4.8.4/../../../../arm-none-eabi/lib/armv7e-m/fpu\libm.a(lib_a-s_fabs.o)
                              c:/stm32toolchain/gnu-arm/4.8-2014q3/bin/../lib/gcc/arm-none-eabi/4.8.4/../../../../arm-none-eabi/lib/armv7e-m/fpu\libm.a(lib_a-s_atan.o) (fabs)
c:/stm32toolchain/gnu-arm/4.8-2014q3/bin/../lib/gcc/arm-none-eabi/4.8.4/armv7e-m/fpu\libgcc.a(_arm_addsubdf3.o)
                              ./src/Devices/ADXL335.o (__aeabi_dsub)
c:/stm32toolchain/gnu-arm/4.8-2014q3/bin/../lib/gcc/arm-none-eabi/4.8.4/armv7e-m/fpu\libgcc.a(_arm_muldivdf3.o)
                              ./src/Devices/ADXL335.o (__aeabi_dmul)
c:/stm32toolchain/gnu-arm/4.8-2014q3/bin/../lib/gcc/arm-none-eabi/4.8.4/armv7e-m/fpu\libgcc.a(_arm_cmpdf2.o)
                              c:/stm32toolchain/gnu-arm/4.8-2014q3/bin/../lib/gcc/arm-none-eabi/4.8.4/../../../../arm-none-eabi/lib/armv7e-m/fpu\libm.a(lib_a-s_atan.o) (__aeabi_dcmpgt)
c:/stm32toolchain/gnu-arm/4.8-2014q3/bin/../lib/gcc/arm-none-eabi/4.8.4/armv7e-m/fpu\libgcc.a(_arm_fixunsdfsi.o)
                              ./src/Devices/tmp006.o (__aeabi_d2uiz)
c:/stm32toolchain/gnu-arm/4.8-2014q3/bin/../lib/gcc/arm-none-eabi/4.8.4/armv7e-m/fpu\libgcc.a(unwind-arm.o)
                              ./system/src/newlib/_cxx.o (__aeabi_unwind_cpp_pr1)
c:/stm32toolchain/gnu-arm/4.8-2014q3/bin/../lib/gcc/arm-none-eabi/4.8.4/armv7e-m/fpu\libgcc.a(libunwind.o)
                              c:/stm32toolchain/gnu-arm/4.8-2014q3/bin/../lib/gcc/arm-none-eabi/4.8.4/armv7e-m/fpu\libgcc.a(unwind-arm.o) (restore_core_regs)
c:/stm32toolchain/gnu-arm/4.8-2014q3/bin/../lib/gcc/arm-none-eabi/4.8.4/armv7e-m/fpu\libgcc.a(pr-support.o)
                              c:/stm32toolchain/gnu-arm/4.8-2014q3/bin/../lib/gcc/arm-none-eabi/4.8.4/armv7e-m/fpu\libgcc.a(unwind-arm.o) (__gnu_unwind_execute)
c:/stm32toolchain/gnu-arm/4.8-2014q3/bin/../lib/gcc/arm-none-eabi/4.8.4/../../../../arm-none-eabi/lib/armv7e-m/fpu\libg_s.a(lib_a-errno.o)
                              ./system/src/newlib/_sbrk.o (__errno)
c:/stm32toolchain/gnu-arm/4.8-2014q3/bin/../lib/gcc/arm-none-eabi/4.8.4/../../../../arm-none-eabi/lib/armv7e-m/fpu\libg_s.a(lib_a-impure.o)
                              c:/stm32toolchain/gnu-arm/4.8-2014q3/bin/../lib/gcc/arm-none-eabi/4.8.4/../../../../arm-none-eabi/lib/armv7e-m/fpu\libg_s.a(lib_a-errno.o) (_impure_ptr)
c:/stm32toolchain/gnu-arm/4.8-2014q3/bin/../lib/gcc/arm-none-eabi/4.8.4/../../../../arm-none-eabi/lib/armv7e-m/fpu\libg_s.a(lib_a-init.o)
                              ./system/src/cmsis/startup_stm32f411xe.o (__libc_init_array)
c:/stm32toolchain/gnu-arm/4.8-2014q3/bin/../lib/gcc/arm-none-eabi/4.8.4/../../../../arm-none-eabi/lib/armv7e-m/fpu\libg_s.a(lib_a-memcpy-stub.o)
                              ./system/src/FreeRTOS/queue.o (memcpy)
c:/stm32toolchain/gnu-arm/4.8-2014q3/bin/../lib/gcc/arm-none-eabi/4.8.4/../../../../arm-none-eabi/lib/armv7e-m/fpu\libg_s.a(lib_a-memset.o)
                              ./system/src/FreeRTOS/cmsis_os.o (memset)
c:/stm32toolchain/gnu-arm/4.8-2014q3/bin/../lib/gcc/arm-none-eabi/4.8.4/../../../../arm-none-eabi/lib/armv7e-m/fpu\libg_s.a(lib_a-snprintf.o)
                              ./src/main.o (snprintf)
c:/stm32toolchain/gnu-arm/4.8-2014q3/bin/../lib/gcc/arm-none-eabi/4.8.4/../../../../arm-none-eabi/lib/armv7e-m/fpu\libg_s.a(lib_a-strlen.o)
                              ./system/src/diag/Trace.o (strlen)
c:/stm32toolchain/gnu-arm/4.8-2014q3/bin/../lib/gcc/arm-none-eabi/4.8.4/../../../../arm-none-eabi/lib/armv7e-m/fpu\libg_s.a(lib_a-svfprintf.o)
                              c:/stm32toolchain/gnu-arm/4.8-2014q3/bin/../lib/gcc/arm-none-eabi/4.8.4/../../../../arm-none-eabi/lib/armv7e-m/fpu\libg_s.a(lib_a-snprintf.o) (_svfprintf_r)
c:/stm32toolchain/gnu-arm/4.8-2014q3/bin/../lib/gcc/arm-none-eabi/4.8.4/../../../../arm-none-eabi/lib/armv7e-m/fpu\libg_s.a(lib_a-vfprintf_i.o)
                              c:/stm32toolchain/gnu-arm/4.8-2014q3/bin/../lib/gcc/arm-none-eabi/4.8.4/../../../../arm-none-eabi/lib/armv7e-m/fpu\libg_s.a(lib_a-svfprintf.o) (_printf_i)
c:/stm32toolchain/gnu-arm/4.8-2014q3/bin/../lib/gcc/arm-none-eabi/4.8.4/../../../../arm-none-eabi/lib/armv7e-m/fpu\libg_s.a(lib_a-vsnprintf.o)
                              ./system/src/diag/Trace.o (vsnprintf)
c:/stm32toolchain/gnu-arm/4.8-2014q3/bin/../lib/gcc/arm-none-eabi/4.8.4/../../../../arm-none-eabi/lib/armv7e-m/fpu\libg_s.a(lib_a-memchr-stub.o)
                              c:/stm32toolchain/gnu-arm/4.8-2014q3/bin/../lib/gcc/arm-none-eabi/4.8.4/../../../../arm-none-eabi/lib/armv7e-m/fpu\libg_s.a(lib_a-svfprintf.o) (memchr)
[...]
Memory Configuration

Name             Origin             Length             Attributes
FLASH            0x08000000         0x00080000         xr
RAM              0x20000000         0x00020000         xrw
CCMRAM           0x10000000         0x00000000         xrw
FLASHB1          0x00000000         0x00000000         xr
EXTMEMB0         0x00000000         0x00000000         xr
EXTMEMB1         0x00000000         0x00000000         xr
EXTMEMB2         0x00000000         0x00000000         xr
EXTMEMB3         0x00000000         0x00000000         xr
*default*        0x00000000         0xffffffff

Linker script and memory map

LOAD ./system/src/stm32f4xx/stm32f4xx_hal.o
LOAD ./system/src/stm32f4xx/stm32f4xx_hal_adc.o
LOAD ./system/src/stm32f4xx/stm32f4xx_hal_adc_ex.o
LOAD ./system/src/stm32f4xx/stm32f4xx_hal_can.o
LOAD ./system/src/stm32f4xx/stm32f4xx_hal_cec.o
LOAD ./system/src/stm32f4xx/stm32f4xx_hal_cortex.o
LOAD ./system/src/stm32f4xx/stm32f4xx_hal_crc.o
LOAD ./system/src/stm32f4xx/stm32f4xx_hal_cryp.o
LOAD ./system/src/stm32f4xx/stm32f4xx_hal_cryp_ex.o
LOAD ./system/src/stm32f4xx/stm32f4xx_hal_dac.o
LOAD ./system/src/stm32f4xx/stm32f4xx_hal_dac_ex.o
LOAD ./system/src/stm32f4xx/stm32f4xx_hal_dcmi.o
LOAD ./system/src/stm32f4xx/stm32f4xx_hal_dcmi_ex.o
LOAD ./system/src/stm32f4xx/stm32f4xx_hal_dma.o
LOAD ./system/src/stm32f4xx/stm32f4xx_hal_dma2d.o
LOAD ./system/src/stm32f4xx/stm32f4xx_hal_dma_ex.o
LOAD ./system/src/stm32f4xx/stm32f4xx_hal_eth.o
LOAD ./system/src/stm32f4xx/stm32f4xx_hal_flash.o
LOAD ./system/src/stm32f4xx/stm32f4xx_hal_flash_ex.o
LOAD ./system/src/stm32f4xx/stm32f4xx_hal_flash_ramfunc.o
LOAD ./system/src/stm32f4xx/stm32f4xx_hal_fmpi2c.o
LOAD ./system/src/stm32f4xx/stm32f4xx_hal_fmpi2c_ex.o
LOAD ./system/src/stm32f4xx/stm32f4xx_hal_gpio.o
LOAD ./system/src/stm32f4xx/stm32f4xx_hal_hash.o
LOAD ./system/src/stm32f4xx/stm32f4xx_hal_hash_ex.o
LOAD ./system/src/stm32f4xx/stm32f4xx_hal_hcd.o
LOAD ./system/src/stm32f4xx/stm32f4xx_hal_i2c.o
LOAD ./system/src/stm32f4xx/stm32f4xx_hal_i2c_ex.o
LOAD ./system/src/stm32f4xx/stm32f4xx_hal_i2s.o
LOAD ./system/src/stm32f4xx/stm32f4xx_hal_i2s_ex.o
LOAD ./system/src/stm32f4xx/stm32f4xx_hal_irda.o
LOAD ./system/src/stm32f4xx/stm32f4xx_hal_iwdg.o
LOAD ./system/src/stm32f4xx/stm32f4xx_hal_ltdc.o
LOAD ./system/src/stm32f4xx/stm32f4xx_hal_nand.o
LOAD ./system/src/stm32f4xx/stm32f4xx_hal_nor.o
LOAD ./system/src/stm32f4xx/stm32f4xx_hal_pccard.o
LOAD ./system/src/stm32f4xx/stm32f4xx_hal_pcd.o
LOAD ./system/src/stm32f4xx/stm32f4xx_hal_pcd_ex.o
LOAD ./system/src/stm32f4xx/stm32f4xx_hal_pwr.o
LOAD ./system/src/stm32f4xx/stm32f4xx_hal_pwr_ex.o
LOAD ./system/src/stm32f4xx/stm32f4xx_hal_qspi.o
LOAD ./system/src/stm32f4xx/stm32f4xx_hal_rcc.o
LOAD ./system/src/stm32f4xx/stm32f4xx_hal_rcc_ex.o
LOAD ./system/src/stm32f4xx/stm32f4xx_hal_rng.o
LOAD ./system/src/stm32f4xx/stm32f4xx_hal_rtc.o
LOAD ./system/src/stm32f4xx/stm32f4xx_hal_rtc_ex.o
LOAD ./system/src/stm32f4xx/stm32f4xx_hal_sai.o
LOAD ./system/src/stm32f4xx/stm32f4xx_hal_sai_ex.o
LOAD ./system/src/stm32f4xx/stm32f4xx_hal_sd.o
LOAD ./system/src/stm32f4xx/stm32f4xx_hal_sdram.o
LOAD ./system/src/stm32f4xx/stm32f4xx_hal_smartcard.o
LOAD ./system/src/stm32f4xx/stm32f4xx_hal_spdifrx.o
LOAD ./system/src/stm32f4xx/stm32f4xx_hal_spi.o
LOAD ./system/src/stm32f4xx/stm32f4xx_hal_sram.o
LOAD ./system/src/stm32f4xx/stm32f4xx_hal_tim.o
LOAD ./system/src/stm32f4xx/stm32f4xx_hal_tim_ex.o
LOAD ./system/src/stm32f4xx/stm32f4xx_hal_uart.o
LOAD ./system/src/stm32f4xx/stm32f4xx_hal_usart.o
LOAD ./system/src/stm32f4xx/stm32f4xx_hal_wwdg.o
LOAD ./system/src/stm32f4xx/stm32f4xx_ll_fmc.o
LOAD ./system/src/stm32f4xx/stm32f4xx_ll_fsmc.o
LOAD ./system/src/stm32f4xx/stm32f4xx_ll_sdmmc.o
LOAD ./system/src/stm32f4xx/stm32f4xx_ll_usb.o
LOAD ./system/src/newlib/_cxx.o
LOAD ./system/src/newlib/_exit.o
LOAD ./system/src/newlib/_sbrk.o
LOAD ./system/src/newlib/_startup.o
LOAD ./system/src/newlib/_syscalls.o
LOAD ./system/src/newlib/assert.o
LOAD ./system/src/diag/Trace.o
LOAD ./system/src/diag/trace_impl.o
LOAD ./system/src/cortexm/_initialize_hardware.o
LOAD ./system/src/cortexm/_reset_hardware.o
LOAD ./system/src/cortexm/exception_handlers.o
LOAD ./system/src/cmsis/startup_stm32f411xe.o
LOAD ./system/src/cmsis/system_stm32f4xx.o
LOAD ./system/src/FreeRTOS/cmsis_os.o
LOAD ./system/src/FreeRTOS/croutine.o
LOAD ./system/src/FreeRTOS/event_groups.o
LOAD ./system/src/FreeRTOS/heap_2.o
LOAD ./system/src/FreeRTOS/list.o
LOAD ./system/src/FreeRTOS/port.o
LOAD ./system/src/FreeRTOS/queue.o
LOAD ./system/src/FreeRTOS/tasks.o
LOAD ./system/src/FreeRTOS/timers.o
LOAD ./src/Devices/ADXL335.o
LOAD ./src/Devices/tmp006.o
LOAD ./src/_write.o
LOAD ./src/freertos.o
LOAD ./src/main.o
LOAD ./src/stm32f4xx_hal_msp.o
LOAD ./src/stm32f4xx_it.o
LOAD c:/stm32toolchain/gnu-arm/4.8-2014q3/bin/../lib/gcc/arm-none-eabi/4.8.4/../../../../arm-none-eabi/lib/armv7e-m/fpu\libstdc++_s.a
LOAD c:/stm32toolchain/gnu-arm/4.8-2014q3/bin/../lib/gcc/arm-none-eabi/4.8.4/../../../../arm-none-eabi/lib/armv7e-m/fpu\libm.a
START GROUP
LOAD c:/stm32toolchain/gnu-arm/4.8-2014q3/bin/../lib/gcc/arm-none-eabi/4.8.4/armv7e-m/fpu\libgcc.a
LOAD c:/stm32toolchain/gnu-arm/4.8-2014q3/bin/../lib/gcc/arm-none-eabi/4.8.4/../../../../arm-none-eabi/lib/armv7e-m/fpu\libg_s.a
LOAD c:/stm32toolchain/gnu-arm/4.8-2014q3/bin/../lib/gcc/arm-none-eabi/4.8.4/../../../../arm-none-eabi/lib/armv7e-m/fpu\libc_s.a
END GROUP
START GROUP
LOAD c:/stm32toolchain/gnu-arm/4.8-2014q3/bin/../lib/gcc/arm-none-eabi/4.8.4/armv7e-m/fpu\libgcc.a
LOAD c:/stm32toolchain/gnu-arm/4.8-2014q3/bin/../lib/gcc/arm-none-eabi/4.8.4/../../../../arm-none-eabi/lib/armv7e-m/fpu\libc_s.a
END GROUP
                0x20020000                __stack = (ORIGIN (RAM) + 0x20000)
                0x20020000                _estack = __stack
                0x00000400                __Main_Stack_Size = 0x400
                0x00000400                PROVIDE (_Main_Stack_Size, __Main_Stack_Size)
                0x2001fc00                __Main_Stack_Limit = (__stack - __Main_Stack_Size)
                0x2001fc00                PROVIDE (_Main_Stack_Limit, __Main_Stack_Limit)
                0x00000100                _Minimum_Stack_Size = 0x100
                0x20003f3c                PROVIDE (_Heap_Begin, _end_noinit)
                0x2001fc00                PROVIDE (_Heap_Limit, (__stack - __Main_Stack_Size))

.isr_vector     0x08000000      0x3b0
 FILL mask 0xff
                0x08000000                __vectors_start = ABSOLUTE (.)
                0x08000000                __vectors_start__ = ABSOLUTE (.)
 *(.isr_vector)
 .isr_vector    0x08000000      0x198 ./system/src/cmsis/startup_stm32f411xe.o
                0x08000000                g_pfnVectors
 *(.cfmconfig)
 *(.after_vectors .after_vectors.*)
 .after_vectors
                0x08000198      0x114 ./system/src/newlib/_startup.o
                0x08000198                _start
 .after_vectors
                0x080002ac      0x104 ./system/src/cortexm/exception_handlers.o
                0x080002ac                Reset_Handler
                0x080002b4                NMI_Handler
                0x080002b8                HardFault_Handler
                0x080002cc                HardFault_Handler_C
                0x08000300                MemManage_Handler
                0x08000304                BusFault_Handler
                0x08000318                BusFault_Handler_C
                0x0800034c                UsageFault_Handler
                0x08000360                UsageFault_Handler_C
                0x08000398                DebugMon_Handler

.inits          0x080003b0       0x28
                0x080003b0                __data_regions_array_start = .
                0x080003b0        0x4 LONG 0x8004138 LOADADDR (.data)
                0x080003b4        0x4 LONG 0x20000000 ADDR (.data)
                0x080003b8        0x4 LONG 0x20000080 (ADDR (.data) + SIZEOF (.data))
                0x080003bc        0x4 LONG 0x8004138 LOADADDR (.data_CCMRAM)
                0x080003c0        0x4 LONG 0x10000000 ADDR (.data_CCMRAM)
                0x080003c4        0x4 LONG 0x10000000 (ADDR (.data_CCMRAM) + SIZEOF (.data_CCMRAM))
                0x080003c8                __data_regions_array_end = .
                0x080003c8                __bss_regions_array_start = .
                0x080003c8        0x4 LONG 0x20000080 ADDR (.bss)
                0x080003cc        0x4 LONG 0x20003f3c (ADDR (.bss) + SIZEOF (.bss))
                0x080003d0        0x4 LONG 0x10000000 ADDR (.bss_CCMRAM)
                0x080003d4        0x4 LONG 0x10000000 (ADDR (.bss_CCMRAM) + SIZEOF (.bss_CCMRAM))
                0x080003d8                __bss_regions_array_end = .
 *(.init)
 *(.fini)
                0x080003d8                . = ALIGN (0x4)
                0x080003d8                PROVIDE (__preinit_array_start, .)
 *(.preinit_array_sysinit .preinit_array_sysinit.*)
 *(.preinit_array_platform .preinit_array_platform.*)
 *(.preinit_array .preinit_array.*)
                0x080003d8                PROVIDE (__preinit_array_end, .)
                0x080003d8                . = ALIGN (0x4)
                0x080003d8                PROVIDE (__init_array_start, .)
 *(SORT(.init_array.*))
 *(.init_array)
                0x080003d8                PROVIDE (__init_array_end, .)
                0x080003d8                . = ALIGN (0x4)
                0x080003d8                PROVIDE (__fini_array_start, .)
 *(SORT(.fini_array.*))
 *(.fini_array)
                0x080003d8                PROVIDE (__fini_array_end, .)

.flashtext
 *(.flashtext .flashtext.*)

.text           0x080003d8     0x3d5d
 *(.text .text.*)
 .text.HAL_InitTick
                0x080003d8       0x28 ./system/src/stm32f4xx/stm32f4xx_hal.o
                0x080003d8                HAL_InitTick
 .text.HAL_Init
                0x08000400       0x34 ./system/src/stm32f4xx/stm32f4xx_hal.o
                0x08000400                HAL_Init
 .text.HAL_IncTick
                0x08000434       0x10 ./system/src/stm32f4xx/stm32f4xx_hal.o
                0x08000434                HAL_IncTick
 .text.HAL_GetTick
                0x08000444        0xc ./system/src/stm32f4xx/stm32f4xx_hal.o
                0x08000444                HAL_GetTick
 .text.ADC_Init
                0x08000450      0x140 ./system/src/stm32f4xx/stm32f4xx_hal_adc.o
 .text.HAL_ADC_Init
                0x08000590       0x3c ./system/src/stm32f4xx/stm32f4xx_hal_adc.o
                0x08000590                HAL_ADC_Init
 .text.HAL_ADC_ConfigChannel
                0x080005cc      0x184 ./system/src/stm32f4xx/stm32f4xx_hal_adc.o
                0x080005cc                HAL_ADC_ConfigChannel
 .text.HAL_NVIC_SetPriorityGrouping
                0x08000750       0x24 ./system/src/stm32f4xx/stm32f4xx_hal_cortex.o
                0x08000750                HAL_NVIC_SetPriorityGrouping
 .text.HAL_NVIC_SetPriority
                0x08000774       0x64 ./system/src/stm32f4xx/stm32f4xx_hal_cortex.o
                0x08000774                HAL_NVIC_SetPriority
 .text.HAL_SYSTICK_Config
                0x080007d8       0x2c ./system/src/stm32f4xx/stm32f4xx_hal_cortex.o
                0x080007d8                HAL_SYSTICK_Config
 .text.HAL_SYSTICK_CLKSourceConfig
                0x08000804       0x20 ./system/src/stm32f4xx/stm32f4xx_hal_cortex.o
                0x08000804                HAL_SYSTICK_CLKSourceConfig
 .text.HAL_GPIO_Init
                0x08000824      0x1b0 ./system/src/stm32f4xx/stm32f4xx_hal_gpio.o
                0x08000824                HAL_GPIO_Init
 .text.HAL_GPIO_ReadPin
                0x080009d4       0x10 ./system/src/stm32f4xx/stm32f4xx_hal_gpio.o
                0x080009d4                HAL_GPIO_ReadPin
 .text.HAL_GPIO_TogglePin
                0x080009e4        0x8 ./system/src/stm32f4xx/stm32f4xx_hal_gpio.o
                0x080009e4                HAL_GPIO_TogglePin
 .text.HAL_I2C_Init
                0x080009ec      0x118 ./system/src/stm32f4xx/stm32f4xx_hal_i2c.o
                0x080009ec                HAL_I2C_Init
 .text.HAL_RCC_OscConfig
                0x08000b04      0x3d4 ./system/src/stm32f4xx/stm32f4xx_hal_rcc.o
                0x08000b04                HAL_RCC_OscConfig
 .text.HAL_RCC_ClockConfig
                0x08000ed8      0x268 ./system/src/stm32f4xx/stm32f4xx_hal_rcc.o
                0x08000ed8                HAL_RCC_ClockConfig
 .text.HAL_RCC_GetSysClockFreq
                0x08001140       0xa0 ./system/src/stm32f4xx/stm32f4xx_hal_rcc.o
                0x08001140                HAL_RCC_GetSysClockFreq
 .text.HAL_RCC_GetHCLKFreq
                0x080011e0       0x38 ./system/src/stm32f4xx/stm32f4xx_hal_rcc.o
                0x080011e0                HAL_RCC_GetHCLKFreq
 .text.HAL_RCC_GetPCLK1Freq
                0x08001218       0x30 ./system/src/stm32f4xx/stm32f4xx_hal_rcc.o
                0x08001218                HAL_RCC_GetPCLK1Freq
 .text.HAL_RCC_GetPCLK2Freq
                0x08001248       0x30 ./system/src/stm32f4xx/stm32f4xx_hal_rcc.o
                0x08001248                HAL_RCC_GetPCLK2Freq
 .text.UART_SetConfig
                0x08001278      0x220 ./system/src/stm32f4xx/stm32f4xx_hal_uart.o
 .text.UART_WaitOnFlagUntilTimeout
                0x08001498       0xd4 ./system/src/stm32f4xx/stm32f4xx_hal_uart.o
 .text.HAL_UART_Init
                0x0800156c       0x60 ./system/src/stm32f4xx/stm32f4xx_hal_uart.o
                0x0800156c                HAL_UART_Init
 .text.HAL_UART_Transmit
                0x080015cc       0xe8 ./system/src/stm32f4xx/stm32f4xx_hal_uart.o
                0x080015cc                HAL_UART_Transmit
 .text._exit    0x080016b4        0x4 ./system/src/newlib/_exit.o
                0x080016b4                _exit
 .text._sbrk    0x080016b8       0x44 ./system/src/newlib/_sbrk.o
                0x080016b8                _sbrk
 .text.__initialize_args
                0x080016fc       0x10 ./system/src/newlib/_syscalls.o
                0x080016fc                __initialize_args
 .text.trace_printf
                0x0800170c       0x34 ./system/src/diag/Trace.o
                0x0800170c                trace_printf
 .text.trace_write
                0x08001740        0x8 ./system/src/diag/trace_impl.o
                0x08001740                trace_write
 .text.__initialize_hardware_early
                0x08001748       0x1c ./system/src/cortexm/_initialize_hardware.o
                0x08001748                __initialize_hardware_early
 .text.__initialize_hardware
                0x08001764        0x8 ./system/src/cortexm/_initialize_hardware.o
                0x08001764                __initialize_hardware
 .text.dumpExceptionStack
                0x0800176c       0xf0 ./system/src/cortexm/exception_handlers.o
                0x0800176c                dumpExceptionStack
 .text.Default_Handler
                0x0800185c        0x4 ./system/src/cmsis/startup_stm32f411xe.o
                0x0800185c                RTC_Alarm_IRQHandler
                0x0800185c                EXTI2_IRQHandler
                0x0800185c                SPI4_IRQHandler
                0x0800185c                TIM1_CC_IRQHandler
                0x0800185c                DMA2_Stream5_IRQHandler
                0x0800185c                DMA1_Stream5_IRQHandler
                0x0800185c                PVD_IRQHandler
                0x0800185c                SDIO_IRQHandler
                0x0800185c                TAMP_STAMP_IRQHandler
                0x0800185c                EXTI3_IRQHandler
                0x0800185c                TIM1_UP_TIM10_IRQHandler
                0x0800185c                I2C3_ER_IRQHandler
                0x0800185c                EXTI0_IRQHandler
                0x0800185c                I2C2_EV_IRQHandler
                0x0800185c                DMA1_Stream2_IRQHandler
                0x0800185c                FPU_IRQHandler
                0x0800185c                DMA2_Stream2_IRQHandler
                0x0800185c                SPI1_IRQHandler
                0x0800185c                TIM1_BRK_TIM9_IRQHandler
                0x0800185c                DMA2_Stream3_IRQHandler
                0x0800185c                USART6_IRQHandler
                0x0800185c                DMA2_Stream0_IRQHandler
                0x0800185c                TIM4_IRQHandler
                0x0800185c                I2C1_EV_IRQHandler
                0x0800185c                DMA1_Stream6_IRQHandler
                0x0800185c                DMA1_Stream1_IRQHandler
                0x0800185c                TIM3_IRQHandler
                0x0800185c                RCC_IRQHandler
                0x0800185c                Default_Handler
                0x0800185c                EXTI15_10_IRQHandler
                0x0800185c                ADC_IRQHandler
                0x0800185c                DMA1_Stream7_IRQHandler
                0x0800185c                SPI5_IRQHandler
                0x0800185c                TIM5_IRQHandler
                0x0800185c                DMA2_Stream7_IRQHandler
                0x0800185c                I2C3_EV_IRQHandler
                0x0800185c                EXTI9_5_IRQHandler
                0x0800185c                RTC_WKUP_IRQHandler
                0x0800185c                SPI2_IRQHandler
                0x0800185c                DMA1_Stream0_IRQHandler
                0x0800185c                EXTI4_IRQHandler
                0x0800185c                WWDG_IRQHandler
                0x0800185c                TIM2_IRQHandler
                0x0800185c                OTG_FS_WKUP_IRQHandler
                0x0800185c                TIM1_TRG_COM_TIM11_IRQHandler
                0x0800185c                EXTI1_IRQHandler
                0x0800185c                USART2_IRQHandler
                0x0800185c                I2C2_ER_IRQHandler
                0x0800185c                DMA2_Stream1_IRQHandler
                0x0800185c                FLASH_IRQHandler
                0x0800185c                DMA2_Stream4_IRQHandler
                0x0800185c                USART1_IRQHandler
                0x0800185c                OTG_FS_IRQHandler
                0x0800185c                SPI3_IRQHandler
                0x0800185c                DMA1_Stream4_IRQHandler
                0x0800185c                I2C1_ER_IRQHandler
                0x0800185c                DMA2_Stream6_IRQHandler
                0x0800185c                DMA1_Stream3_IRQHandler
 .text.SystemInit
                0x08001860       0x4c ./system/src/cmsis/system_stm32f4xx.o
                0x08001860                SystemInit
 .text.SystemCoreClockUpdate
                0x080018ac       0xa0 ./system/src/cmsis/system_stm32f4xx.o
                0x080018ac                SystemCoreClockUpdate
 .text.makeFreeRtosPriority
                0x0800194c        0xc ./system/src/FreeRTOS/cmsis_os.o
 .text.inHandlerMode
                0x08001958        0xc ./system/src/FreeRTOS/cmsis_os.o
 .text.osKernelStart
                0x08001964        0xc ./system/src/FreeRTOS/cmsis_os.o
                0x08001964                osKernelStart
 .text.osThreadCreate
                0x08001970       0x40 ./system/src/FreeRTOS/cmsis_os.o
                0x08001970                osThreadCreate
 .text.osDelay  0x080019b0       0x10 ./system/src/FreeRTOS/cmsis_os.o
                0x080019b0                osDelay
 .text.osPoolCreate
                0x080019c0       0x6c ./system/src/FreeRTOS/cmsis_os.o
                0x080019c0                osPoolCreate
 .text.osPoolAlloc
                0x08001a2c       0x6c ./system/src/FreeRTOS/cmsis_os.o
                0x08001a2c                osPoolAlloc
 .text.osPoolFree
                0x08001a98       0x40 ./system/src/FreeRTOS/cmsis_os.o
                0x08001a98                osPoolFree
 .text.osMessageCreate
                0x08001ad8       0x10 ./system/src/FreeRTOS/cmsis_os.o
                0x08001ad8                osMessageCreate
 .text.osMessagePut
                0x08001ae8       0x68 ./system/src/FreeRTOS/cmsis_os.o
                0x08001ae8                osMessagePut
 .text.osMessageGet
                0x08001b50       0x98 ./system/src/FreeRTOS/cmsis_os.o
                0x08001b50                osMessageGet
 .text.osSystickHandler
                0x08001be8       0x10 ./system/src/FreeRTOS/cmsis_os.o
                0x08001be8                osSystickHandler
 .text.prvHeapInit
                0x08001bf8       0x2c ./system/src/FreeRTOS/heap_2.o
 .text.pvPortMalloc
                0x08001c24       0xa4 ./system/src/FreeRTOS/heap_2.o
                0x08001c24                pvPortMalloc
 .text.vPortFree
                0x08001cc8       0x40 ./system/src/FreeRTOS/heap_2.o
                0x08001cc8                vPortFree
 .text.vListInitialise
                0x08001d08       0x18 ./system/src/FreeRTOS/list.o
                0x08001d08                vListInitialise
 .text.vListInitialiseItem
                0x08001d20        0x8 ./system/src/FreeRTOS/list.o
                0x08001d20                vListInitialiseItem
 .text.vListInsertEnd
                0x08001d28       0x18 ./system/src/FreeRTOS/list.o
                0x08001d28                vListInsertEnd
 .text.vListInsert
                0x08001d40       0x34 ./system/src/FreeRTOS/list.o
                0x08001d40                vListInsert
 .text.uxListRemove
                0x08001d74       0x24 ./system/src/FreeRTOS/list.o
                0x08001d74                uxListRemove
 .text.prvTaskExitError
                0x08001d98       0x34 ./system/src/FreeRTOS/port.o
 .text.prvPortStartFirstTask
                0x08001dcc       0x20 ./system/src/FreeRTOS/port.o
 .text.vPortEnableVFP
                0x08001dec       0x14 ./system/src/FreeRTOS/port.o
 .text.pxPortInitialiseStack
                0x08001e00       0x28 ./system/src/FreeRTOS/port.o
                0x08001e00                pxPortInitialiseStack
 .text.SVC_Handler
                0x08001e28       0x20 ./system/src/FreeRTOS/port.o
                0x08001e28                SVC_Handler
 .text.vPortEnterCritical
                0x08001e48       0x44 ./system/src/FreeRTOS/port.o
                0x08001e48                vPortEnterCritical
 .text.vPortExitCritical
                0x08001e8c       0x2c ./system/src/FreeRTOS/port.o
                0x08001e8c                vPortExitCritical
 .text.PendSV_Handler
                0x08001eb8       0x60 ./system/src/FreeRTOS/port.o
                0x08001eb8                PendSV_Handler
 .text.xPortSysTickHandler
                0x08001f18       0x30 ./system/src/FreeRTOS/port.o
                0x08001f18                xPortSysTickHandler
 .text.vPortSetupTimerInterrupt
                0x08001f48       0x28 ./system/src/FreeRTOS/port.o
                0x08001f48                vPortSetupTimerInterrupt
 .text.xPortStartScheduler
                0x08001f70       0xec ./system/src/FreeRTOS/port.o
                0x08001f70                xPortStartScheduler
 .text.vPortValidateInterruptPriority
                0x0800205c       0x5c ./system/src/FreeRTOS/port.o
                0x0800205c                vPortValidateInterruptPriority
 .text.prvIsQueueFull
                0x080020b8       0x20 ./system/src/FreeRTOS/queue.o
 .text.prvIsQueueEmpty
                0x080020d8       0x1c ./system/src/FreeRTOS/queue.o
 .text.prvCopyDataToQueue
                0x080020f4       0x7c ./system/src/FreeRTOS/queue.o
 .text.prvCopyDataFromQueue
                0x08002170       0x24 ./system/src/FreeRTOS/queue.o
 .text.prvUnlockQueue
                0x08002194       0x64 ./system/src/FreeRTOS/queue.o
 .text.xQueueGenericReset
                0x080021f8       0x80 ./system/src/FreeRTOS/queue.o
                0x080021f8                xQueueGenericReset
 .text.xQueueGenericCreate
                0x08002278       0x68 ./system/src/FreeRTOS/queue.o
                0x08002278                xQueueGenericCreate
 .text.xQueueGenericSend
                0x080022e0      0x184 ./system/src/FreeRTOS/queue.o
                0x080022e0                xQueueGenericSend
 .text.xQueueGenericSendFromISR
                0x08002464       0xd8 ./system/src/FreeRTOS/queue.o
                0x08002464                xQueueGenericSendFromISR
 .text.xQueueGenericReceive
                0x0800253c      0x18c ./system/src/FreeRTOS/queue.o
                0x0800253c                xQueueGenericReceive
 .text.xQueueReceiveFromISR
                0x080026c8       0xa8 ./system/src/FreeRTOS/queue.o
                0x080026c8                xQueueReceiveFromISR
 .text.prvResetNextTaskUnblockTime
                0x08002770       0x34 ./system/src/FreeRTOS/tasks.o
 .text.prvDeleteTCB
                0x080027a4       0x14 ./system/src/FreeRTOS/tasks.o
 .text.prvAllocateTCBAndStack
                0x080027b8       0x3c ./system/src/FreeRTOS/tasks.o
 .text.prvInitialiseTCBVariables
                0x080027f4       0x50 ./system/src/FreeRTOS/tasks.o
 .text.prvInitialiseTaskLists
                0x08002844       0x64 ./system/src/FreeRTOS/tasks.o
 .text.prvAddCurrentTaskToDelayedList
                0x080028a8       0x54 ./system/src/FreeRTOS/tasks.o
 .text.xTaskGenericCreate
                0x080028fc      0x134 ./system/src/FreeRTOS/tasks.o
                0x080028fc                xTaskGenericCreate
 .text.vTaskStartScheduler
                0x08002a30       0x74 ./system/src/FreeRTOS/tasks.o
                0x08002a30                vTaskStartScheduler
 .text.vTaskSuspendAll
                0x08002aa4       0x10 ./system/src/FreeRTOS/tasks.o
                0x08002aa4                vTaskSuspendAll
 .text.xTaskIncrementTick
                0x08002ab4      0x124 ./system/src/FreeRTOS/tasks.o
                0x08002ab4                xTaskIncrementTick
 .text.xTaskResumeAll
                0x08002bd8       0xf8 ./system/src/FreeRTOS/tasks.o
                0x08002bd8                xTaskResumeAll
 .text.vTaskDelay
                0x08002cd0       0x80 ./system/src/FreeRTOS/tasks.o
                0x08002cd0                vTaskDelay
 .text.prvCheckTasksWaitingTermination
                0x08002d50       0x54 ./system/src/FreeRTOS/tasks.o
 .text.prvIdleTask
                0x08002da4       0x28 ./system/src/FreeRTOS/tasks.o
 .text.vTaskSwitchContext
                0x08002dcc       0x7c ./system/src/FreeRTOS/tasks.o
                0x08002dcc                vTaskSwitchContext
 .text.vTaskPlaceOnEventList
                0x08002e48       0x70 ./system/src/FreeRTOS/tasks.o
                0x08002e48                vTaskPlaceOnEventList
 .text.xTaskRemoveFromEventList
                0x08002eb8       0x8c ./system/src/FreeRTOS/tasks.o
                0x08002eb8                xTaskRemoveFromEventList
 .text.vTaskSetTimeOutState
                0x08002f44       0x2c ./system/src/FreeRTOS/tasks.o
                0x08002f44                vTaskSetTimeOutState
 .text.xTaskCheckForTimeOut
                0x08002f70       0x80 ./system/src/FreeRTOS/tasks.o
                0x08002f70                xTaskCheckForTimeOut
 .text.vTaskMissedYield
                0x08002ff0        0xc ./system/src/FreeRTOS/tasks.o
                0x08002ff0                vTaskMissedYield
 .text.xTaskGetSchedulerState
                0x08002ffc       0x20 ./system/src/FreeRTOS/tasks.o
                0x08002ffc                xTaskGetSchedulerState
 .text.vTaskPriorityInherit
                0x0800301c       0xa4 ./system/src/FreeRTOS/tasks.o
                0x0800301c                vTaskPriorityInherit
 .text.xTaskPriorityDisinherit
                0x080030c0       0xb4 ./system/src/FreeRTOS/tasks.o
                0x080030c0                xTaskPriorityDisinherit
 .text.pvTaskIncrementMutexHeldCount
                0x08003174       0x1c ./system/src/FreeRTOS/tasks.o
                0x08003174                pvTaskIncrementMutexHeldCount
 .text.MX_GPIO_Init
                0x08003190       0xa8 ./src/main.o
 .text.MX_USART2_UART_Init
                0x08003238       0x2c ./src/main.o
 .text.MX_ADC1_Init
                0x08003264       0x48 ./src/main.o
 .text.MX_I2C1_Init
                0x080032ac       0x34 ./src/main.o
 .text.task1Function
                0x080032e0       0x4c ./src/main.o
                0x080032e0                task1Function
 .text.task2Function
                0x0800332c       0x68 ./src/main.o
                0x0800332c                task2Function
 .text.task3Function
                0x08003394       0x7c ./src/main.o
                0x08003394                task3Function
 .text.Clock_Config
                0x08003410       0x94 ./src/main.o
                0x08003410                Clock_Config
 .text.main     0x080034a4       0xb4 ./src/main.o
                0x080034a4                main
 .text.HAL_MspInit
                0x08003558       0x18 ./src/stm32f4xx_hal_msp.o
                0x08003558                HAL_MspInit
 .text.HAL_ADC_MspInit
                0x08003570       0x44 ./src/stm32f4xx_hal_msp.o
                0x08003570                HAL_ADC_MspInit
 .text.HAL_I2C_MspInit
                0x080035b4       0x54 ./src/stm32f4xx_hal_msp.o
                0x080035b4                HAL_I2C_MspInit
 .text.HAL_UART_MspInit
                0x08003608       0x4c ./src/stm32f4xx_hal_msp.o
                0x08003608                HAL_UART_MspInit
 .text.SysTick_Handler
                0x08003654        0xc ./src/stm32f4xx_it.o
                0x08003654                SysTick_Handler
 .text.__errno  0x08003660        0xc c:/stm32toolchain/gnu-arm/4.8-2014q3/bin/../lib/gcc/arm-none-eabi/4.8.4/../../../../arm-none-eabi/lib/armv7e-m/fpu\libg_s.a(lib_a-errno.o)
                0x08003660                __errno
 .text.memcpy   0x0800366c       0x12 c:/stm32toolchain/gnu-arm/4.8-2014q3/bin/../lib/gcc/arm-none-eabi/4.8.4/../../../../arm-none-eabi/lib/armv7e-m/fpu\libg_s.a(lib_a-memcpy-stub.o)
                0x0800366c                memcpy
 .text.memset   0x0800367e       0x10 c:/stm32toolchain/gnu-arm/4.8-2014q3/bin/../lib/gcc/arm-none-eabi/4.8.4/../../../../arm-none-eabi/lib/armv7e-m/fpu\libg_s.a(lib_a-memset.o)
                0x0800367e                memset
 *fill*         0x0800368e        0x2 
 .text.snprintf
                0x08003690       0x64 c:/stm32toolchain/gnu-arm/4.8-2014q3/bin/../lib/gcc/arm-none-eabi/4.8.4/../../../../arm-none-eabi/lib/armv7e-m/fpu\libg_s.a(lib_a-snprintf.o)
                0x08003690                sniprintf
                0x08003690                snprintf
 .text.strlen   0x080036f4       0x10 c:/stm32toolchain/gnu-arm/4.8-2014q3/bin/../lib/gcc/arm-none-eabi/4.8.4/../../../../arm-none-eabi/lib/armv7e-m/fpu\libg_s.a(lib_a-strlen.o)
                0x080036f4                strlen
 .text.__ssputs_r
                0x08003704       0xb8 c:/stm32toolchain/gnu-arm/4.8-2014q3/bin/../lib/gcc/arm-none-eabi/4.8.4/../../../../arm-none-eabi/lib/armv7e-m/fpu\libg_s.a(lib_a-svfprintf.o)
                0x08003704                __ssputs_r
 .text._svfprintf_r
                0x080037bc      0x1dc c:/stm32toolchain/gnu-arm/4.8-2014q3/bin/../lib/gcc/arm-none-eabi/4.8.4/../../../../arm-none-eabi/lib/armv7e-m/fpu\libg_s.a(lib_a-svfprintf.o)
                0x080037bc                _svfiprintf_r
                0x080037bc                _svfprintf_r
 .text._printf_common
                0x08003998       0xe4 c:/stm32toolchain/gnu-arm/4.8-2014q3/bin/../lib/gcc/arm-none-eabi/4.8.4/../../../../arm-none-eabi/lib/armv7e-m/fpu\libg_s.a(lib_a-vfprintf_i.o)
                0x08003998                _printf_common
 .text._printf_i
                0x08003a7c      0x228 c:/stm32toolchain/gnu-arm/4.8-2014q3/bin/../lib/gcc/arm-none-eabi/4.8.4/../../../../arm-none-eabi/lib/armv7e-m/fpu\libg_s.a(lib_a-vfprintf_i.o)
                0x08003a7c                _printf_i
 .text._vsnprintf_r
                0x08003ca4       0x52 c:/stm32toolchain/gnu-arm/4.8-2014q3/bin/../lib/gcc/arm-none-eabi/4.8.4/../../../../arm-none-eabi/lib/armv7e-m/fpu\libg_s.a(lib_a-vsnprintf.o)
                0x08003ca4                _vsniprintf_r
                0x08003ca4                _vsnprintf_r
 *fill*         0x08003cf6        0x2 
 .text.vsnprintf
                0x08003cf8       0x20 c:/stm32toolchain/gnu-arm/4.8-2014q3/bin/../lib/gcc/arm-none-eabi/4.8.4/../../../../arm-none-eabi/lib/armv7e-m/fpu\libg_s.a(lib_a-vsnprintf.o)
                0x08003cf8                vsniprintf
                0x08003cf8                vsnprintf
 .text.memchr   0x08003d18       0x1e c:/stm32toolchain/gnu-arm/4.8-2014q3/bin/../lib/gcc/arm-none-eabi/4.8.4/../../../../arm-none-eabi/lib/armv7e-m/fpu\libg_s.a(lib_a-memchr-stub.o)
                0x08003d18                memchr
 .text.memmove  0x08003d36       0x36 c:/stm32toolchain/gnu-arm/4.8-2014q3/bin/../lib/gcc/arm-none-eabi/4.8.4/../../../../arm-none-eabi/lib/armv7e-m/fpu\libg_s.a(lib_a-memmove.o)
                0x08003d36                memmove
 .text._free_r  0x08003d6c       0x88 c:/stm32toolchain/gnu-arm/4.8-2014q3/bin/../lib/gcc/arm-none-eabi/4.8.4/../../../../arm-none-eabi/lib/armv7e-m/fpu\libg_s.a(lib_a-nano-freer.o)
                0x08003d6c                _free_r
 .text._malloc_r
                0x08003df4       0xa8 c:/stm32toolchain/gnu-arm/4.8-2014q3/bin/../lib/gcc/arm-none-eabi/4.8.4/../../../../arm-none-eabi/lib/armv7e-m/fpu\libg_s.a(lib_a-nano-mallocr.o)
                0x08003df4                _malloc_r
 .text._realloc_r
                0x08003e9c       0x4c c:/stm32toolchain/gnu-arm/4.8-2014q3/bin/../lib/gcc/arm-none-eabi/4.8.4/../../../../arm-none-eabi/lib/armv7e-m/fpu\libg_s.a(lib_a-nano-reallocr.o)
                0x08003e9c                _realloc_r
 .text._sbrk_r  0x08003ee8       0x20 c:/stm32toolchain/gnu-arm/4.8-2014q3/bin/../lib/gcc/arm-none-eabi/4.8.4/../../../../arm-none-eabi/lib/armv7e-m/fpu\libg_s.a(lib_a-sbrkr.o)
                0x08003ee8                _sbrk_r
 .text._malloc_usable_size_r
                0x08003f08       0x12 c:/stm32toolchain/gnu-arm/4.8-2014q3/bin/../lib/gcc/arm-none-eabi/4.8.4/../../../../arm-none-eabi/lib/armv7e-m/fpu\libg_s.a(lib_a-nano-msizer.o)
                0x08003f08                _malloc_usable_size_r
 *(.rodata .rodata.* .constdata .constdata.*)
 *fill*         0x08003f1a        0x2 
 .rodata.APBAHBPrescTable
                0x08003f1c       0x10 ./system/src/stm32f4xx/stm32f4xx_hal_rcc.o
                0x08003f1c                APBAHBPrescTable
 .rodata.str1.4
                0x08003f2c      0x146 ./system/src/cortexm/exception_handlers.o
                                0x148 (size before relaxing)
 *fill*         0x08004072        0x2 
 .rodata.AHBPrescTable
                0x08004074       0x10 ./system/src/cmsis/system_stm32f4xx.o
                0x08004074                AHBPrescTable
 .rodata.str1.4
                0x08004084        0x5 ./system/src/FreeRTOS/tasks.o
                                  0x8 (size before relaxing)
 *fill*         0x08004089        0x3 
 .rodata        0x0800408c       0x50 ./src/main.o
 .rodata.str1.4
                0x080040dc       0x24 ./src/main.o
 .rodata.str1.1
                0x08004100        0x2 c:/stm32toolchain/gnu-arm/4.8-2014q3/bin/../lib/gcc/arm-none-eabi/4.8.4/../../../../arm-none-eabi/lib/armv7e-m/fpu\libg_s.a(lib_a-impure.o)
 .rodata.str1.1
                0x08004102       0x11 c:/stm32toolchain/gnu-arm/4.8-2014q3/bin/../lib/gcc/arm-none-eabi/4.8.4/../../../../arm-none-eabi/lib/armv7e-m/fpu\libg_s.a(lib_a-svfprintf.o)
 .rodata.str1.1
                0x08004113       0x22 c:/stm32toolchain/gnu-arm/4.8-2014q3/bin/../lib/gcc/arm-none-eabi/4.8.4/../../../../arm-none-eabi/lib/armv7e-m/fpu\libg_s.a(lib_a-vfprintf_i.o)
 *(vtable)
 *(.eh_frame*)
 *(.glue_7)
 .glue_7        0x00000000        0x0 linker stubs
 *(.glue_7t)
 .glue_7t       0x00000000        0x0 linker stubs

.vfp11_veneer   0x08004138        0x0
 .vfp11_veneer  0x00000000        0x0 linker stubs

.v4_bx          0x08004138        0x0
 .v4_bx         0x00000000        0x0 linker stubs

.iplt           0x08004138        0x0
 .iplt          0x00000000        0x0 ./system/src/stm32f4xx/stm32f4xx_hal.o

.rel.dyn        0x08004138        0x0
 .rel.iplt      0x00000000        0x0 ./system/src/stm32f4xx/stm32f4xx_hal.o

.ARM.extab
 *(.ARM.extab* .gnu.linkonce.armextab.*)
                0x08004138                . = ALIGN (0x4)
                0x08004138                __exidx_start = .

.ARM.exidx
 *(.ARM.exidx* .gnu.linkonce.armexidx.*)
                0x08004138                __exidx_end = .
                0x08004138                . = ALIGN (0x4)
                0x08004138                _etext = .
                0x08004138                __etext = .

.data_CCMRAM    0x10000000        0x0 load address 0x08004138
 FILL mask 0xff
 *(.data.CCMRAM .data.CCMRAM.*)
                0x10000000                . = ALIGN (0x4)
                0x08004138                _sidata = LOADADDR (.data)

.data           0x20000000       0x80 load address 0x08004138
 FILL mask 0xff
                0x20000000                _sdata = .
                0x20000000                __data_start__ = .
 *(.data_begin .data_begin.*)
 .data_begin    0x20000000        0x4 ./system/src/newlib/_startup.o
 *(.data .data.*)
 .data.argv.4014
                0x20000004        0x8 ./system/src/newlib/_syscalls.o
 .data.SystemCoreClock
                0x2000000c        0x4 ./system/src/cmsis/system_stm32f4xx.o
                0x2000000c                SystemCoreClock
 .data.xFreeBytesRemaining
                0x20000010        0x4 ./system/src/FreeRTOS/heap_2.o
 .data.uxCriticalNesting
                0x20000014        0x4 ./system/src/FreeRTOS/port.o
 .data.impure_data
                0x20000018       0x60 c:/stm32toolchain/gnu-arm/4.8-2014q3/bin/../lib/gcc/arm-none-eabi/4.8.4/../../../../arm-none-eabi/lib/armv7e-m/fpu\libg_s.a(lib_a-impure.o)
 .data._impure_ptr
                0x20000078        0x4 c:/stm32toolchain/gnu-arm/4.8-2014q3/bin/../lib/gcc/arm-none-eabi/4.8.4/../../../../arm-none-eabi/lib/armv7e-m/fpu\libg_s.a(lib_a-impure.o)
                0x20000078                _impure_ptr
 *(.data_end .data_end.*)
 .data_end      0x2000007c        0x4 ./system/src/newlib/_startup.o
                0x20000080                . = ALIGN (0x4)
                0x20000080                _edata = .
                0x20000080                __data_end__ = .

.igot.plt       0x20000080        0x0 load address 0x080041b8
 .igot.plt      0x00000000        0x0 ./system/src/stm32f4xx/stm32f4xx_hal.o

.bss_CCMRAM     0x10000000        0x0
 *(.bss.CCMRAM .bss.CCMRAM.*)

.bss            0x20000080     0x3ebc
                0x20000080                __bss_start__ = .
                0x20000080                _sbss = .
 *(.bss_begin .bss_begin.*)
 .bss_begin     0x20000080        0x4 ./system/src/newlib/_startup.o
 *(.bss .bss.*)
 .bss.uwTick    0x20000084        0x4 ./system/src/stm32f4xx/stm32f4xx_hal.o
 .bss.current_heap_end.3842
                0x20000088        0x4 ./system/src/newlib/_sbrk.o
 .bss.name.4013
                0x2000008c        0x4 ./system/src/newlib/_syscalls.o
 .bss.buf.4905  0x20000090       0x80 ./system/src/diag/Trace.o
 .bss.xStart    0x20000110        0x8 ./system/src/FreeRTOS/heap_2.o
 .bss.ucHeap    0x20000118     0x3c00 ./system/src/FreeRTOS/heap_2.o
 .bss.xHeapHasBeenInitialised.4510
                0x20003d18        0x4 ./system/src/FreeRTOS/heap_2.o
 .bss.xEnd      0x20003d1c        0x8 ./system/src/FreeRTOS/heap_2.o
 .bss.ucMaxSysCallPriority
                0x20003d24        0x1 ./system/src/FreeRTOS/port.o
 *fill*         0x20003d25        0x3 
 .bss.ulMaxPRIGROUPValue
                0x20003d28        0x4 ./system/src/FreeRTOS/port.o
 .bss.pxDelayedTaskList
                0x20003d2c        0x4 ./system/src/FreeRTOS/tasks.o
 .bss.xSchedulerRunning
                0x20003d30        0x4 ./system/src/FreeRTOS/tasks.o
 .bss.uxTasksDeleted
                0x20003d34        0x4 ./system/src/FreeRTOS/tasks.o
 .bss.xTasksWaitingTermination
                0x20003d38       0x14 ./system/src/FreeRTOS/tasks.o
 .bss.pxOverflowDelayedTaskList
                0x20003d4c        0x4 ./system/src/FreeRTOS/tasks.o
 .bss.uxPendedTicks
                0x20003d50        0x4 ./system/src/FreeRTOS/tasks.o
 .bss.pxReadyTasksLists
                0x20003d54       0x8c ./system/src/FreeRTOS/tasks.o
 .bss.uxSchedulerSuspended
                0x20003de0        0x4 ./system/src/FreeRTOS/tasks.o
 .bss.uxCurrentNumberOfTasks
                0x20003de4        0x4 ./system/src/FreeRTOS/tasks.o
 .bss.pxCurrentTCB
                0x20003de8        0x4 ./system/src/FreeRTOS/tasks.o
                0x20003de8                pxCurrentTCB
 .bss.xPendingReadyList
                0x20003dec       0x14 ./system/src/FreeRTOS/tasks.o
 .bss.xNumOfOverflows
                0x20003e00        0x4 ./system/src/FreeRTOS/tasks.o
 .bss.xTickCount
                0x20003e04        0x4 ./system/src/FreeRTOS/tasks.o
 .bss.xNextTaskUnblockTime
                0x20003e08        0x4 ./system/src/FreeRTOS/tasks.o
 .bss.uxTaskNumber
                0x20003e0c        0x4 ./system/src/FreeRTOS/tasks.o
 .bss.xDelayedTaskList1
                0x20003e10       0x14 ./system/src/FreeRTOS/tasks.o
 .bss.xDelayedTaskList2
                0x20003e24       0x14 ./system/src/FreeRTOS/tasks.o
 .bss.xSuspendedTaskList
                0x20003e38       0x14 ./system/src/FreeRTOS/tasks.o
 .bss.uxTopReadyPriority
                0x20003e4c        0x4 ./system/src/FreeRTOS/tasks.o
 .bss.xYieldPending
                0x20003e50        0x4 ./system/src/FreeRTOS/tasks.o
 .bss.valve_on  0x20003e54        0x1 ./src/main.o
                0x20003e54                valve_on
 *fill*         0x20003e55        0x3 
 .bss.__malloc_sbrk_start
                0x20003e58        0x4 c:/stm32toolchain/gnu-arm/4.8-2014q3/bin/../lib/gcc/arm-none-eabi/4.8.4/../../../../arm-none-eabi/lib/armv7e-m/fpu\libg_s.a(lib_a-nano-mallocr.o)
                0x20003e58                __malloc_sbrk_start
 .bss.__malloc_free_list
                0x20003e5c        0x4 c:/stm32toolchain/gnu-arm/4.8-2014q3/bin/../lib/gcc/arm-none-eabi/4.8.4/../../../../arm-none-eabi/lib/armv7e-m/fpu\libg_s.a(lib_a-nano-mallocr.o)
                0x20003e5c                __malloc_free_list
 *(COMMON)
 COMMON         0x20003e60        0x4 ./system/src/newlib/_syscalls.o
                0x20003e60                errno
 COMMON         0x20003e64       0xd4 ./src/main.o
                0x20003e64                hi2c1
                0x20003ea0                hadc1
                0x20003ee4                q_pool
                0x20003ee8                osQueue
                0x20003eec                task1Thread
                0x20003ef0                task3Thread
                0x20003ef4                huart2
                0x20003f34                task2Thread
 *(.bss_end .bss_end.*)
 .bss_end       0x20003f38        0x4 ./system/src/newlib/_startup.o
                0x20003f3c                . = ALIGN (0x4)
                0x20003f3c                __bss_end__ = .
                0x20003f3c                _ebss = .

.noinit_CCMRAM
 *(.noinit.CCMRAM .noinit.CCMRAM.*)

.noinit         0x20003f3c        0x0
                0x20003f3c                _noinit = .
 *(.noinit .noinit.*)
                0x20003f3c                . = ALIGN (0x4)
                0x20003f3c                _end_noinit = .
                0x20003f3c                PROVIDE (end, _end_noinit)
                0x20003f3c                PROVIDE (_end, _end_noinit)
                0x20003f3c                PROVIDE (__end, _end_noinit)
                0x20003f3c                PROVIDE (__end__, _end_noinit)

._check_stack   0x20003f3c      0x100
                0x2000403c                . = (. + _Minimum_Stack_Size)
 *fill*         0x20003f3c      0x100 

.b1text
 *(.b1text)
 *(.b1rodata)
 *(.b1rodata.*)

.eb0text
 *(.eb0text)
 *(.eb0rodata)
 *(.eb0rodata.*)

.eb1text
 *(.eb1text)
 *(.eb1rodata)
 *(.eb1rodata.*)

.eb2text
 *(.eb2text)
 *(.eb2rodata)
 *(.eb2rodata.*)

.eb3text
 *(.eb3text)
 *(.eb3rodata)
 *(.eb3rodata.*)

.stab
 *(.stab)

.stabstr
 *(.stabstr)

.stab.excl
 *(.stab.excl)

.stab.exclstr
 *(.stab.exclstr)

.stab.index
 *(.stab.index)

.stab.indexstr
 *(.stab.indexstr)

.comment        0x00000000       0x70
 *(.comment)
 .comment       0x00000000       0x70 ./system/src/stm32f4xx/stm32f4xx_hal.o
                                 0x71 (size before relaxing)
 .comment       0x00000000       0x71 ./system/src/stm32f4xx/stm32f4xx_hal_adc.o
 .comment       0x00000000       0x71 ./system/src/stm32f4xx/stm32f4xx_hal_cortex.o
 .comment       0x00000000       0x71 ./system/src/stm32f4xx/stm32f4xx_hal_gpio.o
 .comment       0x00000000       0x71 ./system/src/stm32f4xx/stm32f4xx_hal_i2c.o
 .comment       0x00000000       0x71 ./system/src/stm32f4xx/stm32f4xx_hal_rcc.o
 .comment       0x00000000       0x71 ./system/src/stm32f4xx/stm32f4xx_hal_uart.o
 .comment       0x00000000       0x71 ./system/src/newlib/_exit.o
 .comment       0x00000000       0x71 ./system/src/newlib/_sbrk.o
 .comment       0x00000000       0x71 ./system/src/newlib/_startup.o
 .comment       0x00000000       0x71 ./system/src/newlib/_syscalls.o
 .comment       0x00000000       0x71 ./system/src/diag/Trace.o
 .comment       0x00000000       0x71 ./system/src/diag/trace_impl.o
 .comment       0x00000000       0x71 ./system/src/cortexm/_initialize_hardware.o
 .comment       0x00000000       0x71 ./system/src/cortexm/exception_handlers.o
 .comment       0x00000000       0x71 ./system/src/cmsis/system_stm32f4xx.o
 .comment       0x00000000       0x71 ./system/src/FreeRTOS/cmsis_os.o
 .comment       0x00000000       0x71 ./system/src/FreeRTOS/heap_2.o
 .comment       0x00000000       0x71 ./system/src/FreeRTOS/list.o
 .comment       0x00000000       0x71 ./system/src/FreeRTOS/port.o
 .comment       0x00000000       0x71 ./system/src/FreeRTOS/queue.o
 .comment       0x00000000       0x71 ./system/src/FreeRTOS/tasks.o
 .comment       0x00000000       0x71 ./src/main.o
 .comment       0x00000000       0x71 ./src/stm32f4xx_hal_msp.o
 .comment       0x00000000       0x71 ./src/stm32f4xx_it.o

.ARM.attributes
                0x00000000       0x37
 .ARM.attributes
                0x00000000       0x39 ./system/src/stm32f4xx/stm32f4xx_hal.o
 .ARM.attributes
                0x00000039       0x39 ./system/src/stm32f4xx/stm32f4xx_hal_adc.o
 .ARM.attributes
                0x00000072       0x39 ./system/src/stm32f4xx/stm32f4xx_hal_cortex.o
 .ARM.attributes
                0x000000ab       0x39 ./system/src/stm32f4xx/stm32f4xx_hal_gpio.o
 .ARM.attributes
                0x000000e4       0x39 ./system/src/stm32f4xx/stm32f4xx_hal_i2c.o
 .ARM.attributes
                0x0000011d       0x39 ./system/src/stm32f4xx/stm32f4xx_hal_rcc.o
 .ARM.attributes
                0x00000156       0x39 ./system/src/stm32f4xx/stm32f4xx_hal_uart.o
 .ARM.attributes
                0x0000018f       0x39 ./system/src/newlib/_exit.o
 .ARM.attributes
                0x000001c8       0x39 ./system/src/newlib/_sbrk.o
 .ARM.attributes
                0x00000201       0x39 ./system/src/newlib/_startup.o
 .ARM.attributes
                0x0000023a       0x39 ./system/src/newlib/_syscalls.o
 .ARM.attributes
                0x00000273       0x39 ./system/src/diag/Trace.o
 .ARM.attributes
                0x000002ac       0x39 ./system/src/diag/trace_impl.o
 .ARM.attributes
                0x000002e5       0x39 ./system/src/cortexm/_initialize_hardware.o
 .ARM.attributes
                0x0000031e       0x39 ./system/src/cortexm/exception_handlers.o
 .ARM.attributes
                0x00000357       0x21 ./system/src/cmsis/startup_stm32f411xe.o
 .ARM.attributes
                0x00000378       0x39 ./system/src/cmsis/system_stm32f4xx.o
 .ARM.attributes
                0x000003b1       0x39 ./system/src/FreeRTOS/cmsis_os.o
 .ARM.attributes
                0x000003ea       0x39 ./system/src/FreeRTOS/heap_2.o
 .ARM.attributes
                0x00000423       0x39 ./system/src/FreeRTOS/list.o
 .ARM.attributes
                0x0000045c       0x39 ./system/src/FreeRTOS/port.o
 .ARM.attributes
                0x00000495       0x39 ./system/src/FreeRTOS/queue.o
 .ARM.attributes
                0x000004ce       0x39 ./system/src/FreeRTOS/tasks.o
 .ARM.attributes
                0x00000507       0x39 ./src/main.o
 .ARM.attributes
                0x00000540       0x39 ./src/stm32f4xx_hal_msp.o
 .ARM.attributes
                0x00000579       0x39 ./src/stm32f4xx_it.o
 .ARM.attributes
                0x000005b2       0x34 c:/stm32toolchain/gnu-arm/4.8-2014q3/bin/../lib/gcc/arm-none-eabi/4.8.4/../../../../arm-none-eabi/lib/armv7e-m/fpu\libg_s.a(lib_a-errno.o)
 .ARM.attributes
                0x000005e6       0x34 c:/stm32toolchain/gnu-arm/4.8-2014q3/bin/../lib/gcc/arm-none-eabi/4.8.4/../../../../arm-none-eabi/lib/armv7e-m/fpu\libg_s.a(lib_a-impure.o)
 .ARM.attributes
                0x0000061a       0x34 c:/stm32toolchain/gnu-arm/4.8-2014q3/bin/../lib/gcc/arm-none-eabi/4.8.4/../../../../arm-none-eabi/lib/armv7e-m/fpu\libg_s.a(lib_a-memcpy-stub.o)
 .ARM.attributes
                0x0000064e       0x34 c:/stm32toolchain/gnu-arm/4.8-2014q3/bin/../lib/gcc/arm-none-eabi/4.8.4/../../../../arm-none-eabi/lib/armv7e-m/fpu\libg_s.a(lib_a-memset.o)
 .ARM.attributes
                0x00000682       0x34 c:/stm32toolchain/gnu-arm/4.8-2014q3/bin/../lib/gcc/arm-none-eabi/4.8.4/../../../../arm-none-eabi/lib/armv7e-m/fpu\libg_s.a(lib_a-snprintf.o)
 .ARM.attributes
                0x000006b6       0x34 c:/stm32toolchain/gnu-arm/4.8-2014q3/bin/../lib/gcc/arm-none-eabi/4.8.4/../../../../arm-none-eabi/lib/armv7e-m/fpu\libg_s.a(lib_a-strlen.o)
 .ARM.attributes
                0x000006ea       0x34 c:/stm32toolchain/gnu-arm/4.8-2014q3/bin/../lib/gcc/arm-none-eabi/4.8.4/../../../../arm-none-eabi/lib/armv7e-m/fpu\libg_s.a(lib_a-svfprintf.o)
 .ARM.attributes
                0x0000071e       0x34 c:/stm32toolchain/gnu-arm/4.8-2014q3/bin/../lib/gcc/arm-none-eabi/4.8.4/../../../../arm-none-eabi/lib/armv7e-m/fpu\libg_s.a(lib_a-vfprintf_i.o)
 .ARM.attributes
                0x00000752       0x34 c:/stm32toolchain/gnu-arm/4.8-2014q3/bin/../lib/gcc/arm-none-eabi/4.8.4/../../../../arm-none-eabi/lib/armv7e-m/fpu\libg_s.a(lib_a-vsnprintf.o)
 .ARM.attributes
                0x00000786       0x34 c:/stm32toolchain/gnu-arm/4.8-2014q3/bin/../lib/gcc/arm-none-eabi/4.8.4/../../../../arm-none-eabi/lib/armv7e-m/fpu\libg_s.a(lib_a-memchr-stub.o)
 .ARM.attributes
                0x000007ba       0x34 c:/stm32toolchain/gnu-arm/4.8-2014q3/bin/../lib/gcc/arm-none-eabi/4.8.4/../../../../arm-none-eabi/lib/armv7e-m/fpu\libg_s.a(lib_a-memmove.o)
 .ARM.attributes
                0x000007ee       0x34 c:/stm32toolchain/gnu-arm/4.8-2014q3/bin/../lib/gcc/arm-none-eabi/4.8.4/../../../../arm-none-eabi/lib/armv7e-m/fpu\libg_s.a(lib_a-nano-freer.o)
 .ARM.attributes
                0x00000822       0x34 c:/stm32toolchain/gnu-arm/4.8-2014q3/bin/../lib/gcc/arm-none-eabi/4.8.4/../../../../arm-none-eabi/lib/armv7e-m/fpu\libg_s.a(lib_a-nano-mallocr.o)
 .ARM.attributes
                0x00000856       0x34 c:/stm32toolchain/gnu-arm/4.8-2014q3/bin/../lib/gcc/arm-none-eabi/4.8.4/../../../../arm-none-eabi/lib/armv7e-m/fpu\libg_s.a(lib_a-nano-reallocr.o)
 .ARM.attributes
                0x0000088a       0x34 c:/stm32toolchain/gnu-arm/4.8-2014q3/bin/../lib/gcc/arm-none-eabi/4.8.4/../../../../arm-none-eabi/lib/armv7e-m/fpu\libg_s.a(lib_a-sbrkr.o)
 .ARM.attributes
                0x000008be       0x34 c:/stm32toolchain/gnu-arm/4.8-2014q3/bin/../lib/gcc/arm-none-eabi/4.8.4/../../../../arm-none-eabi/lib/armv7e-m/fpu\libg_s.a(lib_a-nano-msizer.o)

.debug
 *(.debug)

.line
 *(.line)

.debug_srcinfo
 *(.debug_srcinfo)

.debug_sfnames
 *(.debug_sfnames)

.debug_aranges  0x00000000      0xe48
 *(.debug_aranges)
 .debug_aranges
                0x00000000       0xc0 ./system/src/stm32f4xx/stm32f4xx_hal.o
 .debug_aranges
                0x000000c0       0xe8 ./system/src/stm32f4xx/stm32f4xx_hal_adc.o
 .debug_aranges
                0x000001a8       0x90 ./system/src/stm32f4xx/stm32f4xx_hal_cortex.o
 .debug_aranges
                0x00000238       0x58 ./system/src/stm32f4xx/stm32f4xx_hal_gpio.o
 .debug_aranges
                0x00000290      0x1e8 ./system/src/stm32f4xx/stm32f4xx_hal_i2c.o
 .debug_aranges
                0x00000478       0x88 ./system/src/stm32f4xx/stm32f4xx_hal_rcc.o
 .debug_aranges
                0x00000500      0x150 ./system/src/stm32f4xx/stm32f4xx_hal_uart.o
 .debug_aranges
                0x00000650       0x28 ./system/src/newlib/_exit.o
 .debug_aranges
                0x00000678       0x20 ./system/src/newlib/_sbrk.o
 .debug_aranges
                0x00000698       0x40 ./system/src/newlib/_startup.o
 .debug_aranges
                0x000006d8       0x30 ./system/src/newlib/_syscalls.o
 .debug_aranges
                0x00000708       0x38 ./system/src/diag/Trace.o
 .debug_aranges
                0x00000740       0x28 ./system/src/diag/trace_impl.o
 .debug_aranges
                0x00000768       0x28 ./system/src/cortexm/_initialize_hardware.o
 .debug_aranges
                0x00000790       0x88 ./system/src/cortexm/exception_handlers.o
 .debug_aranges
                0x00000818       0x28 ./system/src/cmsis/startup_stm32f411xe.o
 .debug_aranges
                0x00000840       0x28 ./system/src/cmsis/system_stm32f4xx.o
 .debug_aranges
                0x00000868      0x170 ./system/src/FreeRTOS/cmsis_os.o
 .debug_aranges
                0x000009d8       0x40 ./system/src/FreeRTOS/heap_2.o
 .debug_aranges
                0x00000a18       0x40 ./system/src/FreeRTOS/list.o
 .debug_aranges
                0x00000a58       0x80 ./system/src/FreeRTOS/port.o
 .debug_aranges
                0x00000ad8       0xf8 ./system/src/FreeRTOS/queue.o
 .debug_aranges
                0x00000bd0      0x1a8 ./system/src/FreeRTOS/tasks.o
 .debug_aranges
                0x00000d78       0x60 ./src/main.o
 .debug_aranges
                0x00000dd8       0x50 ./src/stm32f4xx_hal_msp.o
 .debug_aranges
                0x00000e28       0x20 ./src/stm32f4xx_it.o

.debug_pubnames
 *(.debug_pubnames)

.debug_info     0x00000000    0x11aab
 *(.debug_info .gnu.linkonce.wi.*)
 .debug_info    0x00000000      0x908 ./system/src/stm32f4xx/stm32f4xx_hal.o
 .debug_info    0x00000908      0xde5 ./system/src/stm32f4xx/stm32f4xx_hal_adc.o
 .debug_info    0x000016ed      0xc34 ./system/src/stm32f4xx/stm32f4xx_hal_cortex.o
 .debug_info    0x00002321      0x6e2 ./system/src/stm32f4xx/stm32f4xx_hal_gpio.o
 .debug_info    0x00002a03     0x2879 ./system/src/stm32f4xx/stm32f4xx_hal_i2c.o
 .debug_info    0x0000527c     0x1031 ./system/src/stm32f4xx/stm32f4xx_hal_rcc.o
 .debug_info    0x000062ad     0x11d3 ./system/src/stm32f4xx/stm32f4xx_hal_uart.o
 .debug_info    0x00007480      0x100 ./system/src/newlib/_exit.o
 .debug_info    0x00007580      0x125 ./system/src/newlib/_sbrk.o
 .debug_info    0x000076a5      0x474 ./system/src/newlib/_startup.o
 .debug_info    0x00007b19      0x1a9 ./system/src/newlib/_syscalls.o
 .debug_info    0x00007cc2      0x32b ./system/src/diag/Trace.o
 .debug_info    0x00007fed      0x114 ./system/src/diag/trace_impl.o
 .debug_info    0x00008101      0x289 ./system/src/cortexm/_initialize_hardware.o
 .debug_info    0x0000838a      0x7b0 ./system/src/cortexm/exception_handlers.o
 .debug_info    0x00008b3a       0x87 ./system/src/cmsis/startup_stm32f411xe.o
 .debug_info    0x00008bc1      0x481 ./system/src/cmsis/system_stm32f4xx.o
 .debug_info    0x00009042     0x16f2 ./system/src/FreeRTOS/cmsis_os.o
 .debug_info    0x0000a734      0x314 ./system/src/FreeRTOS/heap_2.o
 .debug_info    0x0000aa48      0x29a ./system/src/FreeRTOS/list.o
 .debug_info    0x0000ace2      0x542 ./system/src/FreeRTOS/port.o
 .debug_info    0x0000b224     0x18c5 ./system/src/FreeRTOS/queue.o
 .debug_info    0x0000cae9     0x24da ./system/src/FreeRTOS/tasks.o
 .debug_info    0x0000efc3     0x19fb ./src/main.o
 .debug_info    0x000109be     0x1015 ./src/stm32f4xx_hal_msp.o
 .debug_info    0x000119d3       0xd8 ./src/stm32f4xx_it.o

.debug_abbrev   0x00000000     0x2e01
 *(.debug_abbrev)
 .debug_abbrev  0x00000000      0x2a0 ./system/src/stm32f4xx/stm32f4xx_hal.o
 .debug_abbrev  0x000002a0      0x236 ./system/src/stm32f4xx/stm32f4xx_hal_adc.o
 .debug_abbrev  0x000004d6      0x2aa ./system/src/stm32f4xx/stm32f4xx_hal_cortex.o
 .debug_abbrev  0x00000780      0x1cb ./system/src/stm32f4xx/stm32f4xx_hal_gpio.o
 .debug_abbrev  0x0000094b      0x232 ./system/src/stm32f4xx/stm32f4xx_hal_i2c.o
 .debug_abbrev  0x00000b7d      0x2b9 ./system/src/stm32f4xx/stm32f4xx_hal_rcc.o
 .debug_abbrev  0x00000e36      0x272 ./system/src/stm32f4xx/stm32f4xx_hal_uart.o
 .debug_abbrev  0x000010a8       0xa4 ./system/src/newlib/_exit.o
 .debug_abbrev  0x0000114c       0xbb ./system/src/newlib/_sbrk.o
 .debug_abbrev  0x00001207      0x1e9 ./system/src/newlib/_startup.o
 .debug_abbrev  0x000013f0       0xe7 ./system/src/newlib/_syscalls.o
 .debug_abbrev  0x000014d7      0x178 ./system/src/diag/Trace.o
 .debug_abbrev  0x0000164f       0xb4 ./system/src/diag/trace_impl.o
 .debug_abbrev  0x00001703       0xd9 ./system/src/cortexm/_initialize_hardware.o
 .debug_abbrev  0x000017dc      0x1d6 ./system/src/cortexm/exception_handlers.o
 .debug_abbrev  0x000019b2       0x12 ./system/src/cmsis/startup_stm32f411xe.o
 .debug_abbrev  0x000019c4      0x104 ./system/src/cmsis/system_stm32f4xx.o
 .debug_abbrev  0x00001ac8      0x38b ./system/src/FreeRTOS/cmsis_os.o
 .debug_abbrev  0x00001e53      0x1b3 ./system/src/FreeRTOS/heap_2.o
 .debug_abbrev  0x00002006       0xdf ./system/src/FreeRTOS/list.o
 .debug_abbrev  0x000020e5      0x223 ./system/src/FreeRTOS/port.o
 .debug_abbrev  0x00002308      0x2c0 ./system/src/FreeRTOS/queue.o
 .debug_abbrev  0x000025c8      0x316 ./system/src/FreeRTOS/tasks.o
 .debug_abbrev  0x000028de      0x2f3 ./src/main.o
 .debug_abbrev  0x00002bd1      0x197 ./src/stm32f4xx_hal_msp.o
 .debug_abbrev  0x00002d68       0x99 ./src/stm32f4xx_it.o

.debug_line     0x00000000     0x9652
 *(.debug_line)
 .debug_line    0x00000000      0x6ac ./system/src/stm32f4xx/stm32f4xx_hal.o
 .debug_line    0x000006ac      0x8e3 ./system/src/stm32f4xx/stm32f4xx_hal_adc.o
 .debug_line    0x00000f8f      0x6ac ./system/src/stm32f4xx/stm32f4xx_hal_cortex.o
 .debug_line    0x0000163b      0x668 ./system/src/stm32f4xx/stm32f4xx_hal_gpio.o
 .debug_line    0x00001ca3     0x1268 ./system/src/stm32f4xx/stm32f4xx_hal_i2c.o
 .debug_line    0x00002f0b      0x915 ./system/src/stm32f4xx/stm32f4xx_hal_rcc.o
 .debug_line    0x00003820      0xbc8 ./system/src/stm32f4xx/stm32f4xx_hal_uart.o
 .debug_line    0x000043e8      0x262 ./system/src/newlib/_exit.o
 .debug_line    0x0000464a      0x214 ./system/src/newlib/_sbrk.o
 .debug_line    0x0000485e      0x2d2 ./system/src/newlib/_startup.o
 .debug_line    0x00004b30      0x303 ./system/src/newlib/_syscalls.o
 .debug_line    0x00004e33      0x317 ./system/src/diag/Trace.o
 .debug_line    0x0000514a      0x2f7 ./system/src/diag/trace_impl.o
 .debug_line    0x00005441      0x17a ./system/src/cortexm/_initialize_hardware.o
 .debug_line    0x000055bb      0x434 ./system/src/cortexm/exception_handlers.o
 .debug_line    0x000059ef       0x88 ./system/src/cmsis/startup_stm32f411xe.o
 .debug_line    0x00005a77      0x179 ./system/src/cmsis/system_stm32f4xx.o
 .debug_line    0x00005bf0      0x7e8 ./system/src/FreeRTOS/cmsis_os.o
 .debug_line    0x000063d8      0x365 ./system/src/FreeRTOS/heap_2.o
 .debug_line    0x0000673d      0x32b ./system/src/FreeRTOS/list.o
 .debug_line    0x00006a68      0x2d4 ./system/src/FreeRTOS/port.o
 .debug_line    0x00006d3c      0x92c ./system/src/FreeRTOS/queue.o
 .debug_line    0x00007668      0xca7 ./system/src/FreeRTOS/tasks.o
 .debug_line    0x0000830f      0x79e ./src/main.o
 .debug_line    0x00008aad      0x597 ./src/stm32f4xx_hal_msp.o
 .debug_line    0x00009044      0x60e ./src/stm32f4xx_it.o

.debug_frame    0x00000000     0x262c
 *(.debug_frame)
 .debug_frame   0x00000000      0x184 ./system/src/stm32f4xx/stm32f4xx_hal.o
 .debug_frame   0x00000184      0x234 ./system/src/stm32f4xx/stm32f4xx_hal_adc.o
 .debug_frame   0x000003b8      0x11c ./system/src/stm32f4xx/stm32f4xx_hal_cortex.o
 .debug_frame   0x000004d4       0xbc ./system/src/stm32f4xx/stm32f4xx_hal_gpio.o
 .debug_frame   0x00000590      0x5f8 ./system/src/stm32f4xx/stm32f4xx_hal_i2c.o
 .debug_frame   0x00000b88      0x138 ./system/src/stm32f4xx/stm32f4xx_hal_rcc.o
 .debug_frame   0x00000cc0      0x34c ./system/src/stm32f4xx/stm32f4xx_hal_uart.o
 .debug_frame   0x0000100c       0x38 ./system/src/newlib/_exit.o
 .debug_frame   0x00001044       0x28 ./system/src/newlib/_sbrk.o
 .debug_frame   0x0000106c       0x7c ./system/src/newlib/_startup.o
 .debug_frame   0x000010e8       0x50 ./system/src/newlib/_syscalls.o
 .debug_frame   0x00001138       0x80 ./system/src/diag/Trace.o
 .debug_frame   0x000011b8       0x30 ./system/src/diag/trace_impl.o
 .debug_frame   0x000011e8       0x40 ./system/src/cortexm/_initialize_hardware.o
 .debug_frame   0x00001228      0x144 ./system/src/cortexm/exception_handlers.o
 .debug_frame   0x0000136c       0x30 ./system/src/cmsis/system_stm32f4xx.o
 .debug_frame   0x0000139c      0x3f4 ./system/src/FreeRTOS/cmsis_os.o
 .debug_frame   0x00001790       0x78 ./system/src/FreeRTOS/heap_2.o
 .debug_frame   0x00001808       0x68 ./system/src/FreeRTOS/list.o
 .debug_frame   0x00001870       0xf0 ./system/src/FreeRTOS/port.o
 .debug_frame   0x00001960      0x2b8 ./system/src/FreeRTOS/queue.o
 .debug_frame   0x00001c18      0x4e8 ./system/src/FreeRTOS/tasks.o
 .debug_frame   0x00002100      0x110 ./src/main.o
 .debug_frame   0x00002210       0xb8 ./src/stm32f4xx_hal_msp.o
 .debug_frame   0x000022c8       0x28 ./src/stm32f4xx_it.o
 .debug_frame   0x000022f0       0x20 c:/stm32toolchain/gnu-arm/4.8-2014q3/bin/../lib/gcc/arm-none-eabi/4.8.4/../../../../arm-none-eabi/lib/armv7e-m/fpu\libg_s.a(lib_a-errno.o)
 .debug_frame   0x00002310       0x28 c:/stm32toolchain/gnu-arm/4.8-2014q3/bin/../lib/gcc/arm-none-eabi/4.8.4/../../../../arm-none-eabi/lib/armv7e-m/fpu\libg_s.a(lib_a-memcpy-stub.o)
 .debug_frame   0x00002338       0x20 c:/stm32toolchain/gnu-arm/4.8-2014q3/bin/../lib/gcc/arm-none-eabi/4.8.4/../../../../arm-none-eabi/lib/armv7e-m/fpu\libg_s.a(lib_a-memset.o)
 .debug_frame   0x00002358       0x58 c:/stm32toolchain/gnu-arm/4.8-2014q3/bin/../lib/gcc/arm-none-eabi/4.8.4/../../../../arm-none-eabi/lib/armv7e-m/fpu\libg_s.a(lib_a-snprintf.o)
 .debug_frame   0x000023b0       0x20 c:/stm32toolchain/gnu-arm/4.8-2014q3/bin/../lib/gcc/arm-none-eabi/4.8.4/../../../../arm-none-eabi/lib/armv7e-m/fpu\libg_s.a(lib_a-strlen.o)
 .debug_frame   0x000023d0       0x88 c:/stm32toolchain/gnu-arm/4.8-2014q3/bin/../lib/gcc/arm-none-eabi/4.8.4/../../../../arm-none-eabi/lib/armv7e-m/fpu\libg_s.a(lib_a-svfprintf.o)
 .debug_frame   0x00002458       0x60 c:/stm32toolchain/gnu-arm/4.8-2014q3/bin/../lib/gcc/arm-none-eabi/4.8.4/../../../../arm-none-eabi/lib/armv7e-m/fpu\libg_s.a(lib_a-vfprintf_i.o)
 .debug_frame   0x000024b8       0x4c c:/stm32toolchain/gnu-arm/4.8-2014q3/bin/../lib/gcc/arm-none-eabi/4.8.4/../../../../arm-none-eabi/lib/armv7e-m/fpu\libg_s.a(lib_a-vsnprintf.o)
 .debug_frame   0x00002504       0x28 c:/stm32toolchain/gnu-arm/4.8-2014q3/bin/../lib/gcc/arm-none-eabi/4.8.4/../../../../arm-none-eabi/lib/armv7e-m/fpu\libg_s.a(lib_a-memchr-stub.o)
 .debug_frame   0x0000252c       0x2c c:/stm32toolchain/gnu-arm/4.8-2014q3/bin/../lib/gcc/arm-none-eabi/4.8.4/../../../../arm-none-eabi/lib/armv7e-m/fpu\libg_s.a(lib_a-memmove.o)
 .debug_frame   0x00002558       0x2c c:/stm32toolchain/gnu-arm/4.8-2014q3/bin/../lib/gcc/arm-none-eabi/4.8.4/../../../../arm-none-eabi/lib/armv7e-m/fpu\libg_s.a(lib_a-nano-freer.o)
 .debug_frame   0x00002584       0x2c c:/stm32toolchain/gnu-arm/4.8-2014q3/bin/../lib/gcc/arm-none-eabi/4.8.4/../../../../arm-none-eabi/lib/armv7e-m/fpu\libg_s.a(lib_a-nano-mallocr.o)
 .debug_frame   0x000025b0       0x30 c:/stm32toolchain/gnu-arm/4.8-2014q3/bin/../lib/gcc/arm-none-eabi/4.8.4/../../../../arm-none-eabi/lib/armv7e-m/fpu\libg_s.a(lib_a-nano-reallocr.o)
 .debug_frame   0x000025e0       0x2c c:/stm32toolchain/gnu-arm/4.8-2014q3/bin/../lib/gcc/arm-none-eabi/4.8.4/../../../../arm-none-eabi/lib/armv7e-m/fpu\libg_s.a(lib_a-sbrkr.o)
 .debug_frame   0x0000260c       0x20 c:/stm32toolchain/gnu-arm/4.8-2014q3/bin/../lib/gcc/arm-none-eabi/4.8.4/../../../../arm-none-eabi/lib/armv7e-m/fpu\libg_s.a(lib_a-nano-msizer.o)

.debug_str      0x00000000    0x62da6
 *(.debug_str)
 .debug_str     0x00000000    0x55a48 ./system/src/stm32f4xx/stm32f4xx_hal.o
                              0x55df6 (size before relaxing)
 .debug_str     0x00055a48      0x7f6 ./system/src/stm32f4xx/stm32f4xx_hal_adc.o
                              0x55c62 (size before relaxing)
 .debug_str     0x0005623e      0x28a ./system/src/stm32f4xx/stm32f4xx_hal_cortex.o
                              0x55b30 (size before relaxing)
 .debug_str     0x000564c8      0x2cd ./system/src/stm32f4xx/stm32f4xx_hal_gpio.o
                              0x557a7 (size before relaxing)
 .debug_str     0x00056795      0x7c9 ./system/src/stm32f4xx/stm32f4xx_hal_i2c.o
                              0x55e77 (size before relaxing)
 .debug_str     0x00056f5e      0x36c ./system/src/stm32f4xx/stm32f4xx_hal_rcc.o
                              0x55952 (size before relaxing)
 .debug_str     0x000572ca      0x4f6 ./system/src/stm32f4xx/stm32f4xx_hal_uart.o
                              0x55c09 (size before relaxing)
 .debug_str     0x000577c0      0xeeb ./system/src/newlib/_exit.o
                               0x4f1a (size before relaxing)
 .debug_str     0x000586ab      0x366 ./system/src/newlib/_sbrk.o
                               0x44d0 (size before relaxing)
 .debug_str     0x00058a11      0x266 ./system/src/newlib/_startup.o
                               0x40a6 (size before relaxing)
 .debug_str     0x00058c77      0xc2d ./system/src/newlib/_syscalls.o
                               0x513f (size before relaxing)
 .debug_str     0x000598a4     0x1013 ./system/src/diag/Trace.o
                               0x6601 (size before relaxing)
 .debug_str     0x0005a8b7       0x42 ./system/src/diag/trace_impl.o
                              0x27e10 (size before relaxing)
 .debug_str     0x0005a8f9       0x4e ./system/src/cortexm/_initialize_hardware.o
                              0x261b6 (size before relaxing)
 .debug_str     0x0005a947      0x1ca ./system/src/cortexm/exception_handlers.o
                              0x29ae7 (size before relaxing)
 .debug_str     0x0005ab11       0x65 ./system/src/cmsis/system_stm32f4xx.o
                              0x262f1 (size before relaxing)
 .debug_str     0x0005ab76     0x5e5f ./system/src/FreeRTOS/cmsis_os.o
                               0xb514 (size before relaxing)
 .debug_str     0x000609d5      0x38c ./system/src/FreeRTOS/heap_2.o
                               0x81b0 (size before relaxing)
 .debug_str     0x00060d61      0x129 ./system/src/FreeRTOS/list.o
                               0x77ca (size before relaxing)
 .debug_str     0x00060e8a      0x7b4 ./system/src/FreeRTOS/port.o
                               0x714e (size before relaxing)
 .debug_str     0x0006163e      0x6b3 ./system/src/FreeRTOS/queue.o
                               0xa0d6 (size before relaxing)
 .debug_str     0x00061cf1      0xea5 ./system/src/FreeRTOS/tasks.o
                               0xa86a (size before relaxing)
 .debug_str     0x00062b96      0x1cd ./src/main.o
                              0x5c81a (size before relaxing)
 .debug_str     0x00062d63       0x1b ./src/stm32f4xx_hal_msp.o
                              0x561bc (size before relaxing)
 .debug_str     0x00062d7e       0x28 ./src/stm32f4xx_it.o
                              0x5a87e (size before relaxing)

.debug_loc      0x00000000     0x8a15
 *(.debug_loc)
 .debug_loc     0x00000000       0xb6 ./system/src/stm32f4xx/stm32f4xx_hal.o
 .debug_loc     0x000000b6      0x6ad ./system/src/stm32f4xx/stm32f4xx_hal_adc.o
 .debug_loc     0x00000763      0x501 ./system/src/stm32f4xx/stm32f4xx_hal_cortex.o
 .debug_loc     0x00000c64      0x373 ./system/src/stm32f4xx/stm32f4xx_hal_gpio.o
 .debug_loc     0x00000fd7     0x27f0 ./system/src/stm32f4xx/stm32f4xx_hal_i2c.o
 .debug_loc     0x000037c7      0x8db ./system/src/stm32f4xx/stm32f4xx_hal_rcc.o
 .debug_loc     0x000040a2      0xfcf ./system/src/stm32f4xx/stm32f4xx_hal_uart.o
 .debug_loc     0x00005071       0x6b ./system/src/newlib/_sbrk.o
 .debug_loc     0x000050dc      0x265 ./system/src/newlib/_startup.o
 .debug_loc     0x00005341       0x63 ./system/src/newlib/_syscalls.o
 .debug_loc     0x000053a4       0xf7 ./system/src/diag/Trace.o
 .debug_loc     0x0000549b       0x21 ./system/src/diag/trace_impl.o
 .debug_loc     0x000054bc      0x184 ./system/src/cortexm/exception_handlers.o
 .debug_loc     0x00005640      0x125 ./system/src/cmsis/system_stm32f4xx.o
 .debug_loc     0x00005765      0xbd7 ./system/src/FreeRTOS/cmsis_os.o
 .debug_loc     0x0000633c      0x1b0 ./system/src/FreeRTOS/heap_2.o
 .debug_loc     0x000064ec       0x65 ./system/src/FreeRTOS/list.o
 .debug_loc     0x00006551       0xa7 ./system/src/FreeRTOS/port.o
 .debug_loc     0x000065f8      0xbe5 ./system/src/FreeRTOS/queue.o
 .debug_loc     0x000071dd     0x1639 ./system/src/FreeRTOS/tasks.o
 .debug_loc     0x00008816      0x139 ./src/main.o
 .debug_loc     0x0000894f       0xc6 ./src/stm32f4xx_hal_msp.o

.debug_macinfo
 *(.debug_macinfo)

.debug_weaknames
 *(.debug_weaknames)

.debug_funcnames
 *(.debug_funcnames)

.debug_typenames
 *(.debug_typenames)

.debug_varnames
 *(.debug_varnames)
OUTPUT(Pendulum_Stand.elf elf32-littlearm)

.debug_ranges   0x00000000      0xce0
 .debug_ranges  0x00000000       0xb0 ./system/src/stm32f4xx/stm32f4xx_hal.o
 .debug_ranges  0x000000b0       0xd8 ./system/src/stm32f4xx/stm32f4xx_hal_adc.o
 .debug_ranges  0x00000188       0x80 ./system/src/stm32f4xx/stm32f4xx_hal_cortex.o
 .debug_ranges  0x00000208       0x48 ./system/src/stm32f4xx/stm32f4xx_hal_gpio.o
 .debug_ranges  0x00000250      0x1d8 ./system/src/stm32f4xx/stm32f4xx_hal_i2c.o
 .debug_ranges  0x00000428       0x78 ./system/src/stm32f4xx/stm32f4xx_hal_rcc.o
 .debug_ranges  0x000004a0      0x140 ./system/src/stm32f4xx/stm32f4xx_hal_uart.o
 .debug_ranges  0x000005e0       0x18 ./system/src/newlib/_exit.o
 .debug_ranges  0x000005f8       0x10 ./system/src/newlib/_sbrk.o
 .debug_ranges  0x00000608       0x48 ./system/src/newlib/_startup.o
 .debug_ranges  0x00000650       0x20 ./system/src/newlib/_syscalls.o
 .debug_ranges  0x00000670       0x28 ./system/src/diag/Trace.o
 .debug_ranges  0x00000698       0x18 ./system/src/diag/trace_impl.o
 .debug_ranges  0x000006b0       0x18 ./system/src/cortexm/_initialize_hardware.o
 .debug_ranges  0x000006c8       0x78 ./system/src/cortexm/exception_handlers.o
 .debug_ranges  0x00000740       0x20 ./system/src/cmsis/startup_stm32f411xe.o
 .debug_ranges  0x00000760       0x18 ./system/src/cmsis/system_stm32f4xx.o
 .debug_ranges  0x00000778      0x160 ./system/src/FreeRTOS/cmsis_os.o
 .debug_ranges  0x000008d8       0x30 ./system/src/FreeRTOS/heap_2.o
 .debug_ranges  0x00000908       0x30 ./system/src/FreeRTOS/list.o
 .debug_ranges  0x00000938       0x70 ./system/src/FreeRTOS/port.o
 .debug_ranges  0x000009a8       0xe8 ./system/src/FreeRTOS/queue.o
 .debug_ranges  0x00000a90      0x1b0 ./system/src/FreeRTOS/tasks.o
 .debug_ranges  0x00000c40       0x50 ./src/main.o
 .debug_ranges  0x00000c90       0x40 ./src/stm32f4xx_hal_msp.o
 .debug_ranges  0x00000cd0       0x10 ./src/stm32f4xx_it.o

.debug_macro    0x00000000    0x109cb
 .debug_macro   0x00000000      0x2a9 ./system/src/stm32f4xx/stm32f4xx_hal.o
 .debug_macro   0x000002a9      0x868 ./system/src/stm32f4xx/stm32f4xx_hal.o
 .debug_macro   0x00000b11      0x1ae ./system/src/stm32f4xx/stm32f4xx_hal.o
 .debug_macro   0x00000cbf       0x2e ./system/src/stm32f4xx/stm32f4xx_hal.o
 .debug_macro   0x00000ced       0x28 ./system/src/stm32f4xx/stm32f4xx_hal.o
 .debug_macro   0x00000d15       0x3b ./system/src/stm32f4xx/stm32f4xx_hal.o
 .debug_macro   0x00000d50      0x34e ./system/src/stm32f4xx/stm32f4xx_hal.o
 .debug_macro   0x0000109e       0x2d ./system/src/stm32f4xx/stm32f4xx_hal.o
 .debug_macro   0x000010cb       0x26 ./system/src/stm32f4xx/stm32f4xx_hal.o
 .debug_macro   0x000010f1      0xd39 ./system/src/stm32f4xx/stm32f4xx_hal.o
 .debug_macro   0x00001e2a     0x5084 ./system/src/stm32f4xx/stm32f4xx_hal.o
 .debug_macro   0x00006eae       0x43 ./system/src/stm32f4xx/stm32f4xx_hal.o
 .debug_macro   0x00006ef1     0x2bf9 ./system/src/stm32f4xx/stm32f4xx_hal.o
 .debug_macro   0x00009aea       0x58 ./system/src/stm32f4xx/stm32f4xx_hal.o
 .debug_macro   0x00009b42       0x16 ./system/src/stm32f4xx/stm32f4xx_hal.o
 .debug_macro   0x00009b58       0x35 ./system/src/stm32f4xx/stm32f4xx_hal.o
 .debug_macro   0x00009b8d       0xa3 ./system/src/stm32f4xx/stm32f4xx_hal.o
 .debug_macro   0x00009c30       0x16 ./system/src/stm32f4xx/stm32f4xx_hal.o
 .debug_macro   0x00009c46       0x97 ./system/src/stm32f4xx/stm32f4xx_hal.o
 .debug_macro   0x00009cdd       0x10 ./system/src/stm32f4xx/stm32f4xx_hal.o
 .debug_macro   0x00009ced       0xf6 ./system/src/stm32f4xx/stm32f4xx_hal.o
 .debug_macro   0x00009de3       0x4a ./system/src/stm32f4xx/stm32f4xx_hal.o
 .debug_macro   0x00009e2d       0x52 ./system/src/stm32f4xx/stm32f4xx_hal.o
 .debug_macro   0x00009e7f       0x16 ./system/src/stm32f4xx/stm32f4xx_hal.o
 .debug_macro   0x00009e95       0x43 ./system/src/stm32f4xx/stm32f4xx_hal.o
 .debug_macro   0x00009ed8      0x180 ./system/src/stm32f4xx/stm32f4xx_hal.o
 .debug_macro   0x0000a058       0x10 ./system/src/stm32f4xx/stm32f4xx_hal.o
 .debug_macro   0x0000a068       0x22 ./system/src/stm32f4xx/stm32f4xx_hal.o
 .debug_macro   0x0000a08a       0xbd ./system/src/stm32f4xx/stm32f4xx_hal.o
 .debug_macro   0x0000a147       0x16 ./system/src/stm32f4xx/stm32f4xx_hal.o
 .debug_macro   0x0000a15d      0x16c ./system/src/stm32f4xx/stm32f4xx_hal.o
 .debug_macro   0x0000a2c9       0x5e ./system/src/stm32f4xx/stm32f4xx_hal.o
 .debug_macro   0x0000a327       0xb2 ./system/src/stm32f4xx/stm32f4xx_hal.o
 .debug_macro   0x0000a3d9      0xbb0 ./system/src/stm32f4xx/stm32f4xx_hal.o
 .debug_macro   0x0000af89      0x11e ./system/src/stm32f4xx/stm32f4xx_hal.o
 .debug_macro   0x0000b0a7      0x11b ./system/src/stm32f4xx/stm32f4xx_hal.o
 .debug_macro   0x0000b1c2       0x27 ./system/src/stm32f4xx/stm32f4xx_hal.o
 .debug_macro   0x0000b1e9      0x272 ./system/src/stm32f4xx/stm32f4xx_hal.o
 .debug_macro   0x0000b45b       0x5f ./system/src/stm32f4xx/stm32f4xx_hal.o
 .debug_macro   0x0000b4ba       0x5d ./system/src/stm32f4xx/stm32f4xx_hal.o
 .debug_macro   0x0000b517      0x31a ./system/src/stm32f4xx/stm32f4xx_hal.o
 .debug_macro   0x0000b831      0x162 ./system/src/stm32f4xx/stm32f4xx_hal.o
 .debug_macro   0x0000b993       0xd6 ./system/src/stm32f4xx/stm32f4xx_hal.o
 .debug_macro   0x0000ba69      0x13a ./system/src/stm32f4xx/stm32f4xx_hal.o
 .debug_macro   0x0000bba3      0x264 ./system/src/stm32f4xx/stm32f4xx_hal.o
 .debug_macro   0x0000be07       0x2e ./system/src/stm32f4xx/stm32f4xx_hal.o
 .debug_macro   0x0000be35      0x17d ./system/src/stm32f4xx/stm32f4xx_hal.o
 .debug_macro   0x0000bfb2       0x22 ./system/src/stm32f4xx/stm32f4xx_hal.o
 .debug_macro   0x0000bfd4       0x9e ./system/src/stm32f4xx/stm32f4xx_hal.o
 .debug_macro   0x0000c072      0x12c ./system/src/stm32f4xx/stm32f4xx_hal.o
 .debug_macro   0x0000c19e       0x77 ./system/src/stm32f4xx/stm32f4xx_hal.o
 .debug_macro   0x0000c215       0x90 ./system/src/stm32f4xx/stm32f4xx_hal.o
 .debug_macro   0x0000c2a5      0x287 ./system/src/stm32f4xx/stm32f4xx_hal.o
 .debug_macro   0x0000c52c      0x11e ./system/src/stm32f4xx/stm32f4xx_hal.o
 .debug_macro   0x0000c64a      0x25c ./system/src/stm32f4xx/stm32f4xx_hal_adc.o
 .debug_macro   0x0000c8a6      0x25b ./system/src/stm32f4xx/stm32f4xx_hal_cortex.o
 .debug_macro   0x0000cb01      0x293 ./system/src/stm32f4xx/stm32f4xx_hal_gpio.o
 .debug_macro   0x0000cd94      0x271 ./system/src/stm32f4xx/stm32f4xx_hal_i2c.o
 .debug_macro   0x0000d005      0x285 ./system/src/stm32f4xx/stm32f4xx_hal_rcc.o
 .debug_macro   0x0000d28a      0x263 ./system/src/stm32f4xx/stm32f4xx_hal_uart.o
 .debug_macro   0x0000d4ed      0x11b ./system/src/newlib/_exit.o
 .debug_macro   0x0000d608      0x10e ./system/src/newlib/_exit.o
 .debug_macro   0x0000d716       0x86 ./system/src/newlib/_exit.o
 .debug_macro   0x0000d79c       0x10 ./system/src/newlib/_exit.o
 .debug_macro   0x0000d7ac       0x35 ./system/src/newlib/_exit.o
 .debug_macro   0x0000d7e1       0xd1 ./system/src/newlib/_sbrk.o
 .debug_macro   0x0000d8b2       0x19 ./system/src/newlib/_sbrk.o
 .debug_macro   0x0000d8cb      0x16d ./system/src/newlib/_sbrk.o
 .debug_macro   0x0000da38       0x10 ./system/src/newlib/_sbrk.o
 .debug_macro   0x0000da48      0x23b ./system/src/newlib/_sbrk.o
 .debug_macro   0x0000dc83       0xdb ./system/src/newlib/_startup.o
 .debug_macro   0x0000dd5e      0x169 ./system/src/newlib/_syscalls.o
 .debug_macro   0x0000dec7       0x1c ./system/src/newlib/_syscalls.o
 .debug_macro   0x0000dee3       0x10 ./system/src/newlib/_syscalls.o
 .debug_macro   0x0000def3       0x10 ./system/src/newlib/_syscalls.o
 .debug_macro   0x0000df03       0x10 ./system/src/newlib/_syscalls.o
 .debug_macro   0x0000df13       0x35 ./system/src/newlib/_syscalls.o
 .debug_macro   0x0000df48      0x120 ./system/src/newlib/_syscalls.o
 .debug_macro   0x0000e068       0x22 ./system/src/newlib/_syscalls.o
 .debug_macro   0x0000e08a       0x2b ./system/src/newlib/_syscalls.o
 .debug_macro   0x0000e0b5      0x118 ./system/src/newlib/_syscalls.o
 .debug_macro   0x0000e1cd      0x13a ./system/src/newlib/_syscalls.o
 .debug_macro   0x0000e307       0x16 ./system/src/newlib/_syscalls.o
 .debug_macro   0x0000e31d      0x15a ./system/src/diag/Trace.o
 .debug_macro   0x0000e477       0x52 ./system/src/diag/Trace.o
 .debug_macro   0x0000e4c9      0x283 ./system/src/diag/Trace.o
 .debug_macro   0x0000e74c       0x10 ./system/src/diag/Trace.o
 .debug_macro   0x0000e75c       0x1f ./system/src/diag/Trace.o
 .debug_macro   0x0000e77b      0x14b ./system/src/diag/trace_impl.o
 .debug_macro   0x0000e8c6       0x85 ./system/src/cortexm/_initialize_hardware.o
 .debug_macro   0x0000e94b      0x1af ./system/src/cortexm/exception_handlers.o
 .debug_macro   0x0000eafa       0x22 ./system/src/cortexm/exception_handlers.o
 .debug_macro   0x0000eb1c       0x8d ./system/src/cmsis/system_stm32f4xx.o
 .debug_macro   0x0000eba9      0x18c ./system/src/FreeRTOS/cmsis_os.o
 .debug_macro   0x0000ed35       0x16 ./system/src/FreeRTOS/cmsis_os.o
 .debug_macro   0x0000ed4b       0xd7 ./system/src/FreeRTOS/cmsis_os.o
 .debug_macro   0x0000ee22      0x15d ./system/src/FreeRTOS/cmsis_os.o
 .debug_macro   0x0000ef7f       0xe4 ./system/src/FreeRTOS/cmsis_os.o
 .debug_macro   0x0000f063       0x10 ./system/src/FreeRTOS/cmsis_os.o
 .debug_macro   0x0000f073       0x1f ./system/src/FreeRTOS/cmsis_os.o
 .debug_macro   0x0000f092      0x3e6 ./system/src/FreeRTOS/cmsis_os.o
 .debug_macro   0x0000f478       0xc0 ./system/src/FreeRTOS/cmsis_os.o
 .debug_macro   0x0000f538       0x9a ./system/src/FreeRTOS/cmsis_os.o
 .debug_macro   0x0000f5d2       0x97 ./system/src/FreeRTOS/cmsis_os.o
 .debug_macro   0x0000f669       0xb0 ./system/src/FreeRTOS/cmsis_os.o
 .debug_macro   0x0000f719       0x85 ./system/src/FreeRTOS/cmsis_os.o
 .debug_macro   0x0000f79e       0x11 ./system/src/FreeRTOS/cmsis_os.o
 .debug_macro   0x0000f7af       0xc1 ./system/src/FreeRTOS/cmsis_os.o
 .debug_macro   0x0000f870      0x16a ./system/src/FreeRTOS/heap_2.o
 .debug_macro   0x0000f9da      0x13c ./system/src/FreeRTOS/list.o
 .debug_macro   0x0000fb16      0x158 ./system/src/FreeRTOS/port.o
 .debug_macro   0x0000fc6e      0x1cc ./system/src/FreeRTOS/queue.o
 .debug_macro   0x0000fe3a      0x208 ./system/src/FreeRTOS/tasks.o
 .debug_macro   0x00010042       0x16 ./system/src/FreeRTOS/tasks.o
 .debug_macro   0x00010058      0x33d ./src/main.o
 .debug_macro   0x00010395       0xd7 ./src/main.o
 .debug_macro   0x0001046c      0x25b ./src/stm32f4xx_hal_msp.o
 .debug_macro   0x000106c7      0x304 ./src/stm32f4xx_it.o
